Archive member included to satisfy reference by file (symbol)

O:/programs/STMicroelectronics/STM32CubeIDE_1.13.1/STM32CubeIDE/plugins/com.st.stm32cube.ide.mcu.externaltools.gnu-tools-for-stm32.11.3.rel1.win32_1.1.0.202305231506/tools/bin/../lib/gcc/arm-none-eabi/11.3.1/../../../../arm-none-eabi/lib/thumb/v7e-m+fp/hard\libstdc++_nano.a(del_ops.o)
                              ./Core/Src/mainCpp.o (operator delete(void*, unsigned int))
O:/programs/STMicroelectronics/STM32CubeIDE_1.13.1/STM32CubeIDE/plugins/com.st.stm32cube.ide.mcu.externaltools.gnu-tools-for-stm32.11.3.rel1.win32_1.1.0.202305231506/tools/bin/../lib/gcc/arm-none-eabi/11.3.1/../../../../arm-none-eabi/lib/thumb/v7e-m+fp/hard\libstdc++_nano.a(new_op.o)
                              ./Core/Src/mainCpp.o (operator new(unsigned int))
O:/programs/STMicroelectronics/STM32CubeIDE_1.13.1/STM32CubeIDE/plugins/com.st.stm32cube.ide.mcu.externaltools.gnu-tools-for-stm32.11.3.rel1.win32_1.1.0.202305231506/tools/bin/../lib/gcc/arm-none-eabi/11.3.1/../../../../arm-none-eabi/lib/thumb/v7e-m+fp/hard\libstdc++_nano.a(functexcept.o)
                              ./Core/Src/mainCpp.o (std::__throw_bad_alloc())
O:/programs/STMicroelectronics/STM32CubeIDE_1.13.1/STM32CubeIDE/plugins/com.st.stm32cube.ide.mcu.externaltools.gnu-tools-for-stm32.11.3.rel1.win32_1.1.0.202305231506/tools/bin/../lib/gcc/arm-none-eabi/11.3.1/../../../../arm-none-eabi/lib/thumb/v7e-m+fp/hard\libstdc++_nano.a(snprintf_lite.o)
                              O:/programs/STMicroelectronics/STM32CubeIDE_1.13.1/STM32CubeIDE/plugins/com.st.stm32cube.ide.mcu.externaltools.gnu-tools-for-stm32.11.3.rel1.win32_1.1.0.202305231506/tools/bin/../lib/gcc/arm-none-eabi/11.3.1/../../../../arm-none-eabi/lib/thumb/v7e-m+fp/hard\libstdc++_nano.a(functexcept.o) (__gnu_cxx::__snprintf_lite(char*, unsigned int, char const*, std::__va_list))
O:/programs/STMicroelectronics/STM32CubeIDE_1.13.1/STM32CubeIDE/plugins/com.st.stm32cube.ide.mcu.externaltools.gnu-tools-for-stm32.11.3.rel1.win32_1.1.0.202305231506/tools/bin/../lib/gcc/arm-none-eabi/11.3.1/../../../../arm-none-eabi/lib/thumb/v7e-m+fp/hard\libstdc++_nano.a(del_op.o)
                              O:/programs/STMicroelectronics/STM32CubeIDE_1.13.1/STM32CubeIDE/plugins/com.st.stm32cube.ide.mcu.externaltools.gnu-tools-for-stm32.11.3.rel1.win32_1.1.0.202305231506/tools/bin/../lib/gcc/arm-none-eabi/11.3.1/../../../../arm-none-eabi/lib/thumb/v7e-m+fp/hard\libstdc++_nano.a(del_ops.o) (operator delete(void*))
O:/programs/STMicroelectronics/STM32CubeIDE_1.13.1/STM32CubeIDE/plugins/com.st.stm32cube.ide.mcu.externaltools.gnu-tools-for-stm32.11.3.rel1.win32_1.1.0.202305231506/tools/bin/../lib/gcc/arm-none-eabi/11.3.1/../../../../arm-none-eabi/lib/thumb/v7e-m+fp/hard\libstdc++_nano.a(new_handler.o)
                              O:/programs/STMicroelectronics/STM32CubeIDE_1.13.1/STM32CubeIDE/plugins/com.st.stm32cube.ide.mcu.externaltools.gnu-tools-for-stm32.11.3.rel1.win32_1.1.0.202305231506/tools/bin/../lib/gcc/arm-none-eabi/11.3.1/../../../../arm-none-eabi/lib/thumb/v7e-m+fp/hard\libstdc++_nano.a(new_op.o) (std::get_new_handler())
O:/programs/STMicroelectronics/STM32CubeIDE_1.13.1/STM32CubeIDE/plugins/com.st.stm32cube.ide.mcu.externaltools.gnu-tools-for-stm32.11.3.rel1.win32_1.1.0.202305231506/tools/bin/../lib/gcc/arm-none-eabi/11.3.1/../../../../arm-none-eabi/lib/thumb/v7e-m+fp/hard\libc_nano.a(libc_a-abort.o)
                              O:/programs/STMicroelectronics/STM32CubeIDE_1.13.1/STM32CubeIDE/plugins/com.st.stm32cube.ide.mcu.externaltools.gnu-tools-for-stm32.11.3.rel1.win32_1.1.0.202305231506/tools/bin/../lib/gcc/arm-none-eabi/11.3.1/../../../../arm-none-eabi/lib/thumb/v7e-m+fp/hard\libstdc++_nano.a(new_op.o) (abort)
O:/programs/STMicroelectronics/STM32CubeIDE_1.13.1/STM32CubeIDE/plugins/com.st.stm32cube.ide.mcu.externaltools.gnu-tools-for-stm32.11.3.rel1.win32_1.1.0.202305231506/tools/bin/../lib/gcc/arm-none-eabi/11.3.1/../../../../arm-none-eabi/lib/thumb/v7e-m+fp/hard\libc_nano.a(libc_a-exit.o)
                              O:/programs/STMicroelectronics/STM32CubeIDE_1.13.1/STM32CubeIDE/plugins/com.st.stm32cube.ide.mcu.externaltools.gnu-tools-for-stm32.11.3.rel1.win32_1.1.0.202305231506/tools/bin/../lib/gcc/arm-none-eabi/11.3.1/../../../../arm-none-eabi/lib/thumb/v7e-m+fp/hard/crt0.o (exit)
O:/programs/STMicroelectronics/STM32CubeIDE_1.13.1/STM32CubeIDE/plugins/com.st.stm32cube.ide.mcu.externaltools.gnu-tools-for-stm32.11.3.rel1.win32_1.1.0.202305231506/tools/bin/../lib/gcc/arm-none-eabi/11.3.1/../../../../arm-none-eabi/lib/thumb/v7e-m+fp/hard\libc_nano.a(libc_a-malloc.o)
                              O:/programs/STMicroelectronics/STM32CubeIDE_1.13.1/STM32CubeIDE/plugins/com.st.stm32cube.ide.mcu.externaltools.gnu-tools-for-stm32.11.3.rel1.win32_1.1.0.202305231506/tools/bin/../lib/gcc/arm-none-eabi/11.3.1/../../../../arm-none-eabi/lib/thumb/v7e-m+fp/hard\libstdc++_nano.a(new_op.o) (malloc)
[...]
Memory Configuration

Name             Origin             Length             Attributes
RAM              0x0000000020000000 0x0000000000018000 xrw
FLASH            0x0000000008000000 0x0000000000080000 xr
*default*        0x0000000000000000 0xffffffffffffffff

Linker script and memory map

LOAD O:/programs/STMicroelectronics/STM32CubeIDE_1.13.1/STM32CubeIDE/plugins/com.st.stm32cube.ide.mcu.externaltools.gnu-tools-for-stm32.11.3.rel1.win32_1.1.0.202305231506/tools/bin/../lib/gcc/arm-none-eabi/11.3.1/thumb/v7e-m+fp/hard/crti.o
LOAD O:/programs/STMicroelectronics/STM32CubeIDE_1.13.1/STM32CubeIDE/plugins/com.st.stm32cube.ide.mcu.externaltools.gnu-tools-for-stm32.11.3.rel1.win32_1.1.0.202305231506/tools/bin/../lib/gcc/arm-none-eabi/11.3.1/thumb/v7e-m+fp/hard/crtbegin.o
LOAD O:/programs/STMicroelectronics/STM32CubeIDE_1.13.1/STM32CubeIDE/plugins/com.st.stm32cube.ide.mcu.externaltools.gnu-tools-for-stm32.11.3.rel1.win32_1.1.0.202305231506/tools/bin/../lib/gcc/arm-none-eabi/11.3.1/../../../../arm-none-eabi/lib/thumb/v7e-m+fp/hard/crt0.o
LOAD ./Core/Src/gpio.o
LOAD ./Core/Src/main.o
LOAD ./Core/Src/mainCpp.o
LOAD ./Core/Src/stm32f4xx_hal_msp.o
LOAD ./Core/Src/stm32f4xx_it.o
LOAD ./Core/Src/syscalls.o
LOAD ./Core/Src/sysmem.o
LOAD ./Core/Src/system_stm32f4xx.o
LOAD ./Core/Startup/startup_stm32f401retx.o
LOAD ./Drivers/STM32F4xx_HAL_Driver/Src/stm32f4xx_hal.o
LOAD ./Drivers/STM32F4xx_HAL_Driver/Src/stm32f4xx_hal_cortex.o
LOAD ./Drivers/STM32F4xx_HAL_Driver/Src/stm32f4xx_hal_dma.o
LOAD ./Drivers/STM32F4xx_HAL_Driver/Src/stm32f4xx_hal_dma_ex.o
LOAD ./Drivers/STM32F4xx_HAL_Driver/Src/stm32f4xx_hal_exti.o
LOAD ./Drivers/STM32F4xx_HAL_Driver/Src/stm32f4xx_hal_flash.o
LOAD ./Drivers/STM32F4xx_HAL_Driver/Src/stm32f4xx_hal_flash_ex.o
LOAD ./Drivers/STM32F4xx_HAL_Driver/Src/stm32f4xx_hal_flash_ramfunc.o
LOAD ./Drivers/STM32F4xx_HAL_Driver/Src/stm32f4xx_hal_gpio.o
LOAD ./Drivers/STM32F4xx_HAL_Driver/Src/stm32f4xx_hal_pwr.o
LOAD ./Drivers/STM32F4xx_HAL_Driver/Src/stm32f4xx_hal_pwr_ex.o
LOAD ./Drivers/STM32F4xx_HAL_Driver/Src/stm32f4xx_hal_rcc.o
LOAD ./Drivers/STM32F4xx_HAL_Driver/Src/stm32f4xx_hal_rcc_ex.o
LOAD ./Drivers/STM32F4xx_HAL_Driver/Src/stm32f4xx_hal_tim.o
LOAD ./Drivers/STM32F4xx_HAL_Driver/Src/stm32f4xx_hal_tim_ex.o
START GROUP
LOAD O:/programs/STMicroelectronics/STM32CubeIDE_1.13.1/STM32CubeIDE/plugins/com.st.stm32cube.ide.mcu.externaltools.gnu-tools-for-stm32.11.3.rel1.win32_1.1.0.202305231506/tools/bin/../lib/gcc/arm-none-eabi/11.3.1/../../../../arm-none-eabi/lib/thumb/v7e-m+fp/hard\libstdc++_nano.a
LOAD O:/programs/STMicroelectronics/STM32CubeIDE_1.13.1/STM32CubeIDE/plugins/com.st.stm32cube.ide.mcu.externaltools.gnu-tools-for-stm32.11.3.rel1.win32_1.1.0.202305231506/tools/bin/../lib/gcc/arm-none-eabi/11.3.1/../../../../arm-none-eabi/lib/thumb/v7e-m+fp/hard\libsupc++_nano.a
END GROUP
LOAD O:/programs/STMicroelectronics/STM32CubeIDE_1.13.1/STM32CubeIDE/plugins/com.st.stm32cube.ide.mcu.externaltools.gnu-tools-for-stm32.11.3.rel1.win32_1.1.0.202305231506/tools/bin/../lib/gcc/arm-none-eabi/11.3.1/../../../../arm-none-eabi/lib/thumb/v7e-m+fp/hard\libstdc++_nano.a
LOAD O:/programs/STMicroelectronics/STM32CubeIDE_1.13.1/STM32CubeIDE/plugins/com.st.stm32cube.ide.mcu.externaltools.gnu-tools-for-stm32.11.3.rel1.win32_1.1.0.202305231506/tools/bin/../lib/gcc/arm-none-eabi/11.3.1/../../../../arm-none-eabi/lib/thumb/v7e-m+fp/hard\libm.a
LOAD O:/programs/STMicroelectronics/STM32CubeIDE_1.13.1/STM32CubeIDE/plugins/com.st.stm32cube.ide.mcu.externaltools.gnu-tools-for-stm32.11.3.rel1.win32_1.1.0.202305231506/tools/bin/../lib/gcc/arm-none-eabi/11.3.1/../../../../arm-none-eabi/lib/thumb/v7e-m+fp/hard\libc_nano.a
START GROUP
LOAD O:/programs/STMicroelectronics/STM32CubeIDE_1.13.1/STM32CubeIDE/plugins/com.st.stm32cube.ide.mcu.externaltools.gnu-tools-for-stm32.11.3.rel1.win32_1.1.0.202305231506/tools/bin/../lib/gcc/arm-none-eabi/11.3.1/thumb/v7e-m+fp/hard\libgcc.a
LOAD O:/programs/STMicroelectronics/STM32CubeIDE_1.13.1/STM32CubeIDE/plugins/com.st.stm32cube.ide.mcu.externaltools.gnu-tools-for-stm32.11.3.rel1.win32_1.1.0.202305231506/tools/bin/../lib/gcc/arm-none-eabi/11.3.1/../../../../arm-none-eabi/lib/thumb/v7e-m+fp/hard\libc_nano.a
END GROUP
START GROUP
LOAD O:/programs/STMicroelectronics/STM32CubeIDE_1.13.1/STM32CubeIDE/plugins/com.st.stm32cube.ide.mcu.externaltools.gnu-tools-for-stm32.11.3.rel1.win32_1.1.0.202305231506/tools/bin/../lib/gcc/arm-none-eabi/11.3.1/thumb/v7e-m+fp/hard\libgcc.a
LOAD O:/programs/STMicroelectronics/STM32CubeIDE_1.13.1/STM32CubeIDE/plugins/com.st.stm32cube.ide.mcu.externaltools.gnu-tools-for-stm32.11.3.rel1.win32_1.1.0.202305231506/tools/bin/../lib/gcc/arm-none-eabi/11.3.1/../../../../arm-none-eabi/lib/thumb/v7e-m+fp/hard\libc_nano.a
LOAD O:/programs/STMicroelectronics/STM32CubeIDE_1.13.1/STM32CubeIDE/plugins/com.st.stm32cube.ide.mcu.externaltools.gnu-tools-for-stm32.11.3.rel1.win32_1.1.0.202305231506/tools/bin/../lib/gcc/arm-none-eabi/11.3.1/../../../../arm-none-eabi/lib/thumb/v7e-m+fp/hard\libnosys.a
END GROUP
START GROUP
LOAD O:/programs/STMicroelectronics/STM32CubeIDE_1.13.1/STM32CubeIDE/plugins/com.st.stm32cube.ide.mcu.externaltools.gnu-tools-for-stm32.11.3.rel1.win32_1.1.0.202305231506/tools/bin/../lib/gcc/arm-none-eabi/11.3.1/thumb/v7e-m+fp/hard\libgcc.a
LOAD O:/programs/STMicroelectronics/STM32CubeIDE_1.13.1/STM32CubeIDE/plugins/com.st.stm32cube.ide.mcu.externaltools.gnu-tools-for-stm32.11.3.rel1.win32_1.1.0.202305231506/tools/bin/../lib/gcc/arm-none-eabi/11.3.1/../../../../arm-none-eabi/lib/thumb/v7e-m+fp/hard\libc_nano.a
LOAD O:/programs/STMicroelectronics/STM32CubeIDE_1.13.1/STM32CubeIDE/plugins/com.st.stm32cube.ide.mcu.externaltools.gnu-tools-for-stm32.11.3.rel1.win32_1.1.0.202305231506/tools/bin/../lib/gcc/arm-none-eabi/11.3.1/../../../../arm-none-eabi/lib/thumb/v7e-m+fp/hard\libnosys.a
END GROUP
LOAD O:/programs/STMicroelectronics/STM32CubeIDE_1.13.1/STM32CubeIDE/plugins/com.st.stm32cube.ide.mcu.externaltools.gnu-tools-for-stm32.11.3.rel1.win32_1.1.0.202305231506/tools/bin/../lib/gcc/arm-none-eabi/11.3.1/thumb/v7e-m+fp/hard/crtend.o
LOAD O:/programs/STMicroelectronics/STM32CubeIDE_1.13.1/STM32CubeIDE/plugins/com.st.stm32cube.ide.mcu.externaltools.gnu-tools-for-stm32.11.3.rel1.win32_1.1.0.202305231506/tools/bin/../lib/gcc/arm-none-eabi/11.3.1/thumb/v7e-m+fp/hard/crtn.o
                0x0000000020018000                _estack = (ORIGIN (RAM) + LENGTH (RAM))
                0x0000000000000200                _Min_Heap_Size = 0x200
                0x0000000000000400                _Min_Stack_Size = 0x400

.isr_vector     0x0000000008000000      0x194
                0x0000000008000000                . = ALIGN (0x4)
 *(.isr_vector)
 .isr_vector    0x0000000008000000      0x194 ./Core/Startup/startup_stm32f401retx.o
                0x0000000008000000                g_pfnVectors
                0x0000000008000194                . = ALIGN (0x4)

.text           0x0000000008000194     0x1f74
                0x0000000008000194                . = ALIGN (0x4)
 *(.text)
 .text          0x0000000008000194       0x40 O:/programs/STMicroelectronics/STM32CubeIDE_1.13.1/STM32CubeIDE/plugins/com.st.stm32cube.ide.mcu.externaltools.gnu-tools-for-stm32.11.3.rel1.win32_1.1.0.202305231506/tools/bin/../lib/gcc/arm-none-eabi/11.3.1/thumb/v7e-m+fp/hard/crtbegin.o
 .text          0x00000000080001d4       0x30 O:/programs/STMicroelectronics/STM32CubeIDE_1.13.1/STM32CubeIDE/plugins/com.st.stm32cube.ide.mcu.externaltools.gnu-tools-for-stm32.11.3.rel1.win32_1.1.0.202305231506/tools/bin/../lib/gcc/arm-none-eabi/11.3.1/thumb/v7e-m+fp/hard\libgcc.a(_aeabi_uldivmod.o)
                0x00000000080001d4                __aeabi_uldivmod
 .text          0x0000000008000204      0x2c8 O:/programs/STMicroelectronics/STM32CubeIDE_1.13.1/STM32CubeIDE/plugins/com.st.stm32cube.ide.mcu.externaltools.gnu-tools-for-stm32.11.3.rel1.win32_1.1.0.202305231506/tools/bin/../lib/gcc/arm-none-eabi/11.3.1/thumb/v7e-m+fp/hard\libgcc.a(_udivmoddi4.o)
                0x0000000008000204                __udivmoddi4
 .text          0x00000000080004cc        0x4 O:/programs/STMicroelectronics/STM32CubeIDE_1.13.1/STM32CubeIDE/plugins/com.st.stm32cube.ide.mcu.externaltools.gnu-tools-for-stm32.11.3.rel1.win32_1.1.0.202305231506/tools/bin/../lib/gcc/arm-none-eabi/11.3.1/thumb/v7e-m+fp/hard\libgcc.a(_dvmd_tls.o)
                0x00000000080004cc                __aeabi_idiv0
                0x00000000080004cc                __aeabi_ldiv0
 *(.text*)
 .text.MX_GPIO_Init
                0x00000000080004d0       0x34 ./Core/Src/gpio.o
                0x00000000080004d0                MX_GPIO_Init
 .text.main     0x0000000008000504       0x16 ./Core/Src/main.o
                0x0000000008000504                main
 *fill*         0x000000000800051a        0x2 
 .text.SystemClock_Config
                0x000000000800051c       0xd4 ./Core/Src/main.o
                0x000000000800051c                SystemClock_Config
 .text.Error_Handler
                0x00000000080005f0        0xa ./Core/Src/main.o
                0x00000000080005f0                Error_Handler
 .text._ZnwjPv  0x00000000080005fa       0x18 ./Core/Src/mainCpp.o
                0x00000000080005fa                operator new(unsigned int, void*)
 .text._ZSt3minIjERKT_S2_S2_
                0x0000000008000612       0x28 ./Core/Src/mainCpp.o
                0x0000000008000612                unsigned int const& std::min<unsigned int>(unsigned int const&, unsigned int const&)
 .text.mainCpp_call
                0x000000000800063a        0xc ./Core/Src/mainCpp.o
                0x000000000800063a                mainCpp_call
 .text._ZNSt12_Vector_baseIiSaIiEEC2Ev
                0x0000000008000646       0x1a ./Core/Src/mainCpp.o
                0x0000000008000646                std::_Vector_base<int, std::allocator<int> >::_Vector_base()
                0x0000000008000646                std::_Vector_base<int, std::allocator<int> >::_Vector_base()
 .text._ZNSt6vectorIiSaIiEEC2Ev
                0x0000000008000660       0x1a ./Core/Src/mainCpp.o
                0x0000000008000660                std::vector<int, std::allocator<int> >::vector()
                0x0000000008000660                std::vector<int, std::allocator<int> >::vector()
 .text._ZN4testC2Ev
                0x000000000800067a       0x1c ./Core/Src/mainCpp.o
                0x000000000800067a                test::test()
                0x000000000800067a                test::test()
 .text._Z7mainCppv
                0x0000000008000696       0x26 ./Core/Src/mainCpp.o
                0x0000000008000696                mainCpp()
 .text._ZSt3maxIjERKT_S2_S2_
                0x00000000080006bc       0x28 ./Core/Src/mainCpp.o
                0x00000000080006bc                unsigned int const& std::max<unsigned int>(unsigned int const&, unsigned int const&)
 .text._ZSt7forwardIiEOT_RNSt16remove_referenceIS0_E4typeE
                0x00000000080006e4       0x16 ./Core/Src/mainCpp.o
                0x00000000080006e4                int&& std::forward<int>(std::remove_reference<int>::type&)
 .text._ZNSt12_Vector_baseIiSaIiEE12_Vector_implC2Ev
                0x00000000080006fa       0x20 ./Core/Src/mainCpp.o
                0x00000000080006fa                std::_Vector_base<int, std::allocator<int> >::_Vector_impl::_Vector_impl()
                0x00000000080006fa                std::_Vector_base<int, std::allocator<int> >::_Vector_impl::_Vector_impl()
 .text._ZNSt6vectorIiSaIiEE9push_backEOi
                0x000000000800071a       0x22 ./Core/Src/mainCpp.o
                0x000000000800071a                std::vector<int, std::allocator<int> >::push_back(int&&)
 .text._ZNSaIiEC2Ev
                0x000000000800073c       0x18 ./Core/Src/mainCpp.o
                0x000000000800073c                std::allocator<int>::allocator()
                0x000000000800073c                std::allocator<int>::allocator()
 .text._ZNSt12_Vector_baseIiSaIiEE17_Vector_impl_dataC2Ev
                0x0000000008000754       0x28 ./Core/Src/mainCpp.o
                0x0000000008000754                std::_Vector_base<int, std::allocator<int> >::_Vector_impl_data::_Vector_impl_data()
                0x0000000008000754                std::_Vector_base<int, std::allocator<int> >::_Vector_impl_data::_Vector_impl_data()
 .text._ZNSt12_Vector_baseIiSaIiEE13_M_deallocateEPij
                0x000000000800077c       0x26 ./Core/Src/mainCpp.o
                0x000000000800077c                std::_Vector_base<int, std::allocator<int> >::_M_deallocate(int*, unsigned int)
 .text._ZNSt12_Vector_baseIiSaIiEE19_M_get_Tp_allocatorEv
                0x00000000080007a2       0x16 ./Core/Src/mainCpp.o
                0x00000000080007a2                std::_Vector_base<int, std::allocator<int> >::_M_get_Tp_allocator()
 .text._ZSt8_DestroyIPiiEvT_S1_RSaIT0_E
                0x00000000080007b8       0x1c ./Core/Src/mainCpp.o
                0x00000000080007b8                void std::_Destroy<int*, int>(int*, int*, std::allocator<int>&)
 .text._ZSt4moveIRiEONSt16remove_referenceIT_E4typeEOS2_
                0x00000000080007d4       0x16 ./Core/Src/mainCpp.o
                0x00000000080007d4                std::remove_reference<int&>::type&& std::move<int&>(int&)
 .text._ZNSt6vectorIiSaIiEE12emplace_backIJiEEEvDpOT_
                0x00000000080007ea       0x5c ./Core/Src/mainCpp.o
                0x00000000080007ea                void std::vector<int, std::allocator<int> >::emplace_back<int>(int&&)
 .text._ZN9__gnu_cxx13new_allocatorIiEC2Ev
                0x0000000008000846       0x16 ./Core/Src/mainCpp.o
                0x0000000008000846                __gnu_cxx::new_allocator<int>::new_allocator()
                0x0000000008000846                __gnu_cxx::new_allocator<int>::new_allocator()
 .text._ZNSt16allocator_traitsISaIiEE10deallocateERS0_Pij
                0x000000000800085c       0x1e ./Core/Src/mainCpp.o
                0x000000000800085c                std::allocator_traits<std::allocator<int> >::deallocate(std::allocator<int>&, int*, unsigned int)
 .text._ZSt8_DestroyIPiEvT_S1_
                0x000000000800087a       0x1a ./Core/Src/mainCpp.o
                0x000000000800087a                void std::_Destroy<int*>(int*, int*)
 .text._ZNSt16allocator_traitsISaIiEE9constructIiJiEEEvRS0_PT_DpOT0_
                0x0000000008000894       0x26 ./Core/Src/mainCpp.o
                0x0000000008000894                void std::allocator_traits<std::allocator<int> >::construct<int, int>(std::allocator<int>&, int*, int&&)
 .text._ZNSt6vectorIiSaIiEE3endEv
                0x00000000080008ba       0x22 ./Core/Src/mainCpp.o
                0x00000000080008ba                std::vector<int, std::allocator<int> >::end()
 .text._ZNSt6vectorIiSaIiEE15_S_use_relocateEv
                0x00000000080008dc       0x16 ./Core/Src/mainCpp.o
                0x00000000080008dc                std::vector<int, std::allocator<int> >::_S_use_relocate()
 .text._ZNSt6vectorIiSaIiEE19_S_nothrow_relocateESt17integral_constantIbLb1EE
                0x00000000080008f2       0x16 ./Core/Src/mainCpp.o
                0x00000000080008f2                std::vector<int, std::allocator<int> >::_S_nothrow_relocate(std::integral_constant<bool, true>)
 .text._ZNSt6vectorIiSaIiEE17_M_realloc_insertIJiEEEvN9__gnu_cxx17__normal_iteratorIPiS1_EEDpOT_
                0x0000000008000908      0x178 ./Core/Src/mainCpp.o
                0x0000000008000908                void std::vector<int, std::allocator<int> >::_M_realloc_insert<int>(__gnu_cxx::__normal_iterator<int*, std::vector<int, std::allocator<int> > >, int&&)
 .text._ZN9__gnu_cxx13new_allocatorIiE10deallocateEPij
                0x0000000008000a80       0x20 ./Core/Src/mainCpp.o
                0x0000000008000a80                __gnu_cxx::new_allocator<int>::deallocate(int*, unsigned int)
 .text._ZNSt12_Destroy_auxILb1EE9__destroyIPiEEvT_S3_
                0x0000000008000aa0       0x16 ./Core/Src/mainCpp.o
                0x0000000008000aa0                void std::_Destroy_aux<true>::__destroy<int*>(int*, int*)
 .text._ZN9__gnu_cxx13new_allocatorIiE9constructIiJiEEEvPT_DpOT0_
                0x0000000008000ab6       0x2c ./Core/Src/mainCpp.o
                0x0000000008000ab6                void __gnu_cxx::new_allocator<int>::construct<int, int>(int*, int&&)
 .text._ZN9__gnu_cxx17__normal_iteratorIPiSt6vectorIiSaIiEEEC2ERKS1_
                0x0000000008000ae2       0x20 ./Core/Src/mainCpp.o
                0x0000000008000ae2                __gnu_cxx::__normal_iterator<int*, std::vector<int, std::allocator<int> > >::__normal_iterator(int* const&)
                0x0000000008000ae2                __gnu_cxx::__normal_iterator<int*, std::vector<int, std::allocator<int> > >::__normal_iterator(int* const&)
 .text._ZNKSt6vectorIiSaIiEE12_M_check_lenEjPKc
                0x0000000008000b02       0x8e ./Core/Src/mainCpp.o
                0x0000000008000b02                std::vector<int, std::allocator<int> >::_M_check_len(unsigned int, char const*) const
 .text._ZNSt6vectorIiSaIiEE5beginEv
                0x0000000008000b90       0x20 ./Core/Src/mainCpp.o
                0x0000000008000b90                std::vector<int, std::allocator<int> >::begin()
 .text._ZN9__gnu_cxxmiIPiSt6vectorIiSaIiEEEENS_17__normal_iteratorIT_T0_E15difference_typeERKS8_SB_
                0x0000000008000bb0       0x2a ./Core/Src/mainCpp.o
                0x0000000008000bb0                __gnu_cxx::__normal_iterator<int*, std::vector<int, std::allocator<int> > >::difference_type __gnu_cxx::operator-<int*, std::vector<int, std::allocator<int> > >(__gnu_cxx::__normal_iterator<int*, std::vector<int, std::allocator<int> > > const&, __gnu_cxx::__normal_iterator<int*, std::vector<int, std::allocator<int> > > const&)
 .text._ZNSt12_Vector_baseIiSaIiEE11_M_allocateEj
                0x0000000008000bda       0x28 ./Core/Src/mainCpp.o
                0x0000000008000bda                std::_Vector_base<int, std::allocator<int> >::_M_allocate(unsigned int)
 .text._ZNSt6vectorIiSaIiEE11_S_relocateEPiS2_S2_RS0_
                0x0000000008000c02       0x28 ./Core/Src/mainCpp.o
                0x0000000008000c02                std::vector<int, std::allocator<int> >::_S_relocate(int*, int*, int*, std::allocator<int>&)
 .text._ZNK9__gnu_cxx17__normal_iteratorIPiSt6vectorIiSaIiEEE4baseEv
                0x0000000008000c2a       0x16 ./Core/Src/mainCpp.o
                0x0000000008000c2a                __gnu_cxx::__normal_iterator<int*, std::vector<int, std::allocator<int> > >::base() const
 .text._ZSt34__uninitialized_move_if_noexcept_aIPiS0_SaIiEET0_T_S3_S2_RT1_
                0x0000000008000c40       0x32 ./Core/Src/mainCpp.o
                0x0000000008000c40                int* std::__uninitialized_move_if_noexcept_a<int*, int*, std::allocator<int> >(int*, int*, int*, std::allocator<int>&)
 .text._ZNKSt6vectorIiSaIiEE8max_sizeEv
                0x0000000008000c72       0x22 ./Core/Src/mainCpp.o
                0x0000000008000c72                std::vector<int, std::allocator<int> >::max_size() const
 .text._ZNKSt6vectorIiSaIiEE4sizeEv
                0x0000000008000c94       0x20 ./Core/Src/mainCpp.o
                0x0000000008000c94                std::vector<int, std::allocator<int> >::size() const
 .text._ZNSt16allocator_traitsISaIiEE8allocateERS0_j
                0x0000000008000cb4       0x1e ./Core/Src/mainCpp.o
                0x0000000008000cb4                std::allocator_traits<std::allocator<int> >::allocate(std::allocator<int>&, unsigned int)
 .text._ZNSt6vectorIiSaIiEE14_S_do_relocateEPiS2_S2_RS0_St17integral_constantIbLb1EE
                0x0000000008000cd2       0x24 ./Core/Src/mainCpp.o
                0x0000000008000cd2                std::vector<int, std::allocator<int> >::_S_do_relocate(int*, int*, int*, std::allocator<int>&, std::integral_constant<bool, true>)
 .text._ZSt32__make_move_if_noexcept_iteratorIiSt13move_iteratorIPiEET0_PT_
                0x0000000008000cf6       0x1e ./Core/Src/mainCpp.o
                0x0000000008000cf6                std::move_iterator<int*> std::__make_move_if_noexcept_iterator<int, std::move_iterator<int*> >(int*)
 .text._ZSt22__uninitialized_copy_aISt13move_iteratorIPiES1_iET0_T_S4_S3_RSaIT1_E
                0x0000000008000d14       0x22 ./Core/Src/mainCpp.o
                0x0000000008000d14                int* std::__uninitialized_copy_a<std::move_iterator<int*>, int*, int>(std::move_iterator<int*>, std::move_iterator<int*>, int*, std::allocator<int>&)
 .text._ZNSt6vectorIiSaIiEE11_S_max_sizeERKS0_
                0x0000000008000d36       0x34 ./Core/Src/mainCpp.o
                0x0000000008000d36                std::vector<int, std::allocator<int> >::_S_max_size(std::allocator<int> const&)
 .text._ZNKSt12_Vector_baseIiSaIiEE19_M_get_Tp_allocatorEv
                0x0000000008000d6a       0x16 ./Core/Src/mainCpp.o
                0x0000000008000d6a                std::_Vector_base<int, std::allocator<int> >::_M_get_Tp_allocator() const
 .text._ZNK9__gnu_cxx13new_allocatorIiE11_M_max_sizeEv
                0x0000000008000d80       0x18 ./Core/Src/mainCpp.o
                0x0000000008000d80                __gnu_cxx::new_allocator<int>::_M_max_size() const
 .text._ZN9__gnu_cxx13new_allocatorIiE8allocateEjPKv
                0x0000000008000d98       0x52 ./Core/Src/mainCpp.o
                0x0000000008000d98                __gnu_cxx::new_allocator<int>::allocate(unsigned int, void const*)
 .text._ZSt12__relocate_aIPiS0_SaIiEET0_T_S3_S2_RT1_
                0x0000000008000dea       0x3a ./Core/Src/mainCpp.o
                0x0000000008000dea                int* std::__relocate_a<int*, int*, std::allocator<int> >(int*, int*, int*, std::allocator<int>&)
 .text._ZNSt13move_iteratorIPiEC2ES0_
                0x0000000008000e24       0x24 ./Core/Src/mainCpp.o
                0x0000000008000e24                std::move_iterator<int*>::move_iterator(int*)
                0x0000000008000e24                std::move_iterator<int*>::move_iterator(int*)
 .text._ZSt18uninitialized_copyISt13move_iteratorIPiES1_ET0_T_S4_S3_
                0x0000000008000e48       0x24 ./Core/Src/mainCpp.o
                0x0000000008000e48                int* std::uninitialized_copy<std::move_iterator<int*>, int*>(std::move_iterator<int*>, std::move_iterator<int*>, int*)
 .text._ZNSt16allocator_traitsISaIiEE8max_sizeERKS0_
                0x0000000008000e6c       0x18 ./Core/Src/mainCpp.o
                0x0000000008000e6c                std::allocator_traits<std::allocator<int> >::max_size(std::allocator<int> const&)
 .text._ZSt12__niter_baseIPiET_S1_
                0x0000000008000e84       0x16 ./Core/Src/mainCpp.o
                0x0000000008000e84                int* std::__niter_base<int*>(int*)
 .text._ZSt14__relocate_a_1IiiENSt9enable_ifIXsrSt24__is_bitwise_relocatableIT_vE5valueEPS2_E4typeES4_S4_S4_RSaIT0_E
                0x0000000008000e9a       0x3c ./Core/Src/mainCpp.o
                0x0000000008000e9a                std::enable_if<std::__is_bitwise_relocatable<int, void>::value, int*>::type std::__relocate_a_1<int, int>(int*, int*, int*, std::allocator<int>&)
 .text._ZSt4moveIRPiEONSt16remove_referenceIT_E4typeEOS3_
                0x0000000008000ed6       0x16 ./Core/Src/mainCpp.o
                0x0000000008000ed6                std::remove_reference<int*&>::type&& std::move<int*&>(int*&)
 .text._ZNSt20__uninitialized_copyILb1EE13__uninit_copyISt13move_iteratorIPiES3_EET0_T_S6_S5_
                0x0000000008000eec       0x20 ./Core/Src/mainCpp.o
                0x0000000008000eec                int* std::__uninitialized_copy<true>::__uninit_copy<std::move_iterator<int*>, int*>(std::move_iterator<int*>, std::move_iterator<int*>, int*)
 .text._ZNK9__gnu_cxx13new_allocatorIiE8max_sizeEv
                0x0000000008000f0c       0x18 ./Core/Src/mainCpp.o
                0x0000000008000f0c                __gnu_cxx::new_allocator<int>::max_size() const
 .text._ZSt4copyISt13move_iteratorIPiES1_ET0_T_S4_S3_
                0x0000000008000f24       0x30 ./Core/Src/mainCpp.o
                0x0000000008000f24                int* std::copy<std::move_iterator<int*>, int*>(std::move_iterator<int*>, std::move_iterator<int*>, int*)
 .text._ZSt12__miter_baseIPiEDTcl12__miter_basecldtfp_4baseEEESt13move_iteratorIT_E
                0x0000000008000f54       0x22 ./Core/Src/mainCpp.o
                0x0000000008000f54                decltype (__miter_base(({parm#1}.base)())) std::__miter_base<int*>(std::move_iterator<int*>)
 .text._ZSt13__copy_move_aILb1EPiS0_ET1_T0_S2_S1_
                0x0000000008000f76       0x46 ./Core/Src/mainCpp.o
                0x0000000008000f76                int* std::__copy_move_a<true, int*, int*>(int*, int*, int*)
 .text._ZNKSt13move_iteratorIPiE4baseEv
                0x0000000008000fbc       0x18 ./Core/Src/mainCpp.o
                0x0000000008000fbc                std::move_iterator<int*>::base() const
 .text._ZSt12__miter_baseIPiET_S1_
                0x0000000008000fd4       0x16 ./Core/Src/mainCpp.o
                0x0000000008000fd4                int* std::__miter_base<int*>(int*)
 .text._ZSt14__copy_move_a1ILb1EPiS0_ET1_T0_S2_S1_
                0x0000000008000fea       0x20 ./Core/Src/mainCpp.o
                0x0000000008000fea                int* std::__copy_move_a1<true, int*, int*>(int*, int*, int*)
 .text._ZSt12__niter_wrapIPiET_RKS1_S1_
                0x000000000800100a       0x18 ./Core/Src/mainCpp.o
                0x000000000800100a                int* std::__niter_wrap<int*>(int* const&, int*)
 .text._ZSt14__copy_move_a2ILb1EPiS0_ET1_T0_S2_S1_
                0x0000000008001022       0x20 ./Core/Src/mainCpp.o
                0x0000000008001022                int* std::__copy_move_a2<true, int*, int*>(int*, int*, int*)
 .text._ZNSt11__copy_moveILb1ELb1ESt26random_access_iterator_tagE8__copy_mIiEEPT_PKS3_S6_S4_
                0x0000000008001042       0x3a ./Core/Src/mainCpp.o
                0x0000000008001042                int* std::__copy_move<true, true, std::random_access_iterator_tag>::__copy_m<int>(int const*, int const*, int*)
 .text.HAL_MspInit
                0x000000000800107c       0x50 ./Core/Src/stm32f4xx_hal_msp.o
                0x000000000800107c                HAL_MspInit
 .text.NMI_Handler
                0x00000000080010cc        0x6 ./Core/Src/stm32f4xx_it.o
                0x00000000080010cc                NMI_Handler
 .text.HardFault_Handler
                0x00000000080010d2        0x6 ./Core/Src/stm32f4xx_it.o
                0x00000000080010d2                HardFault_Handler
 .text.MemManage_Handler
                0x00000000080010d8        0x6 ./Core/Src/stm32f4xx_it.o
                0x00000000080010d8                MemManage_Handler
 .text.BusFault_Handler
                0x00000000080010de        0x6 ./Core/Src/stm32f4xx_it.o
                0x00000000080010de                BusFault_Handler
 .text.UsageFault_Handler
                0x00000000080010e4        0x6 ./Core/Src/stm32f4xx_it.o
                0x00000000080010e4                UsageFault_Handler
 .text.SVC_Handler
                0x00000000080010ea        0xe ./Core/Src/stm32f4xx_it.o
                0x00000000080010ea                SVC_Handler
 .text.DebugMon_Handler
                0x00000000080010f8        0xe ./Core/Src/stm32f4xx_it.o
                0x00000000080010f8                DebugMon_Handler
 .text.PendSV_Handler
                0x0000000008001106        0xe ./Core/Src/stm32f4xx_it.o
                0x0000000008001106                PendSV_Handler
 .text.SysTick_Handler
                0x0000000008001114        0xc ./Core/Src/stm32f4xx_it.o
                0x0000000008001114                SysTick_Handler
 .text._getpid  0x0000000008001120       0x10 ./Core/Src/syscalls.o
                0x0000000008001120                _getpid
 .text._kill    0x0000000008001130       0x20 ./Core/Src/syscalls.o
                0x0000000008001130                _kill
 .text._exit    0x0000000008001150       0x14 ./Core/Src/syscalls.o
                0x0000000008001150                _exit
 .text._sbrk    0x0000000008001164       0x6c ./Core/Src/sysmem.o
                0x0000000008001164                _sbrk
 .text.SystemInit
                0x00000000080011d0       0x24 ./Core/Src/system_stm32f4xx.o
                0x00000000080011d0                SystemInit
 .text.Reset_Handler
                0x00000000080011f4       0x50 ./Core/Startup/startup_stm32f401retx.o
                0x00000000080011f4                Reset_Handler
 .text.Default_Handler
                0x0000000008001244        0x2 ./Core/Startup/startup_stm32f401retx.o
                0x0000000008001244                RTC_Alarm_IRQHandler
                0x0000000008001244                EXTI2_IRQHandler
                0x0000000008001244                SPI4_IRQHandler
                0x0000000008001244                TIM1_CC_IRQHandler
                0x0000000008001244                DMA2_Stream5_IRQHandler
                0x0000000008001244                DMA1_Stream5_IRQHandler
                0x0000000008001244                PVD_IRQHandler
                0x0000000008001244                SDIO_IRQHandler
                0x0000000008001244                TAMP_STAMP_IRQHandler
                0x0000000008001244                EXTI3_IRQHandler
                0x0000000008001244                TIM1_UP_TIM10_IRQHandler
                0x0000000008001244                I2C3_ER_IRQHandler
                0x0000000008001244                EXTI0_IRQHandler
                0x0000000008001244                I2C2_EV_IRQHandler
                0x0000000008001244                DMA1_Stream2_IRQHandler
                0x0000000008001244                FPU_IRQHandler
                0x0000000008001244                DMA2_Stream2_IRQHandler
                0x0000000008001244                SPI1_IRQHandler
                0x0000000008001244                TIM1_BRK_TIM9_IRQHandler
                0x0000000008001244                DMA2_Stream3_IRQHandler
                0x0000000008001244                USART6_IRQHandler
                0x0000000008001244                DMA2_Stream0_IRQHandler
                0x0000000008001244                TIM4_IRQHandler
                0x0000000008001244                I2C1_EV_IRQHandler
                0x0000000008001244                DMA1_Stream6_IRQHandler
                0x0000000008001244                DMA1_Stream1_IRQHandler
                0x0000000008001244                TIM3_IRQHandler
                0x0000000008001244                RCC_IRQHandler
                0x0000000008001244                Default_Handler
                0x0000000008001244                EXTI15_10_IRQHandler
                0x0000000008001244                ADC_IRQHandler
                0x0000000008001244                DMA1_Stream7_IRQHandler
                0x0000000008001244                TIM5_IRQHandler
                0x0000000008001244                DMA2_Stream7_IRQHandler
                0x0000000008001244                I2C3_EV_IRQHandler
                0x0000000008001244                EXTI9_5_IRQHandler
                0x0000000008001244                RTC_WKUP_IRQHandler
                0x0000000008001244                SPI2_IRQHandler
                0x0000000008001244                DMA1_Stream0_IRQHandler
                0x0000000008001244                EXTI4_IRQHandler
                0x0000000008001244                WWDG_IRQHandler
                0x0000000008001244                TIM2_IRQHandler
                0x0000000008001244                OTG_FS_WKUP_IRQHandler
                0x0000000008001244                TIM1_TRG_COM_TIM11_IRQHandler
                0x0000000008001244                EXTI1_IRQHandler
                0x0000000008001244                USART2_IRQHandler
                0x0000000008001244                I2C2_ER_IRQHandler
                0x0000000008001244                DMA2_Stream1_IRQHandler
                0x0000000008001244                FLASH_IRQHandler
                0x0000000008001244                DMA2_Stream4_IRQHandler
                0x0000000008001244                USART1_IRQHandler
                0x0000000008001244                OTG_FS_IRQHandler
                0x0000000008001244                SPI3_IRQHandler
                0x0000000008001244                DMA1_Stream4_IRQHandler
                0x0000000008001244                I2C1_ER_IRQHandler
                0x0000000008001244                DMA2_Stream6_IRQHandler
                0x0000000008001244                DMA1_Stream3_IRQHandler
 *fill*         0x0000000008001246        0x2 
 .text.HAL_Init
                0x0000000008001248       0x44 ./Drivers/STM32F4xx_HAL_Driver/Src/stm32f4xx_hal.o
                0x0000000008001248                HAL_Init
 .text.HAL_InitTick
                0x000000000800128c       0x60 ./Drivers/STM32F4xx_HAL_Driver/Src/stm32f4xx_hal.o
                0x000000000800128c                HAL_InitTick
 .text.HAL_IncTick
                0x00000000080012ec       0x28 ./Drivers/STM32F4xx_HAL_Driver/Src/stm32f4xx_hal.o
                0x00000000080012ec                HAL_IncTick
 .text.HAL_GetTick
                0x0000000008001314       0x18 ./Drivers/STM32F4xx_HAL_Driver/Src/stm32f4xx_hal.o
                0x0000000008001314                HAL_GetTick
 .text.__NVIC_SetPriorityGrouping
                0x000000000800132c       0x48 ./Drivers/STM32F4xx_HAL_Driver/Src/stm32f4xx_hal_cortex.o
 .text.__NVIC_GetPriorityGrouping
                0x0000000008001374       0x1c ./Drivers/STM32F4xx_HAL_Driver/Src/stm32f4xx_hal_cortex.o
 .text.__NVIC_SetPriority
                0x0000000008001390       0x54 ./Drivers/STM32F4xx_HAL_Driver/Src/stm32f4xx_hal_cortex.o
 .text.NVIC_EncodePriority
                0x00000000080013e4       0x66 ./Drivers/STM32F4xx_HAL_Driver/Src/stm32f4xx_hal_cortex.o
 *fill*         0x000000000800144a        0x2 
 .text.SysTick_Config
                0x000000000800144c       0x44 ./Drivers/STM32F4xx_HAL_Driver/Src/stm32f4xx_hal_cortex.o
 .text.HAL_NVIC_SetPriorityGrouping
                0x0000000008001490       0x16 ./Drivers/STM32F4xx_HAL_Driver/Src/stm32f4xx_hal_cortex.o
                0x0000000008001490                HAL_NVIC_SetPriorityGrouping
 .text.HAL_NVIC_SetPriority
                0x00000000080014a6       0x38 ./Drivers/STM32F4xx_HAL_Driver/Src/stm32f4xx_hal_cortex.o
                0x00000000080014a6                HAL_NVIC_SetPriority
 .text.HAL_SYSTICK_Config
                0x00000000080014de       0x18 ./Drivers/STM32F4xx_HAL_Driver/Src/stm32f4xx_hal_cortex.o
                0x00000000080014de                HAL_SYSTICK_Config
 *fill*         0x00000000080014f6        0x2 
 .text.HAL_RCC_OscConfig
                0x00000000080014f8      0x4f0 ./Drivers/STM32F4xx_HAL_Driver/Src/stm32f4xx_hal_rcc.o
                0x00000000080014f8                HAL_RCC_OscConfig
 .text.HAL_RCC_ClockConfig
                0x00000000080019e8      0x1cc ./Drivers/STM32F4xx_HAL_Driver/Src/stm32f4xx_hal_rcc.o
                0x00000000080019e8                HAL_RCC_ClockConfig
 .text.HAL_RCC_GetSysClockFreq
                0x0000000008001bb4      0x18c ./Drivers/STM32F4xx_HAL_Driver/Src/stm32f4xx_hal_rcc.o
                0x0000000008001bb4                HAL_RCC_GetSysClockFreq
 .text._ZdlPvj  0x0000000008001d40        0x4 O:/programs/STMicroelectronics/STM32CubeIDE_1.13.1/STM32CubeIDE/plugins/com.st.stm32cube.ide.mcu.externaltools.gnu-tools-for-stm32.11.3.rel1.win32_1.1.0.202305231506/tools/bin/../lib/gcc/arm-none-eabi/11.3.1/../../../../arm-none-eabi/lib/thumb/v7e-m+fp/hard\libstdc++_nano.a(del_ops.o)
                0x0000000008001d40                operator delete(void*, unsigned int)
 .text._Znwj    0x0000000008001d44       0x22 O:/programs/STMicroelectronics/STM32CubeIDE_1.13.1/STM32CubeIDE/plugins/com.st.stm32cube.ide.mcu.externaltools.gnu-tools-for-stm32.11.3.rel1.win32_1.1.0.202305231506/tools/bin/../lib/gcc/arm-none-eabi/11.3.1/../../../../arm-none-eabi/lib/thumb/v7e-m+fp/hard\libstdc++_nano.a(new_op.o)
                0x0000000008001d44                operator new(unsigned int)
 .text.unlikely._ZSt17__throw_bad_allocv
                0x0000000008001d66        0x6 O:/programs/STMicroelectronics/STM32CubeIDE_1.13.1/STM32CubeIDE/plugins/com.st.stm32cube.ide.mcu.externaltools.gnu-tools-for-stm32.11.3.rel1.win32_1.1.0.202305231506/tools/bin/../lib/gcc/arm-none-eabi/11.3.1/../../../../arm-none-eabi/lib/thumb/v7e-m+fp/hard\libstdc++_nano.a(functexcept.o)
                0x0000000008001d66                std::__throw_bad_alloc()
 .text.unlikely._ZSt28__throw_bad_array_new_lengthv
                0x0000000008001d6c        0x6 O:/programs/STMicroelectronics/STM32CubeIDE_1.13.1/STM32CubeIDE/plugins/com.st.stm32cube.ide.mcu.externaltools.gnu-tools-for-stm32.11.3.rel1.win32_1.1.0.202305231506/tools/bin/../lib/gcc/arm-none-eabi/11.3.1/../../../../arm-none-eabi/lib/thumb/v7e-m+fp/hard\libstdc++_nano.a(functexcept.o)
                0x0000000008001d6c                std::__throw_bad_array_new_length()
 .text.unlikely._ZSt20__throw_length_errorPKc
                0x0000000008001d72        0x6 O:/programs/STMicroelectronics/STM32CubeIDE_1.13.1/STM32CubeIDE/plugins/com.st.stm32cube.ide.mcu.externaltools.gnu-tools-for-stm32.11.3.rel1.win32_1.1.0.202305231506/tools/bin/../lib/gcc/arm-none-eabi/11.3.1/../../../../arm-none-eabi/lib/thumb/v7e-m+fp/hard\libstdc++_nano.a(functexcept.o)
                0x0000000008001d72                std::__throw_length_error(char const*)
 .text._ZdlPv   0x0000000008001d78        0x4 O:/programs/STMicroelectronics/STM32CubeIDE_1.13.1/STM32CubeIDE/plugins/com.st.stm32cube.ide.mcu.externaltools.gnu-tools-for-stm32.11.3.rel1.win32_1.1.0.202305231506/tools/bin/../lib/gcc/arm-none-eabi/11.3.1/../../../../arm-none-eabi/lib/thumb/v7e-m+fp/hard\libstdc++_nano.a(del_op.o)
                0x0000000008001d78                operator delete(void*)
 .text._ZSt15get_new_handlerv
                0x0000000008001d7c       0x10 O:/programs/STMicroelectronics/STM32CubeIDE_1.13.1/STM32CubeIDE/plugins/com.st.stm32cube.ide.mcu.externaltools.gnu-tools-for-stm32.11.3.rel1.win32_1.1.0.202305231506/tools/bin/../lib/gcc/arm-none-eabi/11.3.1/../../../../arm-none-eabi/lib/thumb/v7e-m+fp/hard\libstdc++_nano.a(new_handler.o)
                0x0000000008001d7c                std::get_new_handler()
 .text.abort    0x0000000008001d8c        0xe O:/programs/STMicroelectronics/STM32CubeIDE_1.13.1/STM32CubeIDE/plugins/com.st.stm32cube.ide.mcu.externaltools.gnu-tools-for-stm32.11.3.rel1.win32_1.1.0.202305231506/tools/bin/../lib/gcc/arm-none-eabi/11.3.1/../../../../arm-none-eabi/lib/thumb/v7e-m+fp/hard\libc_nano.a(libc_a-abort.o)
                0x0000000008001d8c                abort
 *fill*         0x0000000008001d9a        0x2 
 .text.malloc   0x0000000008001d9c       0x10 O:/programs/STMicroelectronics/STM32CubeIDE_1.13.1/STM32CubeIDE/plugins/com.st.stm32cube.ide.mcu.externaltools.gnu-tools-for-stm32.11.3.rel1.win32_1.1.0.202305231506/tools/bin/../lib/gcc/arm-none-eabi/11.3.1/../../../../arm-none-eabi/lib/thumb/v7e-m+fp/hard\libc_nano.a(libc_a-malloc.o)
                0x0000000008001d9c                malloc
 .text.free     0x0000000008001dac       0x10 O:/programs/STMicroelectronics/STM32CubeIDE_1.13.1/STM32CubeIDE/plugins/com.st.stm32cube.ide.mcu.externaltools.gnu-tools-for-stm32.11.3.rel1.win32_1.1.0.202305231506/tools/bin/../lib/gcc/arm-none-eabi/11.3.1/../../../../arm-none-eabi/lib/thumb/v7e-m+fp/hard\libc_nano.a(libc_a-malloc.o)
                0x0000000008001dac                free
 .text.sbrk_aligned
                0x0000000008001dbc       0x40 O:/programs/STMicroelectronics/STM32CubeIDE_1.13.1/STM32CubeIDE/plugins/com.st.stm32cube.ide.mcu.externaltools.gnu-tools-for-stm32.11.3.rel1.win32_1.1.0.202305231506/tools/bin/../lib/gcc/arm-none-eabi/11.3.1/../../../../arm-none-eabi/lib/thumb/v7e-m+fp/hard\libc_nano.a(libc_a-mallocr.o)
 .text._malloc_r
                0x0000000008001dfc      0x100 O:/programs/STMicroelectronics/STM32CubeIDE_1.13.1/STM32CubeIDE/plugins/com.st.stm32cube.ide.mcu.externaltools.gnu-tools-for-stm32.11.3.rel1.win32_1.1.0.202305231506/tools/bin/../lib/gcc/arm-none-eabi/11.3.1/../../../../arm-none-eabi/lib/thumb/v7e-m+fp/hard\libc_nano.a(libc_a-mallocr.o)
                0x0000000008001dfc                _malloc_r
 .text.__malloc_lock
                0x0000000008001efc        0xc O:/programs/STMicroelectronics/STM32CubeIDE_1.13.1/STM32CubeIDE/plugins/com.st.stm32cube.ide.mcu.externaltools.gnu-tools-for-stm32.11.3.rel1.win32_1.1.0.202305231506/tools/bin/../lib/gcc/arm-none-eabi/11.3.1/../../../../arm-none-eabi/lib/thumb/v7e-m+fp/hard\libc_nano.a(libc_a-mlock.o)
                0x0000000008001efc                __malloc_lock
 .text.__malloc_unlock
                0x0000000008001f08        0xc O:/programs/STMicroelectronics/STM32CubeIDE_1.13.1/STM32CubeIDE/plugins/com.st.stm32cube.ide.mcu.externaltools.gnu-tools-for-stm32.11.3.rel1.win32_1.1.0.202305231506/tools/bin/../lib/gcc/arm-none-eabi/11.3.1/../../../../arm-none-eabi/lib/thumb/v7e-m+fp/hard\libc_nano.a(libc_a-mlock.o)
                0x0000000008001f08                __malloc_unlock
 .text.memmove  0x0000000008001f14       0x34 O:/programs/STMicroelectronics/STM32CubeIDE_1.13.1/STM32CubeIDE/plugins/com.st.stm32cube.ide.mcu.externaltools.gnu-tools-for-stm32.11.3.rel1.win32_1.1.0.202305231506/tools/bin/../lib/gcc/arm-none-eabi/11.3.1/../../../../arm-none-eabi/lib/thumb/v7e-m+fp/hard\libc_nano.a(libc_a-memmove.o)
                0x0000000008001f14                memmove
 .text.memset   0x0000000008001f48       0x10 O:/programs/STMicroelectronics/STM32CubeIDE_1.13.1/STM32CubeIDE/plugins/com.st.stm32cube.ide.mcu.externaltools.gnu-tools-for-stm32.11.3.rel1.win32_1.1.0.202305231506/tools/bin/../lib/gcc/arm-none-eabi/11.3.1/../../../../arm-none-eabi/lib/thumb/v7e-m+fp/hard\libc_nano.a(libc_a-memset.o)
                0x0000000008001f48                memset
 .text._raise_r
                0x0000000008001f58       0x50 O:/programs/STMicroelectronics/STM32CubeIDE_1.13.1/STM32CubeIDE/plugins/com.st.stm32cube.ide.mcu.externaltools.gnu-tools-for-stm32.11.3.rel1.win32_1.1.0.202305231506/tools/bin/../lib/gcc/arm-none-eabi/11.3.1/../../../../arm-none-eabi/lib/thumb/v7e-m+fp/hard\libc_nano.a(libc_a-signal.o)
                0x0000000008001f58                _raise_r
 .text.raise    0x0000000008001fa8       0x10 O:/programs/STMicroelectronics/STM32CubeIDE_1.13.1/STM32CubeIDE/plugins/com.st.stm32cube.ide.mcu.externaltools.gnu-tools-for-stm32.11.3.rel1.win32_1.1.0.202305231506/tools/bin/../lib/gcc/arm-none-eabi/11.3.1/../../../../arm-none-eabi/lib/thumb/v7e-m+fp/hard\libc_nano.a(libc_a-signal.o)
                0x0000000008001fa8                raise
 .text._kill_r  0x0000000008001fb8       0x24 O:/programs/STMicroelectronics/STM32CubeIDE_1.13.1/STM32CubeIDE/plugins/com.st.stm32cube.ide.mcu.externaltools.gnu-tools-for-stm32.11.3.rel1.win32_1.1.0.202305231506/tools/bin/../lib/gcc/arm-none-eabi/11.3.1/../../../../arm-none-eabi/lib/thumb/v7e-m+fp/hard\libc_nano.a(libc_a-signalr.o)
                0x0000000008001fb8                _kill_r
 .text._getpid_r
                0x0000000008001fdc        0x4 O:/programs/STMicroelectronics/STM32CubeIDE_1.13.1/STM32CubeIDE/plugins/com.st.stm32cube.ide.mcu.externaltools.gnu-tools-for-stm32.11.3.rel1.win32_1.1.0.202305231506/tools/bin/../lib/gcc/arm-none-eabi/11.3.1/../../../../arm-none-eabi/lib/thumb/v7e-m+fp/hard\libc_nano.a(libc_a-signalr.o)
                0x0000000008001fdc                _getpid_r
 .text._sbrk_r  0x0000000008001fe0       0x20 O:/programs/STMicroelectronics/STM32CubeIDE_1.13.1/STM32CubeIDE/plugins/com.st.stm32cube.ide.mcu.externaltools.gnu-tools-for-stm32.11.3.rel1.win32_1.1.0.202305231506/tools/bin/../lib/gcc/arm-none-eabi/11.3.1/../../../../arm-none-eabi/lib/thumb/v7e-m+fp/hard\libc_nano.a(libc_a-sbrkr.o)
                0x0000000008001fe0                _sbrk_r
 .text.__errno  0x0000000008002000        0xc O:/programs/STMicroelectronics/STM32CubeIDE_1.13.1/STM32CubeIDE/plugins/com.st.stm32cube.ide.mcu.externaltools.gnu-tools-for-stm32.11.3.rel1.win32_1.1.0.202305231506/tools/bin/../lib/gcc/arm-none-eabi/11.3.1/../../../../arm-none-eabi/lib/thumb/v7e-m+fp/hard\libc_nano.a(libc_a-errno.o)
                0x0000000008002000                __errno
 .text.__libc_init_array
                0x000000000800200c       0x48 O:/programs/STMicroelectronics/STM32CubeIDE_1.13.1/STM32CubeIDE/plugins/com.st.stm32cube.ide.mcu.externaltools.gnu-tools-for-stm32.11.3.rel1.win32_1.1.0.202305231506/tools/bin/../lib/gcc/arm-none-eabi/11.3.1/../../../../arm-none-eabi/lib/thumb/v7e-m+fp/hard\libc_nano.a(libc_a-init.o)
                0x000000000800200c                __libc_init_array
 .text.__retarget_lock_acquire_recursive
                0x0000000008002054        0x2 O:/programs/STMicroelectronics/STM32CubeIDE_1.13.1/STM32CubeIDE/plugins/com.st.stm32cube.ide.mcu.externaltools.gnu-tools-for-stm32.11.3.rel1.win32_1.1.0.202305231506/tools/bin/../lib/gcc/arm-none-eabi/11.3.1/../../../../arm-none-eabi/lib/thumb/v7e-m+fp/hard\libc_nano.a(libc_a-lock.o)
                0x0000000008002054                __retarget_lock_acquire_recursive
 .text.__retarget_lock_release_recursive
                0x0000000008002056        0x2 O:/programs/STMicroelectronics/STM32CubeIDE_1.13.1/STM32CubeIDE/plugins/com.st.stm32cube.ide.mcu.externaltools.gnu-tools-for-stm32.11.3.rel1.win32_1.1.0.202305231506/tools/bin/../lib/gcc/arm-none-eabi/11.3.1/../../../../arm-none-eabi/lib/thumb/v7e-m+fp/hard\libc_nano.a(libc_a-lock.o)
                0x0000000008002056                __retarget_lock_release_recursive
 .text._free_r  0x0000000008002058       0x98 O:/programs/STMicroelectronics/STM32CubeIDE_1.13.1/STM32CubeIDE/plugins/com.st.stm32cube.ide.mcu.externaltools.gnu-tools-for-stm32.11.3.rel1.win32_1.1.0.202305231506/tools/bin/../lib/gcc/arm-none-eabi/11.3.1/../../../../arm-none-eabi/lib/thumb/v7e-m+fp/hard\libc_nano.a(libc_a-freer.o)
                0x0000000008002058                _free_r
 *(.glue_7)
 .glue_7        0x00000000080020f0        0x0 linker stubs
 *(.glue_7t)
 .glue_7t       0x00000000080020f0        0x0 linker stubs
 *(.eh_frame)
 .eh_frame      0x00000000080020f0        0x0 O:/programs/STMicroelectronics/STM32CubeIDE_1.13.1/STM32CubeIDE/plugins/com.st.stm32cube.ide.mcu.externaltools.gnu-tools-for-stm32.11.3.rel1.win32_1.1.0.202305231506/tools/bin/../lib/gcc/arm-none-eabi/11.3.1/thumb/v7e-m+fp/hard/crtbegin.o
 *(.init)
 .init          0x00000000080020f0        0x4 O:/programs/STMicroelectronics/STM32CubeIDE_1.13.1/STM32CubeIDE/plugins/com.st.stm32cube.ide.mcu.externaltools.gnu-tools-for-stm32.11.3.rel1.win32_1.1.0.202305231506/tools/bin/../lib/gcc/arm-none-eabi/11.3.1/thumb/v7e-m+fp/hard/crti.o
                0x00000000080020f0                _init
 .init          0x00000000080020f4        0x8 O:/programs/STMicroelectronics/STM32CubeIDE_1.13.1/STM32CubeIDE/plugins/com.st.stm32cube.ide.mcu.externaltools.gnu-tools-for-stm32.11.3.rel1.win32_1.1.0.202305231506/tools/bin/../lib/gcc/arm-none-eabi/11.3.1/thumb/v7e-m+fp/hard/crtn.o
 *(.fini)
 .fini          0x00000000080020fc        0x4 O:/programs/STMicroelectronics/STM32CubeIDE_1.13.1/STM32CubeIDE/plugins/com.st.stm32cube.ide.mcu.externaltools.gnu-tools-for-stm32.11.3.rel1.win32_1.1.0.202305231506/tools/bin/../lib/gcc/arm-none-eabi/11.3.1/thumb/v7e-m+fp/hard/crti.o
                0x00000000080020fc                _fini
 .fini          0x0000000008002100        0x8 O:/programs/STMicroelectronics/STM32CubeIDE_1.13.1/STM32CubeIDE/plugins/com.st.stm32cube.ide.mcu.externaltools.gnu-tools-for-stm32.11.3.rel1.win32_1.1.0.202305231506/tools/bin/../lib/gcc/arm-none-eabi/11.3.1/thumb/v7e-m+fp/hard/crtn.o
                0x0000000008002108                . = ALIGN (0x4)
                0x0000000008002108                _etext = .

.vfp11_veneer   0x0000000008002108        0x0
 .vfp11_veneer  0x0000000008002108        0x0 linker stubs

.v4_bx          0x0000000008002108        0x0
 .v4_bx         0x0000000008002108        0x0 linker stubs

.iplt           0x0000000008002108        0x0
 .iplt          0x0000000008002108        0x0 O:/programs/STMicroelectronics/STM32CubeIDE_1.13.1/STM32CubeIDE/plugins/com.st.stm32cube.ide.mcu.externaltools.gnu-tools-for-stm32.11.3.rel1.win32_1.1.0.202305231506/tools/bin/../lib/gcc/arm-none-eabi/11.3.1/thumb/v7e-m+fp/hard/crtbegin.o

.rodata         0x0000000008002108       0x2c
                0x0000000008002108                . = ALIGN (0x4)
 *(.rodata)
 .rodata        0x0000000008002108       0x1a ./Core/Src/mainCpp.o
 *(.rodata*)
 *fill*         0x0000000008002122        0x2 
 .rodata.AHBPrescTable
                0x0000000008002124       0x10 ./Core/Src/system_stm32f4xx.o
                0x0000000008002124                AHBPrescTable
                0x0000000008002134                . = ALIGN (0x4)

.ARM.extab      0x0000000008002134        0x0
                0x0000000008002134                . = ALIGN (0x4)
 *(.ARM.extab* .gnu.linkonce.armextab.*)
                0x0000000008002134                . = ALIGN (0x4)

.ARM            0x0000000008002134        0x8
                0x0000000008002134                . = ALIGN (0x4)
                0x0000000008002134                __exidx_start = .
 *(.ARM.exidx*)
 .ARM.exidx     0x0000000008002134        0x8 O:/programs/STMicroelectronics/STM32CubeIDE_1.13.1/STM32CubeIDE/plugins/com.st.stm32cube.ide.mcu.externaltools.gnu-tools-for-stm32.11.3.rel1.win32_1.1.0.202305231506/tools/bin/../lib/gcc/arm-none-eabi/11.3.1/thumb/v7e-m+fp/hard\libgcc.a(_udivmoddi4.o)
                0x000000000800213c                __exidx_end = .
                0x000000000800213c                . = ALIGN (0x4)

.rel.dyn        0x000000000800213c        0x0
 .rel.iplt      0x000000000800213c        0x0 O:/programs/STMicroelectronics/STM32CubeIDE_1.13.1/STM32CubeIDE/plugins/com.st.stm32cube.ide.mcu.externaltools.gnu-tools-for-stm32.11.3.rel1.win32_1.1.0.202305231506/tools/bin/../lib/gcc/arm-none-eabi/11.3.1/thumb/v7e-m+fp/hard/crtbegin.o

.preinit_array  0x000000000800213c        0x0
                0x000000000800213c                . = ALIGN (0x4)
                0x000000000800213c                PROVIDE (__preinit_array_start = .)
 *(.preinit_array*)
                0x000000000800213c                PROVIDE (__preinit_array_end = .)
                0x000000000800213c                . = ALIGN (0x4)

.init_array     0x000000000800213c        0x4
                0x000000000800213c                . = ALIGN (0x4)
                0x000000000800213c                PROVIDE (__init_array_start = .)
 *(SORT_BY_NAME(.init_array.*))
 *(.init_array*)
 .init_array    0x000000000800213c        0x4 O:/programs/STMicroelectronics/STM32CubeIDE_1.13.1/STM32CubeIDE/plugins/com.st.stm32cube.ide.mcu.externaltools.gnu-tools-for-stm32.11.3.rel1.win32_1.1.0.202305231506/tools/bin/../lib/gcc/arm-none-eabi/11.3.1/thumb/v7e-m+fp/hard/crtbegin.o
                0x0000000008002140                PROVIDE (__init_array_end = .)
                0x0000000008002140                . = ALIGN (0x4)

.fini_array     0x0000000008002140        0x4
                0x0000000008002140                . = ALIGN (0x4)
                [!provide]                        PROVIDE (__fini_array_start = .)
 *(SORT_BY_NAME(.fini_array.*))
 *(.fini_array*)
 .fini_array    0x0000000008002140        0x4 O:/programs/STMicroelectronics/STM32CubeIDE_1.13.1/STM32CubeIDE/plugins/com.st.stm32cube.ide.mcu.externaltools.gnu-tools-for-stm32.11.3.rel1.win32_1.1.0.202305231506/tools/bin/../lib/gcc/arm-none-eabi/11.3.1/thumb/v7e-m+fp/hard/crtbegin.o
                [!provide]                        PROVIDE (__fini_array_end = .)
                0x0000000008002144                . = ALIGN (0x4)
                0x0000000008002144                _sidata = LOADADDR (.data)

.data           0x0000000020000000       0x5c load address 0x0000000008002144
                0x0000000020000000                . = ALIGN (0x4)
                0x0000000020000000                _sdata = .
 *(.data)
 *(.data*)
 .data.SystemCoreClock
                0x0000000020000000        0x4 ./Core/Src/system_stm32f4xx.o
                0x0000000020000000                SystemCoreClock
 .data.uwTickPrio
                0x0000000020000004        0x4 ./Drivers/STM32F4xx_HAL_Driver/Src/stm32f4xx_hal.o
                0x0000000020000004                uwTickPrio
 .data.uwTickFreq
                0x0000000020000008        0x1 ./Drivers/STM32F4xx_HAL_Driver/Src/stm32f4xx_hal.o
                0x0000000020000008                uwTickFreq
 *fill*         0x0000000020000009        0x3 
 .data._impure_data
                0x000000002000000c       0x4c O:/programs/STMicroelectronics/STM32CubeIDE_1.13.1/STM32CubeIDE/plugins/com.st.stm32cube.ide.mcu.externaltools.gnu-tools-for-stm32.11.3.rel1.win32_1.1.0.202305231506/tools/bin/../lib/gcc/arm-none-eabi/11.3.1/../../../../arm-none-eabi/lib/thumb/v7e-m+fp/hard\libc_nano.a(libc_a-impure.o)
                0x000000002000000c                _impure_data
 .data._impure_ptr
                0x0000000020000058        0x4 O:/programs/STMicroelectronics/STM32CubeIDE_1.13.1/STM32CubeIDE/plugins/com.st.stm32cube.ide.mcu.externaltools.gnu-tools-for-stm32.11.3.rel1.win32_1.1.0.202305231506/tools/bin/../lib/gcc/arm-none-eabi/11.3.1/../../../../arm-none-eabi/lib/thumb/v7e-m+fp/hard\libc_nano.a(libc_a-impure.o)
                0x0000000020000058                _impure_ptr
 *(.RamFunc)
 *(.RamFunc*)
                0x000000002000005c                . = ALIGN (0x4)
                0x000000002000005c                _edata = .

.igot.plt       0x000000002000005c        0x0 load address 0x00000000080021a0
 .igot.plt      0x000000002000005c        0x0 O:/programs/STMicroelectronics/STM32CubeIDE_1.13.1/STM32CubeIDE/plugins/com.st.stm32cube.ide.mcu.externaltools.gnu-tools-for-stm32.11.3.rel1.win32_1.1.0.202305231506/tools/bin/../lib/gcc/arm-none-eabi/11.3.1/thumb/v7e-m+fp/hard/crtbegin.o
                0x000000002000005c                . = ALIGN (0x4)

.bss            0x000000002000005c      0x170 load address 0x00000000080021a0
                0x000000002000005c                _sbss = .
                0x000000002000005c                __bss_start__ = _sbss
 *(.bss)
 .bss           0x000000002000005c       0x1c O:/programs/STMicroelectronics/STM32CubeIDE_1.13.1/STM32CubeIDE/plugins/com.st.stm32cube.ide.mcu.externaltools.gnu-tools-for-stm32.11.3.rel1.win32_1.1.0.202305231506/tools/bin/../lib/gcc/arm-none-eabi/11.3.1/thumb/v7e-m+fp/hard/crtbegin.o
 *(.bss*)
 .bss.__sbrk_heap_end
                0x0000000020000078        0x4 ./Core/Src/sysmem.o
 .bss.uwTick    0x000000002000007c        0x4 ./Drivers/STM32F4xx_HAL_Driver/Src/stm32f4xx_hal.o
                0x000000002000007c                uwTick
 .bss._ZN12_GLOBAL__N_113__new_handlerE
                0x0000000020000080        0x4 O:/programs/STMicroelectronics/STM32CubeIDE_1.13.1/STM32CubeIDE/plugins/com.st.stm32cube.ide.mcu.externaltools.gnu-tools-for-stm32.11.3.rel1.win32_1.1.0.202305231506/tools/bin/../lib/gcc/arm-none-eabi/11.3.1/../../../../arm-none-eabi/lib/thumb/v7e-m+fp/hard\libstdc++_nano.a(new_handler.o)
 .bss.__malloc_free_list
                0x0000000020000084        0x4 O:/programs/STMicroelectronics/STM32CubeIDE_1.13.1/STM32CubeIDE/plugins/com.st.stm32cube.ide.mcu.externaltools.gnu-tools-for-stm32.11.3.rel1.win32_1.1.0.202305231506/tools/bin/../lib/gcc/arm-none-eabi/11.3.1/../../../../arm-none-eabi/lib/thumb/v7e-m+fp/hard\libc_nano.a(libc_a-mallocr.o)
                0x0000000020000084                __malloc_free_list
 .bss.__malloc_sbrk_start
                0x0000000020000088        0x4 O:/programs/STMicroelectronics/STM32CubeIDE_1.13.1/STM32CubeIDE/plugins/com.st.stm32cube.ide.mcu.externaltools.gnu-tools-for-stm32.11.3.rel1.win32_1.1.0.202305231506/tools/bin/../lib/gcc/arm-none-eabi/11.3.1/../../../../arm-none-eabi/lib/thumb/v7e-m+fp/hard\libc_nano.a(libc_a-mallocr.o)
                0x0000000020000088                __malloc_sbrk_start
 .bss.__sf      0x000000002000008c      0x138 O:/programs/STMicroelectronics/STM32CubeIDE_1.13.1/STM32CubeIDE/plugins/com.st.stm32cube.ide.mcu.externaltools.gnu-tools-for-stm32.11.3.rel1.win32_1.1.0.202305231506/tools/bin/../lib/gcc/arm-none-eabi/11.3.1/../../../../arm-none-eabi/lib/thumb/v7e-m+fp/hard\libc_nano.a(libc_a-findfp.o)
                0x000000002000008c                __sf
 .bss.errno     0x00000000200001c4        0x4 O:/programs/STMicroelectronics/STM32CubeIDE_1.13.1/STM32CubeIDE/plugins/com.st.stm32cube.ide.mcu.externaltools.gnu-tools-for-stm32.11.3.rel1.win32_1.1.0.202305231506/tools/bin/../lib/gcc/arm-none-eabi/11.3.1/../../../../arm-none-eabi/lib/thumb/v7e-m+fp/hard\libc_nano.a(libc_a-reent.o)
                0x00000000200001c4                errno
 .bss.__lock___malloc_recursive_mutex
                0x00000000200001c8        0x1 O:/programs/STMicroelectronics/STM32CubeIDE_1.13.1/STM32CubeIDE/plugins/com.st.stm32cube.ide.mcu.externaltools.gnu-tools-for-stm32.11.3.rel1.win32_1.1.0.202305231506/tools/bin/../lib/gcc/arm-none-eabi/11.3.1/../../../../arm-none-eabi/lib/thumb/v7e-m+fp/hard\libc_nano.a(libc_a-lock.o)
                0x00000000200001c8                __lock___malloc_recursive_mutex
 *(COMMON)
                0x00000000200001cc                . = ALIGN (0x4)
 *fill*         0x00000000200001c9        0x3 
                0x00000000200001cc                _ebss = .
                0x00000000200001cc                __bss_end__ = _ebss

._user_heap_stack
                0x00000000200001cc      0x604 load address 0x00000000080021a0
                0x00000000200001d0                . = ALIGN (0x8)
 *fill*         0x00000000200001cc        0x4 
                [!provide]                        PROVIDE (end = .)
                0x00000000200001d0                PROVIDE (_end = .)
                0x00000000200003d0                . = (. + _Min_Heap_Size)
 *fill*         0x00000000200001d0      0x200 
                0x00000000200007d0                . = (. + _Min_Stack_Size)
 *fill*         0x00000000200003d0      0x400 
                0x00000000200007d0                . = ALIGN (0x8)

/DISCARD/
 libc.a(*)
 libm.a(*)
 libgcc.a(*)

.ARM.attributes
                0x0000000000000000       0x30
 *(.ARM.attributes)
 .ARM.attributes
                0x0000000000000000       0x1e O:/programs/STMicroelectronics/STM32CubeIDE_1.13.1/STM32CubeIDE/plugins/com.st.stm32cube.ide.mcu.externaltools.gnu-tools-for-stm32.11.3.rel1.win32_1.1.0.202305231506/tools/bin/../lib/gcc/arm-none-eabi/11.3.1/thumb/v7e-m+fp/hard/crti.o
 .ARM.attributes
                0x000000000000001e       0x34 O:/programs/STMicroelectronics/STM32CubeIDE_1.13.1/STM32CubeIDE/plugins/com.st.stm32cube.ide.mcu.externaltools.gnu-tools-for-stm32.11.3.rel1.win32_1.1.0.202305231506/tools/bin/../lib/gcc/arm-none-eabi/11.3.1/thumb/v7e-m+fp/hard/crtbegin.o
 .ARM.attributes
                0x0000000000000052       0x34 ./Core/Src/gpio.o
 .ARM.attributes
                0x0000000000000086       0x34 ./Core/Src/main.o
 .ARM.attributes
                0x00000000000000ba       0x34 ./Core/Src/mainCpp.o
 .ARM.attributes
                0x00000000000000ee       0x34 ./Core/Src/stm32f4xx_hal_msp.o
 .ARM.attributes
                0x0000000000000122       0x34 ./Core/Src/stm32f4xx_it.o
 .ARM.attributes
                0x0000000000000156       0x34 ./Core/Src/syscalls.o
 .ARM.attributes
                0x000000000000018a       0x34 ./Core/Src/sysmem.o
 .ARM.attributes
                0x00000000000001be       0x34 ./Core/Src/system_stm32f4xx.o
 .ARM.attributes
                0x00000000000001f2       0x21 ./Core/Startup/startup_stm32f401retx.o
 .ARM.attributes
                0x0000000000000213       0x34 ./Drivers/STM32F4xx_HAL_Driver/Src/stm32f4xx_hal.o
 .ARM.attributes
                0x0000000000000247       0x34 ./Drivers/STM32F4xx_HAL_Driver/Src/stm32f4xx_hal_cortex.o
 .ARM.attributes
                0x000000000000027b       0x34 ./Drivers/STM32F4xx_HAL_Driver/Src/stm32f4xx_hal_rcc.o
 .ARM.attributes
                0x00000000000002af       0x34 O:/programs/STMicroelectronics/STM32CubeIDE_1.13.1/STM32CubeIDE/plugins/com.st.stm32cube.ide.mcu.externaltools.gnu-tools-for-stm32.11.3.rel1.win32_1.1.0.202305231506/tools/bin/../lib/gcc/arm-none-eabi/11.3.1/../../../../arm-none-eabi/lib/thumb/v7e-m+fp/hard\libstdc++_nano.a(del_ops.o)
 .ARM.attributes
                0x00000000000002e3       0x34 O:/programs/STMicroelectronics/STM32CubeIDE_1.13.1/STM32CubeIDE/plugins/com.st.stm32cube.ide.mcu.externaltools.gnu-tools-for-stm32.11.3.rel1.win32_1.1.0.202305231506/tools/bin/../lib/gcc/arm-none-eabi/11.3.1/../../../../arm-none-eabi/lib/thumb/v7e-m+fp/hard\libstdc++_nano.a(new_op.o)
 .ARM.attributes
                0x0000000000000317       0x34 O:/programs/STMicroelectronics/STM32CubeIDE_1.13.1/STM32CubeIDE/plugins/com.st.stm32cube.ide.mcu.externaltools.gnu-tools-for-stm32.11.3.rel1.win32_1.1.0.202305231506/tools/bin/../lib/gcc/arm-none-eabi/11.3.1/../../../../arm-none-eabi/lib/thumb/v7e-m+fp/hard\libstdc++_nano.a(functexcept.o)
 .ARM.attributes
                0x000000000000034b       0x34 O:/programs/STMicroelectronics/STM32CubeIDE_1.13.1/STM32CubeIDE/plugins/com.st.stm32cube.ide.mcu.externaltools.gnu-tools-for-stm32.11.3.rel1.win32_1.1.0.202305231506/tools/bin/../lib/gcc/arm-none-eabi/11.3.1/../../../../arm-none-eabi/lib/thumb/v7e-m+fp/hard\libstdc++_nano.a(del_op.o)
 .ARM.attributes
                0x000000000000037f       0x34 O:/programs/STMicroelectronics/STM32CubeIDE_1.13.1/STM32CubeIDE/plugins/com.st.stm32cube.ide.mcu.externaltools.gnu-tools-for-stm32.11.3.rel1.win32_1.1.0.202305231506/tools/bin/../lib/gcc/arm-none-eabi/11.3.1/../../../../arm-none-eabi/lib/thumb/v7e-m+fp/hard\libstdc++_nano.a(new_handler.o)
 .ARM.attributes
                0x00000000000003b3       0x34 O:/programs/STMicroelectronics/STM32CubeIDE_1.13.1/STM32CubeIDE/plugins/com.st.stm32cube.ide.mcu.externaltools.gnu-tools-for-stm32.11.3.rel1.win32_1.1.0.202305231506/tools/bin/../lib/gcc/arm-none-eabi/11.3.1/../../../../arm-none-eabi/lib/thumb/v7e-m+fp/hard\libc_nano.a(libc_a-abort.o)
 .ARM.attributes
                0x00000000000003e7       0x34 O:/programs/STMicroelectronics/STM32CubeIDE_1.13.1/STM32CubeIDE/plugins/com.st.stm32cube.ide.mcu.externaltools.gnu-tools-for-stm32.11.3.rel1.win32_1.1.0.202305231506/tools/bin/../lib/gcc/arm-none-eabi/11.3.1/../../../../arm-none-eabi/lib/thumb/v7e-m+fp/hard\libc_nano.a(libc_a-malloc.o)
 .ARM.attributes
                0x000000000000041b       0x34 O:/programs/STMicroelectronics/STM32CubeIDE_1.13.1/STM32CubeIDE/plugins/com.st.stm32cube.ide.mcu.externaltools.gnu-tools-for-stm32.11.3.rel1.win32_1.1.0.202305231506/tools/bin/../lib/gcc/arm-none-eabi/11.3.1/../../../../arm-none-eabi/lib/thumb/v7e-m+fp/hard\libc_nano.a(libc_a-mallocr.o)
 .ARM.attributes
                0x000000000000044f       0x34 O:/programs/STMicroelectronics/STM32CubeIDE_1.13.1/STM32CubeIDE/plugins/com.st.stm32cube.ide.mcu.externaltools.gnu-tools-for-stm32.11.3.rel1.win32_1.1.0.202305231506/tools/bin/../lib/gcc/arm-none-eabi/11.3.1/../../../../arm-none-eabi/lib/thumb/v7e-m+fp/hard\libc_nano.a(libc_a-mlock.o)
 .ARM.attributes
                0x0000000000000483       0x34 O:/programs/STMicroelectronics/STM32CubeIDE_1.13.1/STM32CubeIDE/plugins/com.st.stm32cube.ide.mcu.externaltools.gnu-tools-for-stm32.11.3.rel1.win32_1.1.0.202305231506/tools/bin/../lib/gcc/arm-none-eabi/11.3.1/../../../../arm-none-eabi/lib/thumb/v7e-m+fp/hard\libc_nano.a(libc_a-findfp.o)
 .ARM.attributes
                0x00000000000004b7       0x34 O:/programs/STMicroelectronics/STM32CubeIDE_1.13.1/STM32CubeIDE/plugins/com.st.stm32cube.ide.mcu.externaltools.gnu-tools-for-stm32.11.3.rel1.win32_1.1.0.202305231506/tools/bin/../lib/gcc/arm-none-eabi/11.3.1/../../../../arm-none-eabi/lib/thumb/v7e-m+fp/hard\libc_nano.a(libc_a-memmove.o)
 .ARM.attributes
                0x00000000000004eb       0x34 O:/programs/STMicroelectronics/STM32CubeIDE_1.13.1/STM32CubeIDE/plugins/com.st.stm32cube.ide.mcu.externaltools.gnu-tools-for-stm32.11.3.rel1.win32_1.1.0.202305231506/tools/bin/../lib/gcc/arm-none-eabi/11.3.1/../../../../arm-none-eabi/lib/thumb/v7e-m+fp/hard\libc_nano.a(libc_a-memset.o)
 .ARM.attributes
                0x000000000000051f       0x34 O:/programs/STMicroelectronics/STM32CubeIDE_1.13.1/STM32CubeIDE/plugins/com.st.stm32cube.ide.mcu.externaltools.gnu-tools-for-stm32.11.3.rel1.win32_1.1.0.202305231506/tools/bin/../lib/gcc/arm-none-eabi/11.3.1/../../../../arm-none-eabi/lib/thumb/v7e-m+fp/hard\libc_nano.a(libc_a-signal.o)
 .ARM.attributes
                0x0000000000000553       0x34 O:/programs/STMicroelectronics/STM32CubeIDE_1.13.1/STM32CubeIDE/plugins/com.st.stm32cube.ide.mcu.externaltools.gnu-tools-for-stm32.11.3.rel1.win32_1.1.0.202305231506/tools/bin/../lib/gcc/arm-none-eabi/11.3.1/../../../../arm-none-eabi/lib/thumb/v7e-m+fp/hard\libc_nano.a(libc_a-reent.o)
 .ARM.attributes
                0x0000000000000587       0x34 O:/programs/STMicroelectronics/STM32CubeIDE_1.13.1/STM32CubeIDE/plugins/com.st.stm32cube.ide.mcu.externaltools.gnu-tools-for-stm32.11.3.rel1.win32_1.1.0.202305231506/tools/bin/../lib/gcc/arm-none-eabi/11.3.1/../../../../arm-none-eabi/lib/thumb/v7e-m+fp/hard\libc_nano.a(libc_a-impure.o)
 .ARM.attributes
                0x00000000000005bb       0x34 O:/programs/STMicroelectronics/STM32CubeIDE_1.13.1/STM32CubeIDE/plugins/com.st.stm32cube.ide.mcu.externaltools.gnu-tools-for-stm32.11.3.rel1.win32_1.1.0.202305231506/tools/bin/../lib/gcc/arm-none-eabi/11.3.1/../../../../arm-none-eabi/lib/thumb/v7e-m+fp/hard\libc_nano.a(libc_a-signalr.o)
 .ARM.attributes
                0x00000000000005ef       0x34 O:/programs/STMicroelectronics/STM32CubeIDE_1.13.1/STM32CubeIDE/plugins/com.st.stm32cube.ide.mcu.externaltools.gnu-tools-for-stm32.11.3.rel1.win32_1.1.0.202305231506/tools/bin/../lib/gcc/arm-none-eabi/11.3.1/../../../../arm-none-eabi/lib/thumb/v7e-m+fp/hard\libc_nano.a(libc_a-sbrkr.o)
 .ARM.attributes
                0x0000000000000623       0x34 O:/programs/STMicroelectronics/STM32CubeIDE_1.13.1/STM32CubeIDE/plugins/com.st.stm32cube.ide.mcu.externaltools.gnu-tools-for-stm32.11.3.rel1.win32_1.1.0.202305231506/tools/bin/../lib/gcc/arm-none-eabi/11.3.1/../../../../arm-none-eabi/lib/thumb/v7e-m+fp/hard\libc_nano.a(libc_a-errno.o)
 .ARM.attributes
                0x0000000000000657       0x34 O:/programs/STMicroelectronics/STM32CubeIDE_1.13.1/STM32CubeIDE/plugins/com.st.stm32cube.ide.mcu.externaltools.gnu-tools-for-stm32.11.3.rel1.win32_1.1.0.202305231506/tools/bin/../lib/gcc/arm-none-eabi/11.3.1/../../../../arm-none-eabi/lib/thumb/v7e-m+fp/hard\libc_nano.a(libc_a-init.o)
 .ARM.attributes
                0x000000000000068b       0x34 O:/programs/STMicroelectronics/STM32CubeIDE_1.13.1/STM32CubeIDE/plugins/com.st.stm32cube.ide.mcu.externaltools.gnu-tools-for-stm32.11.3.rel1.win32_1.1.0.202305231506/tools/bin/../lib/gcc/arm-none-eabi/11.3.1/../../../../arm-none-eabi/lib/thumb/v7e-m+fp/hard\libc_nano.a(libc_a-lock.o)
 .ARM.attributes
                0x00000000000006bf       0x34 O:/programs/STMicroelectronics/STM32CubeIDE_1.13.1/STM32CubeIDE/plugins/com.st.stm32cube.ide.mcu.externaltools.gnu-tools-for-stm32.11.3.rel1.win32_1.1.0.202305231506/tools/bin/../lib/gcc/arm-none-eabi/11.3.1/../../../../arm-none-eabi/lib/thumb/v7e-m+fp/hard\libc_nano.a(libc_a-freer.o)
 .ARM.attributes
                0x00000000000006f3       0x1e O:/programs/STMicroelectronics/STM32CubeIDE_1.13.1/STM32CubeIDE/plugins/com.st.stm32cube.ide.mcu.externaltools.gnu-tools-for-stm32.11.3.rel1.win32_1.1.0.202305231506/tools/bin/../lib/gcc/arm-none-eabi/11.3.1/thumb/v7e-m+fp/hard\libgcc.a(_aeabi_uldivmod.o)
 .ARM.attributes
                0x0000000000000711       0x34 O:/programs/STMicroelectronics/STM32CubeIDE_1.13.1/STM32CubeIDE/plugins/com.st.stm32cube.ide.mcu.externaltools.gnu-tools-for-stm32.11.3.rel1.win32_1.1.0.202305231506/tools/bin/../lib/gcc/arm-none-eabi/11.3.1/thumb/v7e-m+fp/hard\libgcc.a(_udivmoddi4.o)
 .ARM.attributes
                0x0000000000000745       0x1e O:/programs/STMicroelectronics/STM32CubeIDE_1.13.1/STM32CubeIDE/plugins/com.st.stm32cube.ide.mcu.externaltools.gnu-tools-for-stm32.11.3.rel1.win32_1.1.0.202305231506/tools/bin/../lib/gcc/arm-none-eabi/11.3.1/thumb/v7e-m+fp/hard\libgcc.a(_dvmd_tls.o)
 .ARM.attributes
                0x0000000000000763       0x1e O:/programs/STMicroelectronics/STM32CubeIDE_1.13.1/STM32CubeIDE/plugins/com.st.stm32cube.ide.mcu.externaltools.gnu-tools-for-stm32.11.3.rel1.win32_1.1.0.202305231506/tools/bin/../lib/gcc/arm-none-eabi/11.3.1/thumb/v7e-m+fp/hard/crtn.o
OUTPUT(GamingConsoleF401.elf elf32-littlearm)
LOAD linker stubs
LOAD O:/programs/STMicroelectronics/STM32CubeIDE_1.13.1/STM32CubeIDE/plugins/com.st.stm32cube.ide.mcu.externaltools.gnu-tools-for-stm32.11.3.rel1.win32_1.1.0.202305231506/tools/bin/../lib/gcc/arm-none-eabi/11.3.1/../../../../arm-none-eabi/lib/thumb/v7e-m+fp/hard\libc.a
LOAD O:/programs/STMicroelectronics/STM32CubeIDE_1.13.1/STM32CubeIDE/plugins/com.st.stm32cube.ide.mcu.externaltools.gnu-tools-for-stm32.11.3.rel1.win32_1.1.0.202305231506/tools/bin/../lib/gcc/arm-none-eabi/11.3.1/../../../../arm-none-eabi/lib/thumb/v7e-m+fp/hard\libm.a
LOAD O:/programs/STMicroelectronics/STM32CubeIDE_1.13.1/STM32CubeIDE/plugins/com.st.stm32cube.ide.mcu.externaltools.gnu-tools-for-stm32.11.3.rel1.win32_1.1.0.202305231506/tools/bin/../lib/gcc/arm-none-eabi/11.3.1/thumb/v7e-m+fp/hard\libgcc.a

.comment        0x0000000000000000       0x43
 .comment       0x0000000000000000       0x43 O:/programs/STMicroelectronics/STM32CubeIDE_1.13.1/STM32CubeIDE/plugins/com.st.stm32cube.ide.mcu.externaltools.gnu-tools-for-stm32.11.3.rel1.win32_1.1.0.202305231506/tools/bin/../lib/gcc/arm-none-eabi/11.3.1/thumb/v7e-m+fp/hard/crtbegin.o
                                         0x44 (size before relaxing)
 .comment       0x0000000000000043       0x44 ./Core/Src/gpio.o
 .comment       0x0000000000000043       0x44 ./Core/Src/main.o
 .comment       0x0000000000000043       0x44 ./Core/Src/mainCpp.o
 .comment       0x0000000000000043       0x44 ./Core/Src/stm32f4xx_hal_msp.o
 .comment       0x0000000000000043       0x44 ./Core/Src/stm32f4xx_it.o
 .comment       0x0000000000000043       0x44 ./Core/Src/syscalls.o
 .comment       0x0000000000000043       0x44 ./Core/Src/sysmem.o
 .comment       0x0000000000000043       0x44 ./Core/Src/system_stm32f4xx.o
 .comment       0x0000000000000043       0x44 ./Drivers/STM32F4xx_HAL_Driver/Src/stm32f4xx_hal.o
 .comment       0x0000000000000043       0x44 ./Drivers/STM32F4xx_HAL_Driver/Src/stm32f4xx_hal_cortex.o
 .comment       0x0000000000000043       0x44 ./Drivers/STM32F4xx_HAL_Driver/Src/stm32f4xx_hal_rcc.o

.debug_info     0x0000000000000000     0x8929
 .debug_info    0x0000000000000000      0x278 ./Core/Src/gpio.o
 .debug_info    0x0000000000000278      0x4e8 ./Core/Src/main.o
 .debug_info    0x0000000000000760     0x525c ./Core/Src/mainCpp.o
 .debug_info    0x00000000000059bc      0x291 ./Core/Src/stm32f4xx_hal_msp.o
 .debug_info    0x0000000000005c4d      0x112 ./Core/Src/stm32f4xx_it.o
 .debug_info    0x0000000000005d5f      0x6a3 ./Core/Src/syscalls.o
 .debug_info    0x0000000000006402      0x168 ./Core/Src/sysmem.o
 .debug_info    0x000000000000656a      0x53e ./Core/Src/system_stm32f4xx.o
 .debug_info    0x0000000000006aa8       0x23 ./Core/Startup/startup_stm32f401retx.o
 .debug_info    0x0000000000006acb      0x8bb ./Drivers/STM32F4xx_HAL_Driver/Src/stm32f4xx_hal.o
 .debug_info    0x0000000000007386      0xcb0 ./Drivers/STM32F4xx_HAL_Driver/Src/stm32f4xx_hal_cortex.o
 .debug_info    0x0000000000008036      0x8f3 ./Drivers/STM32F4xx_HAL_Driver/Src/stm32f4xx_hal_rcc.o

.debug_abbrev   0x0000000000000000     0x1847
 .debug_abbrev  0x0000000000000000       0xcb ./Core/Src/gpio.o
 .debug_abbrev  0x00000000000000cb      0x1ee ./Core/Src/main.o
 .debug_abbrev  0x00000000000002b9      0x87e ./Core/Src/mainCpp.o
 .debug_abbrev  0x0000000000000b37       0xd8 ./Core/Src/stm32f4xx_hal_msp.o
 .debug_abbrev  0x0000000000000c0f       0x73 ./Core/Src/stm32f4xx_it.o
 .debug_abbrev  0x0000000000000c82      0x1b6 ./Core/Src/syscalls.o
 .debug_abbrev  0x0000000000000e38       0xbc ./Core/Src/sysmem.o
 .debug_abbrev  0x0000000000000ef4      0x11a ./Core/Src/system_stm32f4xx.o
 .debug_abbrev  0x000000000000100e       0x12 ./Core/Startup/startup_stm32f401retx.o
 .debug_abbrev  0x0000000000001020      0x24b ./Drivers/STM32F4xx_HAL_Driver/Src/stm32f4xx_hal.o
 .debug_abbrev  0x000000000000126b      0x327 ./Drivers/STM32F4xx_HAL_Driver/Src/stm32f4xx_hal_cortex.o
 .debug_abbrev  0x0000000000001592      0x2b5 ./Drivers/STM32F4xx_HAL_Driver/Src/stm32f4xx_hal_rcc.o

.debug_aranges  0x0000000000000000      0x6a0
 .debug_aranges
                0x0000000000000000       0x20 ./Core/Src/gpio.o
 .debug_aranges
                0x0000000000000020       0x30 ./Core/Src/main.o
 .debug_aranges
                0x0000000000000050      0x228 ./Core/Src/mainCpp.o
 .debug_aranges
                0x0000000000000278       0x20 ./Core/Src/stm32f4xx_hal_msp.o
 .debug_aranges
                0x0000000000000298       0x60 ./Core/Src/stm32f4xx_it.o
 .debug_aranges
                0x00000000000002f8       0xa8 ./Core/Src/syscalls.o
 .debug_aranges
                0x00000000000003a0       0x20 ./Core/Src/sysmem.o
 .debug_aranges
                0x00000000000003c0       0x28 ./Core/Src/system_stm32f4xx.o
 .debug_aranges
                0x00000000000003e8       0x28 ./Core/Startup/startup_stm32f401retx.o
 .debug_aranges
                0x0000000000000410       0xf0 ./Drivers/STM32F4xx_HAL_Driver/Src/stm32f4xx_hal.o
 .debug_aranges
                0x0000000000000500      0x118 ./Drivers/STM32F4xx_HAL_Driver/Src/stm32f4xx_hal_cortex.o
 .debug_aranges
                0x0000000000000618       0x88 ./Drivers/STM32F4xx_HAL_Driver/Src/stm32f4xx_hal_rcc.o

.debug_rnglists
                0x0000000000000000      0x4c6
 .debug_rnglists
                0x0000000000000000       0x13 ./Core/Src/gpio.o
 .debug_rnglists
                0x0000000000000013       0x20 ./Core/Src/main.o
 .debug_rnglists
                0x0000000000000033      0x19b ./Core/Src/mainCpp.o
 .debug_rnglists
                0x00000000000001ce       0x13 ./Core/Src/stm32f4xx_hal_msp.o
 .debug_rnglists
                0x00000000000001e1       0x43 ./Core/Src/stm32f4xx_it.o
 .debug_rnglists
                0x0000000000000224       0x79 ./Core/Src/syscalls.o
 .debug_rnglists
                0x000000000000029d       0x13 ./Core/Src/sysmem.o
 .debug_rnglists
                0x00000000000002b0       0x1a ./Core/Src/system_stm32f4xx.o
 .debug_rnglists
                0x00000000000002ca       0x19 ./Core/Startup/startup_stm32f401retx.o
 .debug_rnglists
                0x00000000000002e3       0xaf ./Drivers/STM32F4xx_HAL_Driver/Src/stm32f4xx_hal.o
 .debug_rnglists
                0x0000000000000392       0xce ./Drivers/STM32F4xx_HAL_Driver/Src/stm32f4xx_hal_cortex.o
 .debug_rnglists
                0x0000000000000460       0x66 ./Drivers/STM32F4xx_HAL_Driver/Src/stm32f4xx_hal_rcc.o

.debug_macro    0x0000000000000000    0x193e9
 .debug_macro   0x0000000000000000      0x1c4 ./Core/Src/gpio.o
 .debug_macro   0x00000000000001c4      0xaa8 ./Core/Src/gpio.o
 .debug_macro   0x0000000000000c6c      0x28f ./Core/Src/gpio.o
 .debug_macro   0x0000000000000efb       0x2e ./Core/Src/gpio.o
 .debug_macro   0x0000000000000f29       0x28 ./Core/Src/gpio.o
 .debug_macro   0x0000000000000f51       0x22 ./Core/Src/gpio.o
 .debug_macro   0x0000000000000f73       0x8e ./Core/Src/gpio.o
 .debug_macro   0x0000000000001001       0x51 ./Core/Src/gpio.o
 .debug_macro   0x0000000000001052      0x103 ./Core/Src/gpio.o
 .debug_macro   0x0000000000001155       0x6a ./Core/Src/gpio.o
 .debug_macro   0x00000000000011bf      0x1df ./Core/Src/gpio.o
 .debug_macro   0x000000000000139e       0x1c ./Core/Src/gpio.o
 .debug_macro   0x00000000000013ba       0x22 ./Core/Src/gpio.o
 .debug_macro   0x00000000000013dc       0xd9 ./Core/Src/gpio.o
 .debug_macro   0x00000000000014b5     0x102d ./Core/Src/gpio.o
 .debug_macro   0x00000000000024e2      0x11f ./Core/Src/gpio.o
 .debug_macro   0x0000000000002601     0xb86c ./Core/Src/gpio.o
 .debug_macro   0x000000000000de6d       0x6d ./Core/Src/gpio.o
 .debug_macro   0x000000000000deda     0x367e ./Core/Src/gpio.o
 .debug_macro   0x0000000000011558      0x174 ./Core/Src/gpio.o
 .debug_macro   0x00000000000116cc       0x5c ./Core/Src/gpio.o
 .debug_macro   0x0000000000011728      0x416 ./Core/Src/gpio.o
 .debug_macro   0x0000000000011b3e      0x9fe ./Core/Src/gpio.o
 .debug_macro   0x000000000001253c      0x115 ./Core/Src/gpio.o
 .debug_macro   0x0000000000012651       0xf8 ./Core/Src/gpio.o
 .debug_macro   0x0000000000012749       0xa5 ./Core/Src/gpio.o
 .debug_macro   0x00000000000127ee      0x15f ./Core/Src/gpio.o
 .debug_macro   0x000000000001294d      0x287 ./Core/Src/gpio.o
 .debug_macro   0x0000000000012bd4       0x5f ./Core/Src/gpio.o
 .debug_macro   0x0000000000012c33      0x236 ./Core/Src/gpio.o
 .debug_macro   0x0000000000012e69      0x132 ./Core/Src/gpio.o
 .debug_macro   0x0000000000012f9b      0x264 ./Core/Src/gpio.o
 .debug_macro   0x00000000000131ff       0x2e ./Core/Src/gpio.o
 .debug_macro   0x000000000001322d      0x11a ./Core/Src/gpio.o
 .debug_macro   0x0000000000013347       0x85 ./Core/Src/gpio.o
 .debug_macro   0x00000000000133cc       0x89 ./Core/Src/gpio.o
 .debug_macro   0x0000000000013455      0x126 ./Core/Src/gpio.o
 .debug_macro   0x000000000001357b      0x2aa ./Core/Src/main.o
 .debug_macro   0x0000000000013825       0x61 ./Core/Src/main.o
 .debug_macro   0x0000000000013886       0x2a ./Core/Src/main.o
 .debug_macro   0x00000000000138b0       0x43 ./Core/Src/main.o
 .debug_macro   0x00000000000138f3       0x34 ./Core/Src/main.o
 .debug_macro   0x0000000000013927       0x16 ./Core/Src/main.o
 .debug_macro   0x000000000001393d       0x35 ./Core/Src/main.o
 .debug_macro   0x0000000000013972      0x369 ./Core/Src/main.o
 .debug_macro   0x0000000000013cdb       0x10 ./Core/Src/main.o
 .debug_macro   0x0000000000013ceb       0x16 ./Core/Src/main.o
 .debug_macro   0x0000000000013d01       0x43 ./Core/Src/main.o
 .debug_macro   0x0000000000013d44       0x34 ./Core/Src/main.o
 .debug_macro   0x0000000000013d78       0x10 ./Core/Src/main.o
 .debug_macro   0x0000000000013d88       0x58 ./Core/Src/main.o
 .debug_macro   0x0000000000013de0       0x8e ./Core/Src/main.o
 .debug_macro   0x0000000000013e6e       0x1c ./Core/Src/main.o
 .debug_macro   0x0000000000013e8a      0x177 ./Core/Src/main.o
 .debug_macro   0x0000000000014001       0x16 ./Core/Src/main.o
 .debug_macro   0x0000000000014017       0x16 ./Core/Src/main.o
 .debug_macro   0x000000000001402d      0x147 ./Core/Src/main.o
 .debug_macro   0x0000000000014174      0x697 ./Core/Src/mainCpp.o
 .debug_macro   0x000000000001480b      0xb80 ./Core/Src/mainCpp.o
 .debug_macro   0x000000000001538b       0x5b ./Core/Src/mainCpp.o
 .debug_macro   0x00000000000153e6       0x94 ./Core/Src/mainCpp.o
 .debug_macro   0x000000000001547a       0x34 ./Core/Src/mainCpp.o
 .debug_macro   0x00000000000154ae       0x57 ./Core/Src/mainCpp.o
 .debug_macro   0x0000000000015505       0x97 ./Core/Src/mainCpp.o
 .debug_macro   0x000000000001559c      0x38c ./Core/Src/mainCpp.o
 .debug_macro   0x0000000000015928      0x104 ./Core/Src/mainCpp.o
 .debug_macro   0x0000000000015a2c       0x43 ./Core/Src/mainCpp.o
 .debug_macro   0x0000000000015a6f       0x16 ./Core/Src/mainCpp.o
 .debug_macro   0x0000000000015a85      0x139 ./Core/Src/mainCpp.o
 .debug_macro   0x0000000000015bbe       0x1c ./Core/Src/mainCpp.o
 .debug_macro   0x0000000000015bda     0x102d ./Core/Src/mainCpp.o
 .debug_macro   0x0000000000016c07       0x56 ./Core/Src/mainCpp.o
 .debug_macro   0x0000000000016c5d      0x1b2 ./Core/Src/mainCpp.o
 .debug_macro   0x0000000000016e0f       0x10 ./Core/Src/mainCpp.o
 .debug_macro   0x0000000000016e1f      0x3ed ./Core/Src/mainCpp.o
 .debug_macro   0x000000000001720c       0x1c ./Core/Src/mainCpp.o
 .debug_macro   0x0000000000017228       0x18 ./Core/Src/mainCpp.o
 .debug_macro   0x0000000000017240       0x4f ./Core/Src/mainCpp.o
 .debug_macro   0x000000000001728f       0x41 ./Core/Src/mainCpp.o
 .debug_macro   0x00000000000172d0       0x19 ./Core/Src/mainCpp.o
 .debug_macro   0x00000000000172e9       0x28 ./Core/Src/mainCpp.o
 .debug_macro   0x0000000000017311       0x2e ./Core/Src/mainCpp.o
 .debug_macro   0x000000000001733f       0x19 ./Core/Src/mainCpp.o
 .debug_macro   0x0000000000017358       0x88 ./Core/Src/mainCpp.o
 .debug_macro   0x00000000000173e0       0x19 ./Core/Src/mainCpp.o
 .debug_macro   0x00000000000173f9       0x22 ./Core/Src/mainCpp.o
 .debug_macro   0x000000000001741b       0x3c ./Core/Src/mainCpp.o
 .debug_macro   0x0000000000017457       0x26 ./Core/Src/mainCpp.o
 .debug_macro   0x000000000001747d      0x173 ./Core/Src/mainCpp.o
 .debug_macro   0x00000000000175f0       0x11 ./Core/Src/mainCpp.o
 .debug_macro   0x0000000000017601       0x10 ./Core/Src/mainCpp.o
 .debug_macro   0x0000000000017611       0x35 ./Core/Src/mainCpp.o
 .debug_macro   0x0000000000017646       0x5e ./Core/Src/mainCpp.o
 .debug_macro   0x00000000000176a4       0x16 ./Core/Src/mainCpp.o
 .debug_macro   0x00000000000176ba       0x52 ./Core/Src/mainCpp.o
 .debug_macro   0x000000000001770c       0x5e ./Core/Src/mainCpp.o
 .debug_macro   0x000000000001776a       0x11 ./Core/Src/mainCpp.o
 .debug_macro   0x000000000001777b       0x11 ./Core/Src/mainCpp.o
 .debug_macro   0x000000000001778c       0x2f ./Core/Src/mainCpp.o
 .debug_macro   0x00000000000177bb       0x16 ./Core/Src/mainCpp.o
 .debug_macro   0x00000000000177d1       0x10 ./Core/Src/mainCpp.o
 .debug_macro   0x00000000000177e1       0x16 ./Core/Src/mainCpp.o
 .debug_macro   0x00000000000177f7       0x16 ./Core/Src/mainCpp.o
 .debug_macro   0x000000000001780d       0x29 ./Core/Src/mainCpp.o
 .debug_macro   0x0000000000017836       0x1c ./Core/Src/mainCpp.o
 .debug_macro   0x0000000000017852       0xde ./Core/Src/mainCpp.o
 .debug_macro   0x0000000000017930      0x11d ./Core/Src/mainCpp.o
 .debug_macro   0x0000000000017a4d       0x10 ./Core/Src/mainCpp.o
 .debug_macro   0x0000000000017a5d      0x242 ./Core/Src/mainCpp.o
 .debug_macro   0x0000000000017c9f       0x11 ./Core/Src/mainCpp.o
 .debug_macro   0x0000000000017cb0       0x2d ./Core/Src/mainCpp.o
 .debug_macro   0x0000000000017cdd       0x26 ./Core/Src/mainCpp.o
 .debug_macro   0x0000000000017d03       0x20 ./Core/Src/mainCpp.o
 .debug_macro   0x0000000000017d23      0x1ba ./Core/Src/stm32f4xx_hal_msp.o
 .debug_macro   0x0000000000017edd      0x1c4 ./Core/Src/stm32f4xx_it.o
 .debug_macro   0x00000000000180a1      0x274 ./Core/Src/syscalls.o
 .debug_macro   0x0000000000018315       0x10 ./Core/Src/syscalls.o
 .debug_macro   0x0000000000018325       0x10 ./Core/Src/syscalls.o
 .debug_macro   0x0000000000018335       0x10 ./Core/Src/syscalls.o
 .debug_macro   0x0000000000018345       0x10 ./Core/Src/syscalls.o
 .debug_macro   0x0000000000018355       0x1c ./Core/Src/syscalls.o
 .debug_macro   0x0000000000018371       0x52 ./Core/Src/syscalls.o
 .debug_macro   0x00000000000183c3       0x22 ./Core/Src/syscalls.o
 .debug_macro   0x00000000000183e5       0x10 ./Core/Src/syscalls.o
 .debug_macro   0x00000000000183f5       0x52 ./Core/Src/syscalls.o
 .debug_macro   0x0000000000018447       0xcf ./Core/Src/syscalls.o
 .debug_macro   0x0000000000018516       0x1c ./Core/Src/syscalls.o
 .debug_macro   0x0000000000018532       0x3d ./Core/Src/syscalls.o
 .debug_macro   0x000000000001856f       0x35 ./Core/Src/syscalls.o
 .debug_macro   0x00000000000185a4      0x12c ./Core/Src/syscalls.o
 .debug_macro   0x00000000000186d0       0x1c ./Core/Src/syscalls.o
 .debug_macro   0x00000000000186ec       0x10 ./Core/Src/syscalls.o
 .debug_macro   0x00000000000186fc      0x18a ./Core/Src/syscalls.o
 .debug_macro   0x0000000000018886       0x16 ./Core/Src/syscalls.o
 .debug_macro   0x000000000001889c       0xce ./Core/Src/syscalls.o
 .debug_macro   0x000000000001896a       0xff ./Core/Src/sysmem.o
 .debug_macro   0x0000000000018a69      0x23c ./Core/Src/sysmem.o
 .debug_macro   0x0000000000018ca5      0x1b0 ./Core/Src/system_stm32f4xx.o
 .debug_macro   0x0000000000018e55      0x210 ./Drivers/STM32F4xx_HAL_Driver/Src/stm32f4xx_hal.o
 .debug_macro   0x0000000000019065      0x1b0 ./Drivers/STM32F4xx_HAL_Driver/Src/stm32f4xx_hal_cortex.o
 .debug_macro   0x0000000000019215      0x1d4 ./Drivers/STM32F4xx_HAL_Driver/Src/stm32f4xx_hal_rcc.o

.debug_line     0x0000000000000000     0x7209
 .debug_line    0x0000000000000000      0x6cd ./Core/Src/gpio.o
 .debug_line    0x00000000000006cd      0x8c6 ./Core/Src/main.o
 .debug_line    0x0000000000000f93     0x1af7 ./Core/Src/mainCpp.o
 .debug_line    0x0000000000002a8a      0x6d2 ./Core/Src/stm32f4xx_hal_msp.o
 .debug_line    0x000000000000315c      0x794 ./Core/Src/stm32f4xx_it.o
 .debug_line    0x00000000000038f0      0x895 ./Core/Src/syscalls.o
 .debug_line    0x0000000000004185      0x566 ./Core/Src/sysmem.o
 .debug_line    0x00000000000046eb      0x753 ./Core/Src/system_stm32f4xx.o
 .debug_line    0x0000000000004e3e       0x7a ./Core/Startup/startup_stm32f401retx.o
 .debug_line    0x0000000000004eb8      0x9b9 ./Drivers/STM32F4xx_HAL_Driver/Src/stm32f4xx_hal.o
 .debug_line    0x0000000000005871      0xc68 ./Drivers/STM32F4xx_HAL_Driver/Src/stm32f4xx_hal_cortex.o
 .debug_line    0x00000000000064d9      0xd30 ./Drivers/STM32F4xx_HAL_Driver/Src/stm32f4xx_hal_rcc.o

.debug_str      0x0000000000000000    0x8b340
 .debug_str     0x0000000000000000    0x7cee1 ./Core/Src/gpio.o
                                      0x7d157 (size before relaxing)
 .debug_str     0x000000000007cee1     0x38f6 ./Core/Src/main.o
                                      0x80a6f (size before relaxing)
 .debug_str     0x00000000000807d7     0x7dd8 ./Core/Src/mainCpp.o
                                      0x8865c (size before relaxing)
 .debug_str     0x00000000000885af       0x2c ./Core/Src/stm32f4xx_hal_msp.o
                                      0x7d157 (size before relaxing)
 .debug_str     0x00000000000885db       0xc9 ./Core/Src/stm32f4xx_it.o
                                      0x7d0cb (size before relaxing)
 .debug_str     0x00000000000886a4     0x1b7b ./Core/Src/syscalls.o
                                       0x98ab (size before relaxing)
 .debug_str     0x000000000008a21f       0x6b ./Core/Src/sysmem.o
                                       0x6062 (size before relaxing)
 .debug_str     0x000000000008a28a       0xdb ./Core/Src/system_stm32f4xx.o
                                      0x7d207 (size before relaxing)
 .debug_str     0x000000000008a365       0x34 ./Core/Startup/startup_stm32f401retx.o
                                         0x74 (size before relaxing)
 .debug_str     0x000000000008a399      0x9b3 ./Drivers/STM32F4xx_HAL_Driver/Src/stm32f4xx_hal.o
                                      0x7dc29 (size before relaxing)
 .debug_str     0x000000000008ad4c      0x356 ./Drivers/STM32F4xx_HAL_Driver/Src/stm32f4xx_hal_cortex.o
                                      0x7d94a (size before relaxing)
 .debug_str     0x000000000008b0a2      0x29e ./Drivers/STM32F4xx_HAL_Driver/Src/stm32f4xx_hal_rcc.o
                                      0x7d63b (size before relaxing)

.debug_frame    0x0000000000000000     0x2058
 .debug_frame   0x0000000000000000       0x38 ./Core/Src/gpio.o
 .debug_frame   0x0000000000000038       0x68 ./Core/Src/main.o
 .debug_frame   0x00000000000000a0      0x9c8 ./Core/Src/mainCpp.o
 .debug_frame   0x0000000000000a68       0x38 ./Core/Src/stm32f4xx_hal_msp.o
 .debug_frame   0x0000000000000aa0      0x104 ./Core/Src/stm32f4xx_it.o
 .debug_frame   0x0000000000000ba4      0x2ac ./Core/Src/syscalls.o
 .debug_frame   0x0000000000000e50       0x34 ./Core/Src/sysmem.o
 .debug_frame   0x0000000000000e84       0x58 ./Core/Src/system_stm32f4xx.o
 .debug_frame   0x0000000000000edc      0x374 ./Drivers/STM32F4xx_HAL_Driver/Src/stm32f4xx_hal.o
 .debug_frame   0x0000000000001250      0x498 ./Drivers/STM32F4xx_HAL_Driver/Src/stm32f4xx_hal_cortex.o
 .debug_frame   0x00000000000016e8      0x1f4 ./Drivers/STM32F4xx_HAL_Driver/Src/stm32f4xx_hal_rcc.o
 .debug_frame   0x00000000000018dc       0x20 O:/programs/STMicroelectronics/STM32CubeIDE_1.13.1/STM32CubeIDE/plugins/com.st.stm32cube.ide.mcu.externaltools.gnu-tools-for-stm32.11.3.rel1.win32_1.1.0.202305231506/tools/bin/../lib/gcc/arm-none-eabi/11.3.1/../../../../arm-none-eabi/lib/thumb/v7e-m+fp/hard\libstdc++_nano.a(del_ops.o)
 .debug_frame   0x00000000000018fc       0x28 O:/programs/STMicroelectronics/STM32CubeIDE_1.13.1/STM32CubeIDE/plugins/com.st.stm32cube.ide.mcu.externaltools.gnu-tools-for-stm32.11.3.rel1.win32_1.1.0.202305231506/tools/bin/../lib/gcc/arm-none-eabi/11.3.1/../../../../arm-none-eabi/lib/thumb/v7e-m+fp/hard\libstdc++_nano.a(new_op.o)
 .debug_frame   0x0000000000001924      0x188 O:/programs/STMicroelectronics/STM32CubeIDE_1.13.1/STM32CubeIDE/plugins/com.st.stm32cube.ide.mcu.externaltools.gnu-tools-for-stm32.11.3.rel1.win32_1.1.0.202305231506/tools/bin/../lib/gcc/arm-none-eabi/11.3.1/../../../../arm-none-eabi/lib/thumb/v7e-m+fp/hard\libstdc++_nano.a(functexcept.o)
 .debug_frame   0x0000000000001aac       0x20 O:/programs/STMicroelectronics/STM32CubeIDE_1.13.1/STM32CubeIDE/plugins/com.st.stm32cube.ide.mcu.externaltools.gnu-tools-for-stm32.11.3.rel1.win32_1.1.0.202305231506/tools/bin/../lib/gcc/arm-none-eabi/11.3.1/../../../../arm-none-eabi/lib/thumb/v7e-m+fp/hard\libstdc++_nano.a(del_op.o)
 .debug_frame   0x0000000000001acc       0x30 O:/programs/STMicroelectronics/STM32CubeIDE_1.13.1/STM32CubeIDE/plugins/com.st.stm32cube.ide.mcu.externaltools.gnu-tools-for-stm32.11.3.rel1.win32_1.1.0.202305231506/tools/bin/../lib/gcc/arm-none-eabi/11.3.1/../../../../arm-none-eabi/lib/thumb/v7e-m+fp/hard\libstdc++_nano.a(new_handler.o)
 .debug_frame   0x0000000000001afc       0x28 O:/programs/STMicroelectronics/STM32CubeIDE_1.13.1/STM32CubeIDE/plugins/com.st.stm32cube.ide.mcu.externaltools.gnu-tools-for-stm32.11.3.rel1.win32_1.1.0.202305231506/tools/bin/../lib/gcc/arm-none-eabi/11.3.1/../../../../arm-none-eabi/lib/thumb/v7e-m+fp/hard\libc_nano.a(libc_a-abort.o)
 .debug_frame   0x0000000000001b24       0x30 O:/programs/STMicroelectronics/STM32CubeIDE_1.13.1/STM32CubeIDE/plugins/com.st.stm32cube.ide.mcu.externaltools.gnu-tools-for-stm32.11.3.rel1.win32_1.1.0.202305231506/tools/bin/../lib/gcc/arm-none-eabi/11.3.1/../../../../arm-none-eabi/lib/thumb/v7e-m+fp/hard\libc_nano.a(libc_a-malloc.o)
 .debug_frame   0x0000000000001b54       0x50 O:/programs/STMicroelectronics/STM32CubeIDE_1.13.1/STM32CubeIDE/plugins/com.st.stm32cube.ide.mcu.externaltools.gnu-tools-for-stm32.11.3.rel1.win32_1.1.0.202305231506/tools/bin/../lib/gcc/arm-none-eabi/11.3.1/../../../../arm-none-eabi/lib/thumb/v7e-m+fp/hard\libc_nano.a(libc_a-mallocr.o)
 .debug_frame   0x0000000000001ba4       0x30 O:/programs/STMicroelectronics/STM32CubeIDE_1.13.1/STM32CubeIDE/plugins/com.st.stm32cube.ide.mcu.externaltools.gnu-tools-for-stm32.11.3.rel1.win32_1.1.0.202305231506/tools/bin/../lib/gcc/arm-none-eabi/11.3.1/../../../../arm-none-eabi/lib/thumb/v7e-m+fp/hard\libc_nano.a(libc_a-mlock.o)
 .debug_frame   0x0000000000001bd4      0x13c O:/programs/STMicroelectronics/STM32CubeIDE_1.13.1/STM32CubeIDE/plugins/com.st.stm32cube.ide.mcu.externaltools.gnu-tools-for-stm32.11.3.rel1.win32_1.1.0.202305231506/tools/bin/../lib/gcc/arm-none-eabi/11.3.1/../../../../arm-none-eabi/lib/thumb/v7e-m+fp/hard\libc_nano.a(libc_a-findfp.o)
 .debug_frame   0x0000000000001d10       0x28 O:/programs/STMicroelectronics/STM32CubeIDE_1.13.1/STM32CubeIDE/plugins/com.st.stm32cube.ide.mcu.externaltools.gnu-tools-for-stm32.11.3.rel1.win32_1.1.0.202305231506/tools/bin/../lib/gcc/arm-none-eabi/11.3.1/../../../../arm-none-eabi/lib/thumb/v7e-m+fp/hard\libc_nano.a(libc_a-memmove.o)
 .debug_frame   0x0000000000001d38       0x20 O:/programs/STMicroelectronics/STM32CubeIDE_1.13.1/STM32CubeIDE/plugins/com.st.stm32cube.ide.mcu.externaltools.gnu-tools-for-stm32.11.3.rel1.win32_1.1.0.202305231506/tools/bin/../lib/gcc/arm-none-eabi/11.3.1/../../../../arm-none-eabi/lib/thumb/v7e-m+fp/hard\libc_nano.a(libc_a-memset.o)
 .debug_frame   0x0000000000001d58       0xcc O:/programs/STMicroelectronics/STM32CubeIDE_1.13.1/STM32CubeIDE/plugins/com.st.stm32cube.ide.mcu.externaltools.gnu-tools-for-stm32.11.3.rel1.win32_1.1.0.202305231506/tools/bin/../lib/gcc/arm-none-eabi/11.3.1/../../../../arm-none-eabi/lib/thumb/v7e-m+fp/hard\libc_nano.a(libc_a-signal.o)
 .debug_frame   0x0000000000001e24       0x38 O:/programs/STMicroelectronics/STM32CubeIDE_1.13.1/STM32CubeIDE/plugins/com.st.stm32cube.ide.mcu.externaltools.gnu-tools-for-stm32.11.3.rel1.win32_1.1.0.202305231506/tools/bin/../lib/gcc/arm-none-eabi/11.3.1/../../../../arm-none-eabi/lib/thumb/v7e-m+fp/hard\libc_nano.a(libc_a-reent.o)
 .debug_frame   0x0000000000001e5c       0x3c O:/programs/STMicroelectronics/STM32CubeIDE_1.13.1/STM32CubeIDE/plugins/com.st.stm32cube.ide.mcu.externaltools.gnu-tools-for-stm32.11.3.rel1.win32_1.1.0.202305231506/tools/bin/../lib/gcc/arm-none-eabi/11.3.1/../../../../arm-none-eabi/lib/thumb/v7e-m+fp/hard\libc_nano.a(libc_a-signalr.o)
 .debug_frame   0x0000000000001e98       0x2c O:/programs/STMicroelectronics/STM32CubeIDE_1.13.1/STM32CubeIDE/plugins/com.st.stm32cube.ide.mcu.externaltools.gnu-tools-for-stm32.11.3.rel1.win32_1.1.0.202305231506/tools/bin/../lib/gcc/arm-none-eabi/11.3.1/../../../../arm-none-eabi/lib/thumb/v7e-m+fp/hard\libc_nano.a(libc_a-sbrkr.o)
 .debug_frame   0x0000000000001ec4       0x20 O:/programs/STMicroelectronics/STM32CubeIDE_1.13.1/STM32CubeIDE/plugins/com.st.stm32cube.ide.mcu.externaltools.gnu-tools-for-stm32.11.3.rel1.win32_1.1.0.202305231506/tools/bin/../lib/gcc/arm-none-eabi/11.3.1/../../../../arm-none-eabi/lib/thumb/v7e-m+fp/hard\libc_nano.a(libc_a-errno.o)
 .debug_frame   0x0000000000001ee4       0x2c O:/programs/STMicroelectronics/STM32CubeIDE_1.13.1/STM32CubeIDE/plugins/com.st.stm32cube.ide.mcu.externaltools.gnu-tools-for-stm32.11.3.rel1.win32_1.1.0.202305231506/tools/bin/../lib/gcc/arm-none-eabi/11.3.1/../../../../arm-none-eabi/lib/thumb/v7e-m+fp/hard\libc_nano.a(libc_a-init.o)
 .debug_frame   0x0000000000001f10       0xb0 O:/programs/STMicroelectronics/STM32CubeIDE_1.13.1/STM32CubeIDE/plugins/com.st.stm32cube.ide.mcu.externaltools.gnu-tools-for-stm32.11.3.rel1.win32_1.1.0.202305231506/tools/bin/../lib/gcc/arm-none-eabi/11.3.1/../../../../arm-none-eabi/lib/thumb/v7e-m+fp/hard\libc_nano.a(libc_a-lock.o)