Archive member included to satisfy reference by file (symbol)

O:/programs/STMicroelectronics/STM32CubeIDE_1.13.1/STM32CubeIDE/plugins/com.st.stm32cube.ide.mcu.externaltools.gnu-tools-for-stm32.11.3.rel1.win32_1.1.0.202305231506/tools/bin/../lib/gcc/arm-none-eabi/11.3.1/../../../../arm-none-eabi/lib/thumb/v7e-m+fp/hard\libstdc++_nano.a(del_ops.o)
                              ./Core/Src/mainCpp.o (operator delete(void*, unsigned int))
O:/programs/STMicroelectronics/STM32CubeIDE_1.13.1/STM32CubeIDE/plugins/com.st.stm32cube.ide.mcu.externaltools.gnu-tools-for-stm32.11.3.rel1.win32_1.1.0.202305231506/tools/bin/../lib/gcc/arm-none-eabi/11.3.1/../../../../arm-none-eabi/lib/thumb/v7e-m+fp/hard\libstdc++_nano.a(new_op.o)
                              ./Core/Src/mainCpp.o (operator new(unsigned int))
O:/programs/STMicroelectronics/STM32CubeIDE_1.13.1/STM32CubeIDE/plugins/com.st.stm32cube.ide.mcu.externaltools.gnu-tools-for-stm32.11.3.rel1.win32_1.1.0.202305231506/tools/bin/../lib/gcc/arm-none-eabi/11.3.1/../../../../arm-none-eabi/lib/thumb/v7e-m+fp/hard\libstdc++_nano.a(functexcept.o)
                              ./Core/Src/mainCpp.o (std::__throw_bad_alloc())
O:/programs/STMicroelectronics/STM32CubeIDE_1.13.1/STM32CubeIDE/plugins/com.st.stm32cube.ide.mcu.externaltools.gnu-tools-for-stm32.11.3.rel1.win32_1.1.0.202305231506/tools/bin/../lib/gcc/arm-none-eabi/11.3.1/../../../../arm-none-eabi/lib/thumb/v7e-m+fp/hard\libstdc++_nano.a(snprintf_lite.o)
                              O:/programs/STMicroelectronics/STM32CubeIDE_1.13.1/STM32CubeIDE/plugins/com.st.stm32cube.ide.mcu.externaltools.gnu-tools-for-stm32.11.3.rel1.win32_1.1.0.202305231506/tools/bin/../lib/gcc/arm-none-eabi/11.3.1/../../../../arm-none-eabi/lib/thumb/v7e-m+fp/hard\libstdc++_nano.a(functexcept.o) (__gnu_cxx::__snprintf_lite(char*, unsigned int, char const*, std::__va_list))
O:/programs/STMicroelectronics/STM32CubeIDE_1.13.1/STM32CubeIDE/plugins/com.st.stm32cube.ide.mcu.externaltools.gnu-tools-for-stm32.11.3.rel1.win32_1.1.0.202305231506/tools/bin/../lib/gcc/arm-none-eabi/11.3.1/../../../../arm-none-eabi/lib/thumb/v7e-m+fp/hard\libstdc++_nano.a(del_op.o)
                              O:/programs/STMicroelectronics/STM32CubeIDE_1.13.1/STM32CubeIDE/plugins/com.st.stm32cube.ide.mcu.externaltools.gnu-tools-for-stm32.11.3.rel1.win32_1.1.0.202305231506/tools/bin/../lib/gcc/arm-none-eabi/11.3.1/../../../../arm-none-eabi/lib/thumb/v7e-m+fp/hard\libstdc++_nano.a(del_ops.o) (operator delete(void*))
O:/programs/STMicroelectronics/STM32CubeIDE_1.13.1/STM32CubeIDE/plugins/com.st.stm32cube.ide.mcu.externaltools.gnu-tools-for-stm32.11.3.rel1.win32_1.1.0.202305231506/tools/bin/../lib/gcc/arm-none-eabi/11.3.1/../../../../arm-none-eabi/lib/thumb/v7e-m+fp/hard\libstdc++_nano.a(new_handler.o)
                              O:/programs/STMicroelectronics/STM32CubeIDE_1.13.1/STM32CubeIDE/plugins/com.st.stm32cube.ide.mcu.externaltools.gnu-tools-for-stm32.11.3.rel1.win32_1.1.0.202305231506/tools/bin/../lib/gcc/arm-none-eabi/11.3.1/../../../../arm-none-eabi/lib/thumb/v7e-m+fp/hard\libstdc++_nano.a(new_op.o) (std::get_new_handler())
O:/programs/STMicroelectronics/STM32CubeIDE_1.13.1/STM32CubeIDE/plugins/com.st.stm32cube.ide.mcu.externaltools.gnu-tools-for-stm32.11.3.rel1.win32_1.1.0.202305231506/tools/bin/../lib/gcc/arm-none-eabi/11.3.1/../../../../arm-none-eabi/lib/thumb/v7e-m+fp/hard\libc_nano.a(libc_a-abort.o)
                              O:/programs/STMicroelectronics/STM32CubeIDE_1.13.1/STM32CubeIDE/plugins/com.st.stm32cube.ide.mcu.externaltools.gnu-tools-for-stm32.11.3.rel1.win32_1.1.0.202305231506/tools/bin/../lib/gcc/arm-none-eabi/11.3.1/../../../../arm-none-eabi/lib/thumb/v7e-m+fp/hard\libstdc++_nano.a(new_op.o) (abort)
O:/programs/STMicroelectronics/STM32CubeIDE_1.13.1/STM32CubeIDE/plugins/com.st.stm32cube.ide.mcu.externaltools.gnu-tools-for-stm32.11.3.rel1.win32_1.1.0.202305231506/tools/bin/../lib/gcc/arm-none-eabi/11.3.1/../../../../arm-none-eabi/lib/thumb/v7e-m+fp/hard\libc_nano.a(libc_a-exit.o)
                              O:/programs/STMicroelectronics/STM32CubeIDE_1.13.1/STM32CubeIDE/plugins/com.st.stm32cube.ide.mcu.externaltools.gnu-tools-for-stm32.11.3.rel1.win32_1.1.0.202305231506/tools/bin/../lib/gcc/arm-none-eabi/11.3.1/../../../../arm-none-eabi/lib/thumb/v7e-m+fp/hard/crt0.o (exit)
O:/programs/STMicroelectronics/STM32CubeIDE_1.13.1/STM32CubeIDE/plugins/com.st.stm32cube.ide.mcu.externaltools.gnu-tools-for-stm32.11.3.rel1.win32_1.1.0.202305231506/tools/bin/../lib/gcc/arm-none-eabi/11.3.1/../../../../arm-none-eabi/lib/thumb/v7e-m+fp/hard\libc_nano.a(libc_a-malloc.o)
                              O:/programs/STMicroelectronics/STM32CubeIDE_1.13.1/STM32CubeIDE/plugins/com.st.stm32cube.ide.mcu.externaltools.gnu-tools-for-stm32.11.3.rel1.win32_1.1.0.202305231506/tools/bin/../lib/gcc/arm-none-eabi/11.3.1/../../../../arm-none-eabi/lib/thumb/v7e-m+fp/hard\libstdc++_nano.a(new_op.o) (malloc)
[...]
Memory Configuration

Name             Origin             Length             Attributes
RAM              0x0000000020000000 0x0000000000020000 xrw
FLASH            0x0000000008000000 0x0000000000080000 xr
*default*        0x0000000000000000 0xffffffffffffffff

Linker script and memory map

LOAD O:/programs/STMicroelectronics/STM32CubeIDE_1.13.1/STM32CubeIDE/plugins/com.st.stm32cube.ide.mcu.externaltools.gnu-tools-for-stm32.11.3.rel1.win32_1.1.0.202305231506/tools/bin/../lib/gcc/arm-none-eabi/11.3.1/thumb/v7e-m+fp/hard/crti.o
LOAD O:/programs/STMicroelectronics/STM32CubeIDE_1.13.1/STM32CubeIDE/plugins/com.st.stm32cube.ide.mcu.externaltools.gnu-tools-for-stm32.11.3.rel1.win32_1.1.0.202305231506/tools/bin/../lib/gcc/arm-none-eabi/11.3.1/thumb/v7e-m+fp/hard/crtbegin.o
LOAD O:/programs/STMicroelectronics/STM32CubeIDE_1.13.1/STM32CubeIDE/plugins/com.st.stm32cube.ide.mcu.externaltools.gnu-tools-for-stm32.11.3.rel1.win32_1.1.0.202305231506/tools/bin/../lib/gcc/arm-none-eabi/11.3.1/../../../../arm-none-eabi/lib/thumb/v7e-m+fp/hard/crt0.o
LOAD ./Core/Src/gpio.o
LOAD ./Core/Src/main.o
LOAD ./Core/Src/mainCpp.o
LOAD ./Core/Src/stm32f4xx_hal_msp.o
LOAD ./Core/Src/stm32f4xx_hal_timebase_tim.o
LOAD ./Core/Src/stm32f4xx_it.o
LOAD ./Core/Src/syscalls.o
LOAD ./Core/Src/sysmem.o
LOAD ./Core/Src/system_stm32f4xx.o
LOAD ./Core/Startup/startup_stm32f411ceux.o
LOAD ./Drivers/STM32F4xx_HAL_Driver/Src/stm32f4xx_hal.o
LOAD ./Drivers/STM32F4xx_HAL_Driver/Src/stm32f4xx_hal_cortex.o
LOAD ./Drivers/STM32F4xx_HAL_Driver/Src/stm32f4xx_hal_dma.o
LOAD ./Drivers/STM32F4xx_HAL_Driver/Src/stm32f4xx_hal_dma_ex.o
LOAD ./Drivers/STM32F4xx_HAL_Driver/Src/stm32f4xx_hal_exti.o
LOAD ./Drivers/STM32F4xx_HAL_Driver/Src/stm32f4xx_hal_flash.o
LOAD ./Drivers/STM32F4xx_HAL_Driver/Src/stm32f4xx_hal_flash_ex.o
LOAD ./Drivers/STM32F4xx_HAL_Driver/Src/stm32f4xx_hal_flash_ramfunc.o
LOAD ./Drivers/STM32F4xx_HAL_Driver/Src/stm32f4xx_hal_gpio.o
LOAD ./Drivers/STM32F4xx_HAL_Driver/Src/stm32f4xx_hal_pwr.o
LOAD ./Drivers/STM32F4xx_HAL_Driver/Src/stm32f4xx_hal_pwr_ex.o
LOAD ./Drivers/STM32F4xx_HAL_Driver/Src/stm32f4xx_hal_rcc.o
LOAD ./Drivers/STM32F4xx_HAL_Driver/Src/stm32f4xx_hal_rcc_ex.o
LOAD ./Drivers/STM32F4xx_HAL_Driver/Src/stm32f4xx_hal_tim.o
LOAD ./Drivers/STM32F4xx_HAL_Driver/Src/stm32f4xx_hal_tim_ex.o
START GROUP
LOAD O:/programs/STMicroelectronics/STM32CubeIDE_1.13.1/STM32CubeIDE/plugins/com.st.stm32cube.ide.mcu.externaltools.gnu-tools-for-stm32.11.3.rel1.win32_1.1.0.202305231506/tools/bin/../lib/gcc/arm-none-eabi/11.3.1/../../../../arm-none-eabi/lib/thumb/v7e-m+fp/hard\libstdc++_nano.a
LOAD O:/programs/STMicroelectronics/STM32CubeIDE_1.13.1/STM32CubeIDE/plugins/com.st.stm32cube.ide.mcu.externaltools.gnu-tools-for-stm32.11.3.rel1.win32_1.1.0.202305231506/tools/bin/../lib/gcc/arm-none-eabi/11.3.1/../../../../arm-none-eabi/lib/thumb/v7e-m+fp/hard\libsupc++_nano.a
END GROUP
LOAD O:/programs/STMicroelectronics/STM32CubeIDE_1.13.1/STM32CubeIDE/plugins/com.st.stm32cube.ide.mcu.externaltools.gnu-tools-for-stm32.11.3.rel1.win32_1.1.0.202305231506/tools/bin/../lib/gcc/arm-none-eabi/11.3.1/../../../../arm-none-eabi/lib/thumb/v7e-m+fp/hard\libstdc++_nano.a
LOAD O:/programs/STMicroelectronics/STM32CubeIDE_1.13.1/STM32CubeIDE/plugins/com.st.stm32cube.ide.mcu.externaltools.gnu-tools-for-stm32.11.3.rel1.win32_1.1.0.202305231506/tools/bin/../lib/gcc/arm-none-eabi/11.3.1/../../../../arm-none-eabi/lib/thumb/v7e-m+fp/hard\libm.a
LOAD O:/programs/STMicroelectronics/STM32CubeIDE_1.13.1/STM32CubeIDE/plugins/com.st.stm32cube.ide.mcu.externaltools.gnu-tools-for-stm32.11.3.rel1.win32_1.1.0.202305231506/tools/bin/../lib/gcc/arm-none-eabi/11.3.1/../../../../arm-none-eabi/lib/thumb/v7e-m+fp/hard\libc_nano.a
START GROUP
LOAD O:/programs/STMicroelectronics/STM32CubeIDE_1.13.1/STM32CubeIDE/plugins/com.st.stm32cube.ide.mcu.externaltools.gnu-tools-for-stm32.11.3.rel1.win32_1.1.0.202305231506/tools/bin/../lib/gcc/arm-none-eabi/11.3.1/thumb/v7e-m+fp/hard\libgcc.a
LOAD O:/programs/STMicroelectronics/STM32CubeIDE_1.13.1/STM32CubeIDE/plugins/com.st.stm32cube.ide.mcu.externaltools.gnu-tools-for-stm32.11.3.rel1.win32_1.1.0.202305231506/tools/bin/../lib/gcc/arm-none-eabi/11.3.1/../../../../arm-none-eabi/lib/thumb/v7e-m+fp/hard\libc_nano.a
END GROUP
START GROUP
LOAD O:/programs/STMicroelectronics/STM32CubeIDE_1.13.1/STM32CubeIDE/plugins/com.st.stm32cube.ide.mcu.externaltools.gnu-tools-for-stm32.11.3.rel1.win32_1.1.0.202305231506/tools/bin/../lib/gcc/arm-none-eabi/11.3.1/thumb/v7e-m+fp/hard\libgcc.a
LOAD O:/programs/STMicroelectronics/STM32CubeIDE_1.13.1/STM32CubeIDE/plugins/com.st.stm32cube.ide.mcu.externaltools.gnu-tools-for-stm32.11.3.rel1.win32_1.1.0.202305231506/tools/bin/../lib/gcc/arm-none-eabi/11.3.1/../../../../arm-none-eabi/lib/thumb/v7e-m+fp/hard\libc_nano.a
LOAD O:/programs/STMicroelectronics/STM32CubeIDE_1.13.1/STM32CubeIDE/plugins/com.st.stm32cube.ide.mcu.externaltools.gnu-tools-for-stm32.11.3.rel1.win32_1.1.0.202305231506/tools/bin/../lib/gcc/arm-none-eabi/11.3.1/../../../../arm-none-eabi/lib/thumb/v7e-m+fp/hard\libnosys.a
END GROUP
START GROUP
LOAD O:/programs/STMicroelectronics/STM32CubeIDE_1.13.1/STM32CubeIDE/plugins/com.st.stm32cube.ide.mcu.externaltools.gnu-tools-for-stm32.11.3.rel1.win32_1.1.0.202305231506/tools/bin/../lib/gcc/arm-none-eabi/11.3.1/thumb/v7e-m+fp/hard\libgcc.a
LOAD O:/programs/STMicroelectronics/STM32CubeIDE_1.13.1/STM32CubeIDE/plugins/com.st.stm32cube.ide.mcu.externaltools.gnu-tools-for-stm32.11.3.rel1.win32_1.1.0.202305231506/tools/bin/../lib/gcc/arm-none-eabi/11.3.1/../../../../arm-none-eabi/lib/thumb/v7e-m+fp/hard\libc_nano.a
LOAD O:/programs/STMicroelectronics/STM32CubeIDE_1.13.1/STM32CubeIDE/plugins/com.st.stm32cube.ide.mcu.externaltools.gnu-tools-for-stm32.11.3.rel1.win32_1.1.0.202305231506/tools/bin/../lib/gcc/arm-none-eabi/11.3.1/../../../../arm-none-eabi/lib/thumb/v7e-m+fp/hard\libnosys.a
END GROUP
LOAD O:/programs/STMicroelectronics/STM32CubeIDE_1.13.1/STM32CubeIDE/plugins/com.st.stm32cube.ide.mcu.externaltools.gnu-tools-for-stm32.11.3.rel1.win32_1.1.0.202305231506/tools/bin/../lib/gcc/arm-none-eabi/11.3.1/thumb/v7e-m+fp/hard/crtend.o
LOAD O:/programs/STMicroelectronics/STM32CubeIDE_1.13.1/STM32CubeIDE/plugins/com.st.stm32cube.ide.mcu.externaltools.gnu-tools-for-stm32.11.3.rel1.win32_1.1.0.202305231506/tools/bin/../lib/gcc/arm-none-eabi/11.3.1/thumb/v7e-m+fp/hard/crtn.o
                0x0000000020020000                _estack = (ORIGIN (RAM) + LENGTH (RAM))
                0x0000000000000200                _Min_Heap_Size = 0x200
                0x0000000000000400                _Min_Stack_Size = 0x400

.isr_vector     0x0000000008000000      0x198
                0x0000000008000000                . = ALIGN (0x4)
 *(.isr_vector)
 .isr_vector    0x0000000008000000      0x198 ./Core/Startup/startup_stm32f411ceux.o
                0x0000000008000000                g_pfnVectors
                0x0000000008000198                . = ALIGN (0x4)

.text           0x0000000008000198     0x2a40
                0x0000000008000198                . = ALIGN (0x4)
 *(.text)
 .text          0x0000000008000198       0x40 O:/programs/STMicroelectronics/STM32CubeIDE_1.13.1/STM32CubeIDE/plugins/com.st.stm32cube.ide.mcu.externaltools.gnu-tools-for-stm32.11.3.rel1.win32_1.1.0.202305231506/tools/bin/../lib/gcc/arm-none-eabi/11.3.1/thumb/v7e-m+fp/hard/crtbegin.o
 .text          0x00000000080001d8       0x30 O:/programs/STMicroelectronics/STM32CubeIDE_1.13.1/STM32CubeIDE/plugins/com.st.stm32cube.ide.mcu.externaltools.gnu-tools-for-stm32.11.3.rel1.win32_1.1.0.202305231506/tools/bin/../lib/gcc/arm-none-eabi/11.3.1/thumb/v7e-m+fp/hard\libgcc.a(_aeabi_uldivmod.o)
                0x00000000080001d8                __aeabi_uldivmod
 .text          0x0000000008000208      0x2c8 O:/programs/STMicroelectronics/STM32CubeIDE_1.13.1/STM32CubeIDE/plugins/com.st.stm32cube.ide.mcu.externaltools.gnu-tools-for-stm32.11.3.rel1.win32_1.1.0.202305231506/tools/bin/../lib/gcc/arm-none-eabi/11.3.1/thumb/v7e-m+fp/hard\libgcc.a(_udivmoddi4.o)
                0x0000000008000208                __udivmoddi4
 .text          0x00000000080004d0        0x4 O:/programs/STMicroelectronics/STM32CubeIDE_1.13.1/STM32CubeIDE/plugins/com.st.stm32cube.ide.mcu.externaltools.gnu-tools-for-stm32.11.3.rel1.win32_1.1.0.202305231506/tools/bin/../lib/gcc/arm-none-eabi/11.3.1/thumb/v7e-m+fp/hard\libgcc.a(_dvmd_tls.o)
                0x00000000080004d0                __aeabi_idiv0
                0x00000000080004d0                __aeabi_ldiv0
 *(.text*)
 .text.MX_GPIO_Init
                0x00000000080004d4       0x34 ./Core/Src/gpio.o
                0x00000000080004d4                MX_GPIO_Init
 .text.main     0x0000000008000508       0x16 ./Core/Src/main.o
                0x0000000008000508                main
 *fill*         0x000000000800051e        0x2 
 .text.SystemClock_Config
                0x0000000008000520       0xd0 ./Core/Src/main.o
                0x0000000008000520                SystemClock_Config
 .text.HAL_TIM_PeriodElapsedCallback
                0x00000000080005f0       0x24 ./Core/Src/main.o
                0x00000000080005f0                HAL_TIM_PeriodElapsedCallback
 .text.Error_Handler
                0x0000000008000614        0xa ./Core/Src/main.o
                0x0000000008000614                Error_Handler
 .text.assert_failed
                0x000000000800061e       0x16 ./Core/Src/main.o
                0x000000000800061e                assert_failed
 .text._ZnwjPv  0x0000000008000634       0x18 ./Core/Src/mainCpp.o
                0x0000000008000634                operator new(unsigned int, void*)
 .text._ZSt3minIjERKT_S2_S2_
                0x000000000800064c       0x28 ./Core/Src/mainCpp.o
                0x000000000800064c                unsigned int const& std::min<unsigned int>(unsigned int const&, unsigned int const&)
 .text.mainCpp_call
                0x0000000008000674        0xc ./Core/Src/mainCpp.o
                0x0000000008000674                mainCpp_call
 .text._ZNSt12_Vector_baseIiSaIiEEC2Ev
                0x0000000008000680       0x1a ./Core/Src/mainCpp.o
                0x0000000008000680                std::_Vector_base<int, std::allocator<int> >::_Vector_base()
                0x0000000008000680                std::_Vector_base<int, std::allocator<int> >::_Vector_base()
 .text._ZNSt6vectorIiSaIiEEC2Ev
                0x000000000800069a       0x1a ./Core/Src/mainCpp.o
                0x000000000800069a                std::vector<int, std::allocator<int> >::vector()
                0x000000000800069a                std::vector<int, std::allocator<int> >::vector()
 .text._ZN4testC2Ev
                0x00000000080006b4       0x1c ./Core/Src/mainCpp.o
                0x00000000080006b4                test::test()
                0x00000000080006b4                test::test()
 .text._Z7mainCppv
                0x00000000080006d0       0x26 ./Core/Src/mainCpp.o
                0x00000000080006d0                mainCpp()
 .text._ZSt3maxIjERKT_S2_S2_
                0x00000000080006f6       0x28 ./Core/Src/mainCpp.o
                0x00000000080006f6                unsigned int const& std::max<unsigned int>(unsigned int const&, unsigned int const&)
 .text._ZSt7forwardIiEOT_RNSt16remove_referenceIS0_E4typeE
                0x000000000800071e       0x16 ./Core/Src/mainCpp.o
                0x000000000800071e                int&& std::forward<int>(std::remove_reference<int>::type&)
 .text._ZNSt12_Vector_baseIiSaIiEE12_Vector_implC2Ev
                0x0000000008000734       0x20 ./Core/Src/mainCpp.o
                0x0000000008000734                std::_Vector_base<int, std::allocator<int> >::_Vector_impl::_Vector_impl()
                0x0000000008000734                std::_Vector_base<int, std::allocator<int> >::_Vector_impl::_Vector_impl()
 .text._ZNSt6vectorIiSaIiEE9push_backEOi
                0x0000000008000754       0x22 ./Core/Src/mainCpp.o
                0x0000000008000754                std::vector<int, std::allocator<int> >::push_back(int&&)
 .text._ZNSaIiEC2Ev
                0x0000000008000776       0x18 ./Core/Src/mainCpp.o
                0x0000000008000776                std::allocator<int>::allocator()
                0x0000000008000776                std::allocator<int>::allocator()
 .text._ZNSt12_Vector_baseIiSaIiEE17_Vector_impl_dataC2Ev
                0x000000000800078e       0x28 ./Core/Src/mainCpp.o
                0x000000000800078e                std::_Vector_base<int, std::allocator<int> >::_Vector_impl_data::_Vector_impl_data()
                0x000000000800078e                std::_Vector_base<int, std::allocator<int> >::_Vector_impl_data::_Vector_impl_data()
 .text._ZNSt12_Vector_baseIiSaIiEE13_M_deallocateEPij
                0x00000000080007b6       0x26 ./Core/Src/mainCpp.o
                0x00000000080007b6                std::_Vector_base<int, std::allocator<int> >::_M_deallocate(int*, unsigned int)
 .text._ZNSt12_Vector_baseIiSaIiEE19_M_get_Tp_allocatorEv
                0x00000000080007dc       0x16 ./Core/Src/mainCpp.o
                0x00000000080007dc                std::_Vector_base<int, std::allocator<int> >::_M_get_Tp_allocator()
 .text._ZSt8_DestroyIPiiEvT_S1_RSaIT0_E
                0x00000000080007f2       0x1c ./Core/Src/mainCpp.o
                0x00000000080007f2                void std::_Destroy<int*, int>(int*, int*, std::allocator<int>&)
 .text._ZSt4moveIRiEONSt16remove_referenceIT_E4typeEOS2_
                0x000000000800080e       0x16 ./Core/Src/mainCpp.o
                0x000000000800080e                std::remove_reference<int&>::type&& std::move<int&>(int&)
 .text._ZNSt6vectorIiSaIiEE12emplace_backIJiEEEvDpOT_
                0x0000000008000824       0x5c ./Core/Src/mainCpp.o
                0x0000000008000824                void std::vector<int, std::allocator<int> >::emplace_back<int>(int&&)
 .text._ZN9__gnu_cxx13new_allocatorIiEC2Ev
                0x0000000008000880       0x16 ./Core/Src/mainCpp.o
                0x0000000008000880                __gnu_cxx::new_allocator<int>::new_allocator()
                0x0000000008000880                __gnu_cxx::new_allocator<int>::new_allocator()
 .text._ZNSt16allocator_traitsISaIiEE10deallocateERS0_Pij
                0x0000000008000896       0x1e ./Core/Src/mainCpp.o
                0x0000000008000896                std::allocator_traits<std::allocator<int> >::deallocate(std::allocator<int>&, int*, unsigned int)
 .text._ZSt8_DestroyIPiEvT_S1_
                0x00000000080008b4       0x1a ./Core/Src/mainCpp.o
                0x00000000080008b4                void std::_Destroy<int*>(int*, int*)
 .text._ZNSt16allocator_traitsISaIiEE9constructIiJiEEEvRS0_PT_DpOT0_
                0x00000000080008ce       0x26 ./Core/Src/mainCpp.o
                0x00000000080008ce                void std::allocator_traits<std::allocator<int> >::construct<int, int>(std::allocator<int>&, int*, int&&)
 .text._ZNSt6vectorIiSaIiEE3endEv
                0x00000000080008f4       0x22 ./Core/Src/mainCpp.o
                0x00000000080008f4                std::vector<int, std::allocator<int> >::end()
 .text._ZNSt6vectorIiSaIiEE15_S_use_relocateEv
                0x0000000008000916       0x16 ./Core/Src/mainCpp.o
                0x0000000008000916                std::vector<int, std::allocator<int> >::_S_use_relocate()
 .text._ZNSt6vectorIiSaIiEE19_S_nothrow_relocateESt17integral_constantIbLb1EE
                0x000000000800092c       0x16 ./Core/Src/mainCpp.o
                0x000000000800092c                std::vector<int, std::allocator<int> >::_S_nothrow_relocate(std::integral_constant<bool, true>)
 *fill*         0x0000000008000942        0x2 
 .text._ZNSt6vectorIiSaIiEE17_M_realloc_insertIJiEEEvN9__gnu_cxx17__normal_iteratorIPiS1_EEDpOT_
                0x0000000008000944      0x178 ./Core/Src/mainCpp.o
                0x0000000008000944                void std::vector<int, std::allocator<int> >::_M_realloc_insert<int>(__gnu_cxx::__normal_iterator<int*, std::vector<int, std::allocator<int> > >, int&&)
 .text._ZN9__gnu_cxx13new_allocatorIiE10deallocateEPij
                0x0000000008000abc       0x20 ./Core/Src/mainCpp.o
                0x0000000008000abc                __gnu_cxx::new_allocator<int>::deallocate(int*, unsigned int)
 .text._ZNSt12_Destroy_auxILb1EE9__destroyIPiEEvT_S3_
                0x0000000008000adc       0x16 ./Core/Src/mainCpp.o
                0x0000000008000adc                void std::_Destroy_aux<true>::__destroy<int*>(int*, int*)
 .text._ZN9__gnu_cxx13new_allocatorIiE9constructIiJiEEEvPT_DpOT0_
                0x0000000008000af2       0x2c ./Core/Src/mainCpp.o
                0x0000000008000af2                void __gnu_cxx::new_allocator<int>::construct<int, int>(int*, int&&)
 .text._ZN9__gnu_cxx17__normal_iteratorIPiSt6vectorIiSaIiEEEC2ERKS1_
                0x0000000008000b1e       0x20 ./Core/Src/mainCpp.o
                0x0000000008000b1e                __gnu_cxx::__normal_iterator<int*, std::vector<int, std::allocator<int> > >::__normal_iterator(int* const&)
                0x0000000008000b1e                __gnu_cxx::__normal_iterator<int*, std::vector<int, std::allocator<int> > >::__normal_iterator(int* const&)
 .text._ZNKSt6vectorIiSaIiEE12_M_check_lenEjPKc
                0x0000000008000b3e       0x8e ./Core/Src/mainCpp.o
                0x0000000008000b3e                std::vector<int, std::allocator<int> >::_M_check_len(unsigned int, char const*) const
 .text._ZNSt6vectorIiSaIiEE5beginEv
                0x0000000008000bcc       0x20 ./Core/Src/mainCpp.o
                0x0000000008000bcc                std::vector<int, std::allocator<int> >::begin()
 .text._ZN9__gnu_cxxmiIPiSt6vectorIiSaIiEEEENS_17__normal_iteratorIT_T0_E15difference_typeERKS8_SB_
                0x0000000008000bec       0x2a ./Core/Src/mainCpp.o
                0x0000000008000bec                __gnu_cxx::__normal_iterator<int*, std::vector<int, std::allocator<int> > >::difference_type __gnu_cxx::operator-<int*, std::vector<int, std::allocator<int> > >(__gnu_cxx::__normal_iterator<int*, std::vector<int, std::allocator<int> > > const&, __gnu_cxx::__normal_iterator<int*, std::vector<int, std::allocator<int> > > const&)
 .text._ZNSt12_Vector_baseIiSaIiEE11_M_allocateEj
                0x0000000008000c16       0x28 ./Core/Src/mainCpp.o
                0x0000000008000c16                std::_Vector_base<int, std::allocator<int> >::_M_allocate(unsigned int)
 .text._ZNSt6vectorIiSaIiEE11_S_relocateEPiS2_S2_RS0_
                0x0000000008000c3e       0x28 ./Core/Src/mainCpp.o
                0x0000000008000c3e                std::vector<int, std::allocator<int> >::_S_relocate(int*, int*, int*, std::allocator<int>&)
 .text._ZNK9__gnu_cxx17__normal_iteratorIPiSt6vectorIiSaIiEEE4baseEv
                0x0000000008000c66       0x16 ./Core/Src/mainCpp.o
                0x0000000008000c66                __gnu_cxx::__normal_iterator<int*, std::vector<int, std::allocator<int> > >::base() const
 .text._ZSt34__uninitialized_move_if_noexcept_aIPiS0_SaIiEET0_T_S3_S2_RT1_
                0x0000000008000c7c       0x32 ./Core/Src/mainCpp.o
                0x0000000008000c7c                int* std::__uninitialized_move_if_noexcept_a<int*, int*, std::allocator<int> >(int*, int*, int*, std::allocator<int>&)
 .text._ZNKSt6vectorIiSaIiEE8max_sizeEv
                0x0000000008000cae       0x22 ./Core/Src/mainCpp.o
                0x0000000008000cae                std::vector<int, std::allocator<int> >::max_size() const
 .text._ZNKSt6vectorIiSaIiEE4sizeEv
                0x0000000008000cd0       0x20 ./Core/Src/mainCpp.o
                0x0000000008000cd0                std::vector<int, std::allocator<int> >::size() const
 .text._ZNSt16allocator_traitsISaIiEE8allocateERS0_j
                0x0000000008000cf0       0x1e ./Core/Src/mainCpp.o
                0x0000000008000cf0                std::allocator_traits<std::allocator<int> >::allocate(std::allocator<int>&, unsigned int)
 .text._ZNSt6vectorIiSaIiEE14_S_do_relocateEPiS2_S2_RS0_St17integral_constantIbLb1EE
                0x0000000008000d0e       0x24 ./Core/Src/mainCpp.o
                0x0000000008000d0e                std::vector<int, std::allocator<int> >::_S_do_relocate(int*, int*, int*, std::allocator<int>&, std::integral_constant<bool, true>)
 .text._ZSt32__make_move_if_noexcept_iteratorIiSt13move_iteratorIPiEET0_PT_
                0x0000000008000d32       0x1e ./Core/Src/mainCpp.o
                0x0000000008000d32                std::move_iterator<int*> std::__make_move_if_noexcept_iterator<int, std::move_iterator<int*> >(int*)
 .text._ZSt22__uninitialized_copy_aISt13move_iteratorIPiES1_iET0_T_S4_S3_RSaIT1_E
                0x0000000008000d50       0x22 ./Core/Src/mainCpp.o
                0x0000000008000d50                int* std::__uninitialized_copy_a<std::move_iterator<int*>, int*, int>(std::move_iterator<int*>, std::move_iterator<int*>, int*, std::allocator<int>&)
 .text._ZNSt6vectorIiSaIiEE11_S_max_sizeERKS0_
                0x0000000008000d72       0x34 ./Core/Src/mainCpp.o
                0x0000000008000d72                std::vector<int, std::allocator<int> >::_S_max_size(std::allocator<int> const&)
 .text._ZNKSt12_Vector_baseIiSaIiEE19_M_get_Tp_allocatorEv
                0x0000000008000da6       0x16 ./Core/Src/mainCpp.o
                0x0000000008000da6                std::_Vector_base<int, std::allocator<int> >::_M_get_Tp_allocator() const
 .text._ZNK9__gnu_cxx13new_allocatorIiE11_M_max_sizeEv
                0x0000000008000dbc       0x18 ./Core/Src/mainCpp.o
                0x0000000008000dbc                __gnu_cxx::new_allocator<int>::_M_max_size() const
 .text._ZN9__gnu_cxx13new_allocatorIiE8allocateEjPKv
                0x0000000008000dd4       0x52 ./Core/Src/mainCpp.o
                0x0000000008000dd4                __gnu_cxx::new_allocator<int>::allocate(unsigned int, void const*)
 .text._ZSt12__relocate_aIPiS0_SaIiEET0_T_S3_S2_RT1_
                0x0000000008000e26       0x3a ./Core/Src/mainCpp.o
                0x0000000008000e26                int* std::__relocate_a<int*, int*, std::allocator<int> >(int*, int*, int*, std::allocator<int>&)
 .text._ZNSt13move_iteratorIPiEC2ES0_
                0x0000000008000e60       0x24 ./Core/Src/mainCpp.o
                0x0000000008000e60                std::move_iterator<int*>::move_iterator(int*)
                0x0000000008000e60                std::move_iterator<int*>::move_iterator(int*)
 .text._ZSt18uninitialized_copyISt13move_iteratorIPiES1_ET0_T_S4_S3_
                0x0000000008000e84       0x24 ./Core/Src/mainCpp.o
                0x0000000008000e84                int* std::uninitialized_copy<std::move_iterator<int*>, int*>(std::move_iterator<int*>, std::move_iterator<int*>, int*)
 .text._ZNSt16allocator_traitsISaIiEE8max_sizeERKS0_
                0x0000000008000ea8       0x18 ./Core/Src/mainCpp.o
                0x0000000008000ea8                std::allocator_traits<std::allocator<int> >::max_size(std::allocator<int> const&)
 .text._ZSt12__niter_baseIPiET_S1_
                0x0000000008000ec0       0x16 ./Core/Src/mainCpp.o
                0x0000000008000ec0                int* std::__niter_base<int*>(int*)
 .text._ZSt14__relocate_a_1IiiENSt9enable_ifIXsrSt24__is_bitwise_relocatableIT_vE5valueEPS2_E4typeES4_S4_S4_RSaIT0_E
                0x0000000008000ed6       0x3c ./Core/Src/mainCpp.o
                0x0000000008000ed6                std::enable_if<std::__is_bitwise_relocatable<int, void>::value, int*>::type std::__relocate_a_1<int, int>(int*, int*, int*, std::allocator<int>&)
 .text._ZSt4moveIRPiEONSt16remove_referenceIT_E4typeEOS3_
                0x0000000008000f12       0x16 ./Core/Src/mainCpp.o
                0x0000000008000f12                std::remove_reference<int*&>::type&& std::move<int*&>(int*&)
 .text._ZNSt20__uninitialized_copyILb1EE13__uninit_copyISt13move_iteratorIPiES3_EET0_T_S6_S5_
                0x0000000008000f28       0x20 ./Core/Src/mainCpp.o
                0x0000000008000f28                int* std::__uninitialized_copy<true>::__uninit_copy<std::move_iterator<int*>, int*>(std::move_iterator<int*>, std::move_iterator<int*>, int*)
 .text._ZNK9__gnu_cxx13new_allocatorIiE8max_sizeEv
                0x0000000008000f48       0x18 ./Core/Src/mainCpp.o
                0x0000000008000f48                __gnu_cxx::new_allocator<int>::max_size() const
 .text._ZSt4copyISt13move_iteratorIPiES1_ET0_T_S4_S3_
                0x0000000008000f60       0x30 ./Core/Src/mainCpp.o
                0x0000000008000f60                int* std::copy<std::move_iterator<int*>, int*>(std::move_iterator<int*>, std::move_iterator<int*>, int*)
 .text._ZSt12__miter_baseIPiEDTcl12__miter_basecldtfp_4baseEEESt13move_iteratorIT_E
                0x0000000008000f90       0x22 ./Core/Src/mainCpp.o
                0x0000000008000f90                decltype (__miter_base(({parm#1}.base)())) std::__miter_base<int*>(std::move_iterator<int*>)
 .text._ZSt13__copy_move_aILb1EPiS0_ET1_T0_S2_S1_
                0x0000000008000fb2       0x46 ./Core/Src/mainCpp.o
                0x0000000008000fb2                int* std::__copy_move_a<true, int*, int*>(int*, int*, int*)
 .text._ZNKSt13move_iteratorIPiE4baseEv
                0x0000000008000ff8       0x18 ./Core/Src/mainCpp.o
                0x0000000008000ff8                std::move_iterator<int*>::base() const
 .text._ZSt12__miter_baseIPiET_S1_
                0x0000000008001010       0x16 ./Core/Src/mainCpp.o
                0x0000000008001010                int* std::__miter_base<int*>(int*)
 .text._ZSt14__copy_move_a1ILb1EPiS0_ET1_T0_S2_S1_
                0x0000000008001026       0x20 ./Core/Src/mainCpp.o
                0x0000000008001026                int* std::__copy_move_a1<true, int*, int*>(int*, int*, int*)
 .text._ZSt12__niter_wrapIPiET_RKS1_S1_
                0x0000000008001046       0x18 ./Core/Src/mainCpp.o
                0x0000000008001046                int* std::__niter_wrap<int*>(int* const&, int*)
 .text._ZSt14__copy_move_a2ILb1EPiS0_ET1_T0_S2_S1_
                0x000000000800105e       0x20 ./Core/Src/mainCpp.o
                0x000000000800105e                int* std::__copy_move_a2<true, int*, int*>(int*, int*, int*)
 .text._ZNSt11__copy_moveILb1ELb1ESt26random_access_iterator_tagE8__copy_mIiEEPT_PKS3_S6_S4_
                0x000000000800107e       0x3a ./Core/Src/mainCpp.o
                0x000000000800107e                int* std::__copy_move<true, true, std::random_access_iterator_tag>::__copy_m<int>(int const*, int const*, int*)
 .text.HAL_MspInit
                0x00000000080010b8       0x50 ./Core/Src/stm32f4xx_hal_msp.o
                0x00000000080010b8                HAL_MspInit
 .text.HAL_InitTick
                0x0000000008001108       0xe4 ./Core/Src/stm32f4xx_hal_timebase_tim.o
                0x0000000008001108                HAL_InitTick
 .text.NMI_Handler
                0x00000000080011ec        0x6 ./Core/Src/stm32f4xx_it.o
                0x00000000080011ec                NMI_Handler
 .text.HardFault_Handler
                0x00000000080011f2        0x6 ./Core/Src/stm32f4xx_it.o
                0x00000000080011f2                HardFault_Handler
 .text.MemManage_Handler
                0x00000000080011f8        0x6 ./Core/Src/stm32f4xx_it.o
                0x00000000080011f8                MemManage_Handler
 .text.BusFault_Handler
                0x00000000080011fe        0x6 ./Core/Src/stm32f4xx_it.o
                0x00000000080011fe                BusFault_Handler
 .text.UsageFault_Handler
                0x0000000008001204        0x6 ./Core/Src/stm32f4xx_it.o
                0x0000000008001204                UsageFault_Handler
 .text.SVC_Handler
                0x000000000800120a        0xe ./Core/Src/stm32f4xx_it.o
                0x000000000800120a                SVC_Handler
 .text.DebugMon_Handler
                0x0000000008001218        0xe ./Core/Src/stm32f4xx_it.o
                0x0000000008001218                DebugMon_Handler
 .text.PendSV_Handler
                0x0000000008001226        0xe ./Core/Src/stm32f4xx_it.o
                0x0000000008001226                PendSV_Handler
 .text.SysTick_Handler
                0x0000000008001234        0xe ./Core/Src/stm32f4xx_it.o
                0x0000000008001234                SysTick_Handler
 *fill*         0x0000000008001242        0x2 
 .text.TIM1_TRG_COM_TIM11_IRQHandler
                0x0000000008001244       0x14 ./Core/Src/stm32f4xx_it.o
                0x0000000008001244                TIM1_TRG_COM_TIM11_IRQHandler
 .text._getpid  0x0000000008001258       0x10 ./Core/Src/syscalls.o
                0x0000000008001258                _getpid
 .text._kill    0x0000000008001268       0x20 ./Core/Src/syscalls.o
                0x0000000008001268                _kill
 .text._exit    0x0000000008001288       0x14 ./Core/Src/syscalls.o
                0x0000000008001288                _exit
 .text._sbrk    0x000000000800129c       0x6c ./Core/Src/sysmem.o
                0x000000000800129c                _sbrk
 .text.SystemInit
                0x0000000008001308       0x24 ./Core/Src/system_stm32f4xx.o
                0x0000000008001308                SystemInit
 .text.Reset_Handler
                0x000000000800132c       0x50 ./Core/Startup/startup_stm32f411ceux.o
                0x000000000800132c                Reset_Handler
 .text.Default_Handler
                0x000000000800137c        0x2 ./Core/Startup/startup_stm32f411ceux.o
                0x000000000800137c                RTC_Alarm_IRQHandler
                0x000000000800137c                EXTI2_IRQHandler
                0x000000000800137c                SPI4_IRQHandler
                0x000000000800137c                TIM1_CC_IRQHandler
                0x000000000800137c                DMA2_Stream5_IRQHandler
                0x000000000800137c                DMA1_Stream5_IRQHandler
                0x000000000800137c                PVD_IRQHandler
                0x000000000800137c                SDIO_IRQHandler
                0x000000000800137c                TAMP_STAMP_IRQHandler
                0x000000000800137c                EXTI3_IRQHandler
                0x000000000800137c                TIM1_UP_TIM10_IRQHandler
                0x000000000800137c                I2C3_ER_IRQHandler
                0x000000000800137c                EXTI0_IRQHandler
                0x000000000800137c                I2C2_EV_IRQHandler
                0x000000000800137c                DMA1_Stream2_IRQHandler
                0x000000000800137c                FPU_IRQHandler
                0x000000000800137c                DMA2_Stream2_IRQHandler
                0x000000000800137c                SPI1_IRQHandler
                0x000000000800137c                TIM1_BRK_TIM9_IRQHandler
                0x000000000800137c                DMA2_Stream3_IRQHandler
                0x000000000800137c                USART6_IRQHandler
                0x000000000800137c                DMA2_Stream0_IRQHandler
                0x000000000800137c                TIM4_IRQHandler
                0x000000000800137c                I2C1_EV_IRQHandler
                0x000000000800137c                DMA1_Stream6_IRQHandler
                0x000000000800137c                DMA1_Stream1_IRQHandler
                0x000000000800137c                TIM3_IRQHandler
                0x000000000800137c                RCC_IRQHandler
                0x000000000800137c                Default_Handler
                0x000000000800137c                EXTI15_10_IRQHandler
                0x000000000800137c                ADC_IRQHandler
                0x000000000800137c                DMA1_Stream7_IRQHandler
                0x000000000800137c                SPI5_IRQHandler
                0x000000000800137c                TIM5_IRQHandler
                0x000000000800137c                DMA2_Stream7_IRQHandler
                0x000000000800137c                I2C3_EV_IRQHandler
                0x000000000800137c                EXTI9_5_IRQHandler
                0x000000000800137c                RTC_WKUP_IRQHandler
                0x000000000800137c                SPI2_IRQHandler
                0x000000000800137c                DMA1_Stream0_IRQHandler
                0x000000000800137c                EXTI4_IRQHandler
                0x000000000800137c                WWDG_IRQHandler
                0x000000000800137c                TIM2_IRQHandler
                0x000000000800137c                OTG_FS_WKUP_IRQHandler
                0x000000000800137c                EXTI1_IRQHandler
                0x000000000800137c                USART2_IRQHandler
                0x000000000800137c                I2C2_ER_IRQHandler
                0x000000000800137c                DMA2_Stream1_IRQHandler
                0x000000000800137c                FLASH_IRQHandler
                0x000000000800137c                DMA2_Stream4_IRQHandler
                0x000000000800137c                USART1_IRQHandler
                0x000000000800137c                OTG_FS_IRQHandler
                0x000000000800137c                SPI3_IRQHandler
                0x000000000800137c                DMA1_Stream4_IRQHandler
                0x000000000800137c                I2C1_ER_IRQHandler
                0x000000000800137c                DMA2_Stream6_IRQHandler
                0x000000000800137c                DMA1_Stream3_IRQHandler
 *fill*         0x000000000800137e        0x2 
 .text.HAL_Init
                0x0000000008001380       0x44 ./Drivers/STM32F4xx_HAL_Driver/Src/stm32f4xx_hal.o
                0x0000000008001380                HAL_Init
 .text.HAL_IncTick
                0x00000000080013c4       0x28 ./Drivers/STM32F4xx_HAL_Driver/Src/stm32f4xx_hal.o
                0x00000000080013c4                HAL_IncTick
 .text.HAL_GetTick
                0x00000000080013ec       0x18 ./Drivers/STM32F4xx_HAL_Driver/Src/stm32f4xx_hal.o
                0x00000000080013ec                HAL_GetTick
 .text.__NVIC_SetPriorityGrouping
                0x0000000008001404       0x48 ./Drivers/STM32F4xx_HAL_Driver/Src/stm32f4xx_hal_cortex.o
 .text.__NVIC_GetPriorityGrouping
                0x000000000800144c       0x1c ./Drivers/STM32F4xx_HAL_Driver/Src/stm32f4xx_hal_cortex.o
 .text.__NVIC_EnableIRQ
                0x0000000008001468       0x3c ./Drivers/STM32F4xx_HAL_Driver/Src/stm32f4xx_hal_cortex.o
 .text.__NVIC_SetPriority
                0x00000000080014a4       0x54 ./Drivers/STM32F4xx_HAL_Driver/Src/stm32f4xx_hal_cortex.o
 .text.NVIC_EncodePriority
                0x00000000080014f8       0x66 ./Drivers/STM32F4xx_HAL_Driver/Src/stm32f4xx_hal_cortex.o
 *fill*         0x000000000800155e        0x2 
 .text.HAL_NVIC_SetPriorityGrouping
                0x0000000008001560       0x40 ./Drivers/STM32F4xx_HAL_Driver/Src/stm32f4xx_hal_cortex.o
                0x0000000008001560                HAL_NVIC_SetPriorityGrouping
 .text.HAL_NVIC_SetPriority
                0x00000000080015a0       0x58 ./Drivers/STM32F4xx_HAL_Driver/Src/stm32f4xx_hal_cortex.o
                0x00000000080015a0                HAL_NVIC_SetPriority
 .text.HAL_NVIC_EnableIRQ
                0x00000000080015f8       0x30 ./Drivers/STM32F4xx_HAL_Driver/Src/stm32f4xx_hal_cortex.o
                0x00000000080015f8                HAL_NVIC_EnableIRQ
 .text.HAL_RCC_OscConfig
                0x0000000008001628      0x650 ./Drivers/STM32F4xx_HAL_Driver/Src/stm32f4xx_hal_rcc.o
                0x0000000008001628                HAL_RCC_OscConfig
 .text.HAL_RCC_ClockConfig
                0x0000000008001c78      0x31c ./Drivers/STM32F4xx_HAL_Driver/Src/stm32f4xx_hal_rcc.o
                0x0000000008001c78                HAL_RCC_ClockConfig
 .text.HAL_RCC_GetSysClockFreq
                0x0000000008001f94      0x18c ./Drivers/STM32F4xx_HAL_Driver/Src/stm32f4xx_hal_rcc.o
                0x0000000008001f94                HAL_RCC_GetSysClockFreq
 .text.HAL_RCC_GetHCLKFreq
                0x0000000008002120       0x18 ./Drivers/STM32F4xx_HAL_Driver/Src/stm32f4xx_hal_rcc.o
                0x0000000008002120                HAL_RCC_GetHCLKFreq
 .text.HAL_RCC_GetPCLK2Freq
                0x0000000008002138       0x28 ./Drivers/STM32F4xx_HAL_Driver/Src/stm32f4xx_hal_rcc.o
                0x0000000008002138                HAL_RCC_GetPCLK2Freq
 .text.HAL_RCC_GetClockConfig
                0x0000000008002160       0x64 ./Drivers/STM32F4xx_HAL_Driver/Src/stm32f4xx_hal_rcc.o
                0x0000000008002160                HAL_RCC_GetClockConfig
 .text.HAL_TIM_Base_Init
                0x00000000080021c4      0x18c ./Drivers/STM32F4xx_HAL_Driver/Src/stm32f4xx_hal_tim.o
                0x00000000080021c4                HAL_TIM_Base_Init
 .text.HAL_TIM_Base_MspInit
                0x0000000008002350       0x14 ./Drivers/STM32F4xx_HAL_Driver/Src/stm32f4xx_hal_tim.o
                0x0000000008002350                HAL_TIM_Base_MspInit
 .text.HAL_TIM_Base_Start_IT
                0x0000000008002364      0x124 ./Drivers/STM32F4xx_HAL_Driver/Src/stm32f4xx_hal_tim.o
                0x0000000008002364                HAL_TIM_Base_Start_IT
 .text.HAL_TIM_IRQHandler
                0x0000000008002488      0x210 ./Drivers/STM32F4xx_HAL_Driver/Src/stm32f4xx_hal_tim.o
                0x0000000008002488                HAL_TIM_IRQHandler
 .text.HAL_TIM_OC_DelayElapsedCallback
                0x0000000008002698       0x14 ./Drivers/STM32F4xx_HAL_Driver/Src/stm32f4xx_hal_tim.o
                0x0000000008002698                HAL_TIM_OC_DelayElapsedCallback
 .text.HAL_TIM_IC_CaptureCallback
                0x00000000080026ac       0x14 ./Drivers/STM32F4xx_HAL_Driver/Src/stm32f4xx_hal_tim.o
                0x00000000080026ac                HAL_TIM_IC_CaptureCallback
 .text.HAL_TIM_PWM_PulseFinishedCallback
                0x00000000080026c0       0x14 ./Drivers/STM32F4xx_HAL_Driver/Src/stm32f4xx_hal_tim.o
                0x00000000080026c0                HAL_TIM_PWM_PulseFinishedCallback
 .text.HAL_TIM_TriggerCallback
                0x00000000080026d4       0x14 ./Drivers/STM32F4xx_HAL_Driver/Src/stm32f4xx_hal_tim.o
                0x00000000080026d4                HAL_TIM_TriggerCallback
 .text.TIM_Base_SetConfig
                0x00000000080026e8      0x100 ./Drivers/STM32F4xx_HAL_Driver/Src/stm32f4xx_hal_tim.o
                0x00000000080026e8                TIM_Base_SetConfig
 .text.HAL_TIMEx_CommutCallback
                0x00000000080027e8       0x14 ./Drivers/STM32F4xx_HAL_Driver/Src/stm32f4xx_hal_tim_ex.o
                0x00000000080027e8                HAL_TIMEx_CommutCallback
 .text.HAL_TIMEx_BreakCallback
                0x00000000080027fc       0x14 ./Drivers/STM32F4xx_HAL_Driver/Src/stm32f4xx_hal_tim_ex.o
                0x00000000080027fc                HAL_TIMEx_BreakCallback
 .text._ZdlPvj  0x0000000008002810        0x4 O:/programs/STMicroelectronics/STM32CubeIDE_1.13.1/STM32CubeIDE/plugins/com.st.stm32cube.ide.mcu.externaltools.gnu-tools-for-stm32.11.3.rel1.win32_1.1.0.202305231506/tools/bin/../lib/gcc/arm-none-eabi/11.3.1/../../../../arm-none-eabi/lib/thumb/v7e-m+fp/hard\libstdc++_nano.a(del_ops.o)
                0x0000000008002810                operator delete(void*, unsigned int)
 .text._Znwj    0x0000000008002814       0x22 O:/programs/STMicroelectronics/STM32CubeIDE_1.13.1/STM32CubeIDE/plugins/com.st.stm32cube.ide.mcu.externaltools.gnu-tools-for-stm32.11.3.rel1.win32_1.1.0.202305231506/tools/bin/../lib/gcc/arm-none-eabi/11.3.1/../../../../arm-none-eabi/lib/thumb/v7e-m+fp/hard\libstdc++_nano.a(new_op.o)
                0x0000000008002814                operator new(unsigned int)
 .text.unlikely._ZSt17__throw_bad_allocv
                0x0000000008002836        0x6 O:/programs/STMicroelectronics/STM32CubeIDE_1.13.1/STM32CubeIDE/plugins/com.st.stm32cube.ide.mcu.externaltools.gnu-tools-for-stm32.11.3.rel1.win32_1.1.0.202305231506/tools/bin/../lib/gcc/arm-none-eabi/11.3.1/../../../../arm-none-eabi/lib/thumb/v7e-m+fp/hard\libstdc++_nano.a(functexcept.o)
                0x0000000008002836                std::__throw_bad_alloc()
 .text.unlikely._ZSt28__throw_bad_array_new_lengthv
                0x000000000800283c        0x6 O:/programs/STMicroelectronics/STM32CubeIDE_1.13.1/STM32CubeIDE/plugins/com.st.stm32cube.ide.mcu.externaltools.gnu-tools-for-stm32.11.3.rel1.win32_1.1.0.202305231506/tools/bin/../lib/gcc/arm-none-eabi/11.3.1/../../../../arm-none-eabi/lib/thumb/v7e-m+fp/hard\libstdc++_nano.a(functexcept.o)
                0x000000000800283c                std::__throw_bad_array_new_length()
 .text.unlikely._ZSt20__throw_length_errorPKc
                0x0000000008002842        0x6 O:/programs/STMicroelectronics/STM32CubeIDE_1.13.1/STM32CubeIDE/plugins/com.st.stm32cube.ide.mcu.externaltools.gnu-tools-for-stm32.11.3.rel1.win32_1.1.0.202305231506/tools/bin/../lib/gcc/arm-none-eabi/11.3.1/../../../../arm-none-eabi/lib/thumb/v7e-m+fp/hard\libstdc++_nano.a(functexcept.o)
                0x0000000008002842                std::__throw_length_error(char const*)
 .text._ZdlPv   0x0000000008002848        0x4 O:/programs/STMicroelectronics/STM32CubeIDE_1.13.1/STM32CubeIDE/plugins/com.st.stm32cube.ide.mcu.externaltools.gnu-tools-for-stm32.11.3.rel1.win32_1.1.0.202305231506/tools/bin/../lib/gcc/arm-none-eabi/11.3.1/../../../../arm-none-eabi/lib/thumb/v7e-m+fp/hard\libstdc++_nano.a(del_op.o)
                0x0000000008002848                operator delete(void*)
 .text._ZSt15get_new_handlerv
                0x000000000800284c       0x10 O:/programs/STMicroelectronics/STM32CubeIDE_1.13.1/STM32CubeIDE/plugins/com.st.stm32cube.ide.mcu.externaltools.gnu-tools-for-stm32.11.3.rel1.win32_1.1.0.202305231506/tools/bin/../lib/gcc/arm-none-eabi/11.3.1/../../../../arm-none-eabi/lib/thumb/v7e-m+fp/hard\libstdc++_nano.a(new_handler.o)
                0x000000000800284c                std::get_new_handler()
 .text.abort    0x000000000800285c        0xe O:/programs/STMicroelectronics/STM32CubeIDE_1.13.1/STM32CubeIDE/plugins/com.st.stm32cube.ide.mcu.externaltools.gnu-tools-for-stm32.11.3.rel1.win32_1.1.0.202305231506/tools/bin/../lib/gcc/arm-none-eabi/11.3.1/../../../../arm-none-eabi/lib/thumb/v7e-m+fp/hard\libc_nano.a(libc_a-abort.o)
                0x000000000800285c                abort
 *fill*         0x000000000800286a        0x2 
 .text.malloc   0x000000000800286c       0x10 O:/programs/STMicroelectronics/STM32CubeIDE_1.13.1/STM32CubeIDE/plugins/com.st.stm32cube.ide.mcu.externaltools.gnu-tools-for-stm32.11.3.rel1.win32_1.1.0.202305231506/tools/bin/../lib/gcc/arm-none-eabi/11.3.1/../../../../arm-none-eabi/lib/thumb/v7e-m+fp/hard\libc_nano.a(libc_a-malloc.o)
                0x000000000800286c                malloc
 .text.free     0x000000000800287c       0x10 O:/programs/STMicroelectronics/STM32CubeIDE_1.13.1/STM32CubeIDE/plugins/com.st.stm32cube.ide.mcu.externaltools.gnu-tools-for-stm32.11.3.rel1.win32_1.1.0.202305231506/tools/bin/../lib/gcc/arm-none-eabi/11.3.1/../../../../arm-none-eabi/lib/thumb/v7e-m+fp/hard\libc_nano.a(libc_a-malloc.o)
                0x000000000800287c                free
 .text.sbrk_aligned
                0x000000000800288c       0x40 O:/programs/STMicroelectronics/STM32CubeIDE_1.13.1/STM32CubeIDE/plugins/com.st.stm32cube.ide.mcu.externaltools.gnu-tools-for-stm32.11.3.rel1.win32_1.1.0.202305231506/tools/bin/../lib/gcc/arm-none-eabi/11.3.1/../../../../arm-none-eabi/lib/thumb/v7e-m+fp/hard\libc_nano.a(libc_a-mallocr.o)
 .text._malloc_r
                0x00000000080028cc      0x100 O:/programs/STMicroelectronics/STM32CubeIDE_1.13.1/STM32CubeIDE/plugins/com.st.stm32cube.ide.mcu.externaltools.gnu-tools-for-stm32.11.3.rel1.win32_1.1.0.202305231506/tools/bin/../lib/gcc/arm-none-eabi/11.3.1/../../../../arm-none-eabi/lib/thumb/v7e-m+fp/hard\libc_nano.a(libc_a-mallocr.o)
                0x00000000080028cc                _malloc_r
 .text.__malloc_lock
                0x00000000080029cc        0xc O:/programs/STMicroelectronics/STM32CubeIDE_1.13.1/STM32CubeIDE/plugins/com.st.stm32cube.ide.mcu.externaltools.gnu-tools-for-stm32.11.3.rel1.win32_1.1.0.202305231506/tools/bin/../lib/gcc/arm-none-eabi/11.3.1/../../../../arm-none-eabi/lib/thumb/v7e-m+fp/hard\libc_nano.a(libc_a-mlock.o)
                0x00000000080029cc                __malloc_lock
 .text.__malloc_unlock
                0x00000000080029d8        0xc O:/programs/STMicroelectronics/STM32CubeIDE_1.13.1/STM32CubeIDE/plugins/com.st.stm32cube.ide.mcu.externaltools.gnu-tools-for-stm32.11.3.rel1.win32_1.1.0.202305231506/tools/bin/../lib/gcc/arm-none-eabi/11.3.1/../../../../arm-none-eabi/lib/thumb/v7e-m+fp/hard\libc_nano.a(libc_a-mlock.o)
                0x00000000080029d8                __malloc_unlock
 .text.memmove  0x00000000080029e4       0x34 O:/programs/STMicroelectronics/STM32CubeIDE_1.13.1/STM32CubeIDE/plugins/com.st.stm32cube.ide.mcu.externaltools.gnu-tools-for-stm32.11.3.rel1.win32_1.1.0.202305231506/tools/bin/../lib/gcc/arm-none-eabi/11.3.1/../../../../arm-none-eabi/lib/thumb/v7e-m+fp/hard\libc_nano.a(libc_a-memmove.o)
                0x00000000080029e4                memmove
 .text.memset   0x0000000008002a18       0x10 O:/programs/STMicroelectronics/STM32CubeIDE_1.13.1/STM32CubeIDE/plugins/com.st.stm32cube.ide.mcu.externaltools.gnu-tools-for-stm32.11.3.rel1.win32_1.1.0.202305231506/tools/bin/../lib/gcc/arm-none-eabi/11.3.1/../../../../arm-none-eabi/lib/thumb/v7e-m+fp/hard\libc_nano.a(libc_a-memset.o)
                0x0000000008002a18                memset
 .text._raise_r
                0x0000000008002a28       0x50 O:/programs/STMicroelectronics/STM32CubeIDE_1.13.1/STM32CubeIDE/plugins/com.st.stm32cube.ide.mcu.externaltools.gnu-tools-for-stm32.11.3.rel1.win32_1.1.0.202305231506/tools/bin/../lib/gcc/arm-none-eabi/11.3.1/../../../../arm-none-eabi/lib/thumb/v7e-m+fp/hard\libc_nano.a(libc_a-signal.o)
                0x0000000008002a28                _raise_r
 .text.raise    0x0000000008002a78       0x10 O:/programs/STMicroelectronics/STM32CubeIDE_1.13.1/STM32CubeIDE/plugins/com.st.stm32cube.ide.mcu.externaltools.gnu-tools-for-stm32.11.3.rel1.win32_1.1.0.202305231506/tools/bin/../lib/gcc/arm-none-eabi/11.3.1/../../../../arm-none-eabi/lib/thumb/v7e-m+fp/hard\libc_nano.a(libc_a-signal.o)
                0x0000000008002a78                raise
 .text._kill_r  0x0000000008002a88       0x24 O:/programs/STMicroelectronics/STM32CubeIDE_1.13.1/STM32CubeIDE/plugins/com.st.stm32cube.ide.mcu.externaltools.gnu-tools-for-stm32.11.3.rel1.win32_1.1.0.202305231506/tools/bin/../lib/gcc/arm-none-eabi/11.3.1/../../../../arm-none-eabi/lib/thumb/v7e-m+fp/hard\libc_nano.a(libc_a-signalr.o)
                0x0000000008002a88                _kill_r
 .text._getpid_r
                0x0000000008002aac        0x4 O:/programs/STMicroelectronics/STM32CubeIDE_1.13.1/STM32CubeIDE/plugins/com.st.stm32cube.ide.mcu.externaltools.gnu-tools-for-stm32.11.3.rel1.win32_1.1.0.202305231506/tools/bin/../lib/gcc/arm-none-eabi/11.3.1/../../../../arm-none-eabi/lib/thumb/v7e-m+fp/hard\libc_nano.a(libc_a-signalr.o)
                0x0000000008002aac                _getpid_r
 .text._sbrk_r  0x0000000008002ab0       0x20 O:/programs/STMicroelectronics/STM32CubeIDE_1.13.1/STM32CubeIDE/plugins/com.st.stm32cube.ide.mcu.externaltools.gnu-tools-for-stm32.11.3.rel1.win32_1.1.0.202305231506/tools/bin/../lib/gcc/arm-none-eabi/11.3.1/../../../../arm-none-eabi/lib/thumb/v7e-m+fp/hard\libc_nano.a(libc_a-sbrkr.o)
                0x0000000008002ab0                _sbrk_r
 .text.__errno  0x0000000008002ad0        0xc O:/programs/STMicroelectronics/STM32CubeIDE_1.13.1/STM32CubeIDE/plugins/com.st.stm32cube.ide.mcu.externaltools.gnu-tools-for-stm32.11.3.rel1.win32_1.1.0.202305231506/tools/bin/../lib/gcc/arm-none-eabi/11.3.1/../../../../arm-none-eabi/lib/thumb/v7e-m+fp/hard\libc_nano.a(libc_a-errno.o)
                0x0000000008002ad0                __errno
 .text.__libc_init_array
                0x0000000008002adc       0x48 O:/programs/STMicroelectronics/STM32CubeIDE_1.13.1/STM32CubeIDE/plugins/com.st.stm32cube.ide.mcu.externaltools.gnu-tools-for-stm32.11.3.rel1.win32_1.1.0.202305231506/tools/bin/../lib/gcc/arm-none-eabi/11.3.1/../../../../arm-none-eabi/lib/thumb/v7e-m+fp/hard\libc_nano.a(libc_a-init.o)
                0x0000000008002adc                __libc_init_array
 .text.__retarget_lock_acquire_recursive
                0x0000000008002b24        0x2 O:/programs/STMicroelectronics/STM32CubeIDE_1.13.1/STM32CubeIDE/plugins/com.st.stm32cube.ide.mcu.externaltools.gnu-tools-for-stm32.11.3.rel1.win32_1.1.0.202305231506/tools/bin/../lib/gcc/arm-none-eabi/11.3.1/../../../../arm-none-eabi/lib/thumb/v7e-m+fp/hard\libc_nano.a(libc_a-lock.o)
                0x0000000008002b24                __retarget_lock_acquire_recursive
 .text.__retarget_lock_release_recursive
                0x0000000008002b26        0x2 O:/programs/STMicroelectronics/STM32CubeIDE_1.13.1/STM32CubeIDE/plugins/com.st.stm32cube.ide.mcu.externaltools.gnu-tools-for-stm32.11.3.rel1.win32_1.1.0.202305231506/tools/bin/../lib/gcc/arm-none-eabi/11.3.1/../../../../arm-none-eabi/lib/thumb/v7e-m+fp/hard\libc_nano.a(libc_a-lock.o)
                0x0000000008002b26                __retarget_lock_release_recursive
 .text._free_r  0x0000000008002b28       0x98 O:/programs/STMicroelectronics/STM32CubeIDE_1.13.1/STM32CubeIDE/plugins/com.st.stm32cube.ide.mcu.externaltools.gnu-tools-for-stm32.11.3.rel1.win32_1.1.0.202305231506/tools/bin/../lib/gcc/arm-none-eabi/11.3.1/../../../../arm-none-eabi/lib/thumb/v7e-m+fp/hard\libc_nano.a(libc_a-freer.o)
                0x0000000008002b28                _free_r
 *(.glue_7)
 .glue_7        0x0000000008002bc0        0x0 linker stubs
 *(.glue_7t)
 .glue_7t       0x0000000008002bc0        0x0 linker stubs
 *(.eh_frame)
 .eh_frame      0x0000000008002bc0        0x0 O:/programs/STMicroelectronics/STM32CubeIDE_1.13.1/STM32CubeIDE/plugins/com.st.stm32cube.ide.mcu.externaltools.gnu-tools-for-stm32.11.3.rel1.win32_1.1.0.202305231506/tools/bin/../lib/gcc/arm-none-eabi/11.3.1/thumb/v7e-m+fp/hard/crtbegin.o
 *(.init)
 .init          0x0000000008002bc0        0x4 O:/programs/STMicroelectronics/STM32CubeIDE_1.13.1/STM32CubeIDE/plugins/com.st.stm32cube.ide.mcu.externaltools.gnu-tools-for-stm32.11.3.rel1.win32_1.1.0.202305231506/tools/bin/../lib/gcc/arm-none-eabi/11.3.1/thumb/v7e-m+fp/hard/crti.o
                0x0000000008002bc0                _init
 .init          0x0000000008002bc4        0x8 O:/programs/STMicroelectronics/STM32CubeIDE_1.13.1/STM32CubeIDE/plugins/com.st.stm32cube.ide.mcu.externaltools.gnu-tools-for-stm32.11.3.rel1.win32_1.1.0.202305231506/tools/bin/../lib/gcc/arm-none-eabi/11.3.1/thumb/v7e-m+fp/hard/crtn.o
 *(.fini)
 .fini          0x0000000008002bcc        0x4 O:/programs/STMicroelectronics/STM32CubeIDE_1.13.1/STM32CubeIDE/plugins/com.st.stm32cube.ide.mcu.externaltools.gnu-tools-for-stm32.11.3.rel1.win32_1.1.0.202305231506/tools/bin/../lib/gcc/arm-none-eabi/11.3.1/thumb/v7e-m+fp/hard/crti.o
                0x0000000008002bcc                _fini
 .fini          0x0000000008002bd0        0x8 O:/programs/STMicroelectronics/STM32CubeIDE_1.13.1/STM32CubeIDE/plugins/com.st.stm32cube.ide.mcu.externaltools.gnu-tools-for-stm32.11.3.rel1.win32_1.1.0.202305231506/tools/bin/../lib/gcc/arm-none-eabi/11.3.1/thumb/v7e-m+fp/hard/crtn.o
                0x0000000008002bd8                . = ALIGN (0x4)
                0x0000000008002bd8                _etext = .

.vfp11_veneer   0x0000000008002bd8        0x0
 .vfp11_veneer  0x0000000008002bd8        0x0 linker stubs

.v4_bx          0x0000000008002bd8        0x0
 .v4_bx         0x0000000008002bd8        0x0 linker stubs

.iplt           0x0000000008002bd8        0x0
 .iplt          0x0000000008002bd8        0x0 O:/programs/STMicroelectronics/STM32CubeIDE_1.13.1/STM32CubeIDE/plugins/com.st.stm32cube.ide.mcu.externaltools.gnu-tools-for-stm32.11.3.rel1.win32_1.1.0.202305231506/tools/bin/../lib/gcc/arm-none-eabi/11.3.1/thumb/v7e-m+fp/hard/crtbegin.o

.rodata         0x0000000008002bd8       0xe0
                0x0000000008002bd8                . = ALIGN (0x4)
 *(.rodata)
 .rodata        0x0000000008002bd8       0x1a ./Core/Src/mainCpp.o
 *fill*         0x0000000008002bf2        0x2 
 .rodata        0x0000000008002bf4       0x3b ./Drivers/STM32F4xx_HAL_Driver/Src/stm32f4xx_hal_cortex.o
 *fill*         0x0000000008002c2f        0x1 
 .rodata        0x0000000008002c30       0x38 ./Drivers/STM32F4xx_HAL_Driver/Src/stm32f4xx_hal_rcc.o
 .rodata        0x0000000008002c68       0x38 ./Drivers/STM32F4xx_HAL_Driver/Src/stm32f4xx_hal_tim.o
 *(.rodata*)
 .rodata.AHBPrescTable
                0x0000000008002ca0       0x10 ./Core/Src/system_stm32f4xx.o
                0x0000000008002ca0                AHBPrescTable
 .rodata.APBPrescTable
                0x0000000008002cb0        0x8 ./Core/Src/system_stm32f4xx.o
                0x0000000008002cb0                APBPrescTable
                0x0000000008002cb8                . = ALIGN (0x4)

.ARM.extab      0x0000000008002cb8        0x0
                0x0000000008002cb8                . = ALIGN (0x4)
 *(.ARM.extab* .gnu.linkonce.armextab.*)
                0x0000000008002cb8                . = ALIGN (0x4)

.ARM            0x0000000008002cb8        0x8
                0x0000000008002cb8                . = ALIGN (0x4)
                0x0000000008002cb8                __exidx_start = .
 *(.ARM.exidx*)
 .ARM.exidx     0x0000000008002cb8        0x8 O:/programs/STMicroelectronics/STM32CubeIDE_1.13.1/STM32CubeIDE/plugins/com.st.stm32cube.ide.mcu.externaltools.gnu-tools-for-stm32.11.3.rel1.win32_1.1.0.202305231506/tools/bin/../lib/gcc/arm-none-eabi/11.3.1/thumb/v7e-m+fp/hard\libgcc.a(_udivmoddi4.o)
                0x0000000008002cc0                __exidx_end = .
                0x0000000008002cc0                . = ALIGN (0x4)

.rel.dyn        0x0000000008002cc0        0x0
 .rel.iplt      0x0000000008002cc0        0x0 O:/programs/STMicroelectronics/STM32CubeIDE_1.13.1/STM32CubeIDE/plugins/com.st.stm32cube.ide.mcu.externaltools.gnu-tools-for-stm32.11.3.rel1.win32_1.1.0.202305231506/tools/bin/../lib/gcc/arm-none-eabi/11.3.1/thumb/v7e-m+fp/hard/crtbegin.o

.preinit_array  0x0000000008002cc0        0x0
                0x0000000008002cc0                . = ALIGN (0x4)
                0x0000000008002cc0                PROVIDE (__preinit_array_start = .)
 *(.preinit_array*)
                0x0000000008002cc0                PROVIDE (__preinit_array_end = .)
                0x0000000008002cc0                . = ALIGN (0x4)

.init_array     0x0000000008002cc0        0x4
                0x0000000008002cc0                . = ALIGN (0x4)
                0x0000000008002cc0                PROVIDE (__init_array_start = .)
 *(SORT_BY_NAME(.init_array.*))
 *(.init_array*)
 .init_array    0x0000000008002cc0        0x4 O:/programs/STMicroelectronics/STM32CubeIDE_1.13.1/STM32CubeIDE/plugins/com.st.stm32cube.ide.mcu.externaltools.gnu-tools-for-stm32.11.3.rel1.win32_1.1.0.202305231506/tools/bin/../lib/gcc/arm-none-eabi/11.3.1/thumb/v7e-m+fp/hard/crtbegin.o
                0x0000000008002cc4                PROVIDE (__init_array_end = .)
                0x0000000008002cc4                . = ALIGN (0x4)

.fini_array     0x0000000008002cc4        0x4
                0x0000000008002cc4                . = ALIGN (0x4)
                [!provide]                        PROVIDE (__fini_array_start = .)
 *(SORT_BY_NAME(.fini_array.*))
 *(.fini_array*)
 .fini_array    0x0000000008002cc4        0x4 O:/programs/STMicroelectronics/STM32CubeIDE_1.13.1/STM32CubeIDE/plugins/com.st.stm32cube.ide.mcu.externaltools.gnu-tools-for-stm32.11.3.rel1.win32_1.1.0.202305231506/tools/bin/../lib/gcc/arm-none-eabi/11.3.1/thumb/v7e-m+fp/hard/crtbegin.o
                [!provide]                        PROVIDE (__fini_array_end = .)
                0x0000000008002cc8                . = ALIGN (0x4)
                0x0000000008002cc8                _sidata = LOADADDR (.data)

.data           0x0000000020000000       0x5c load address 0x0000000008002cc8
                0x0000000020000000                . = ALIGN (0x4)
                0x0000000020000000                _sdata = .
 *(.data)
 *(.data*)
 .data.SystemCoreClock
                0x0000000020000000        0x4 ./Core/Src/system_stm32f4xx.o
                0x0000000020000000                SystemCoreClock
 .data.uwTickPrio
                0x0000000020000004        0x4 ./Drivers/STM32F4xx_HAL_Driver/Src/stm32f4xx_hal.o
                0x0000000020000004                uwTickPrio
 .data.uwTickFreq
                0x0000000020000008        0x1 ./Drivers/STM32F4xx_HAL_Driver/Src/stm32f4xx_hal.o
                0x0000000020000008                uwTickFreq
 *fill*         0x0000000020000009        0x3 
 .data._impure_data
                0x000000002000000c       0x4c O:/programs/STMicroelectronics/STM32CubeIDE_1.13.1/STM32CubeIDE/plugins/com.st.stm32cube.ide.mcu.externaltools.gnu-tools-for-stm32.11.3.rel1.win32_1.1.0.202305231506/tools/bin/../lib/gcc/arm-none-eabi/11.3.1/../../../../arm-none-eabi/lib/thumb/v7e-m+fp/hard\libc_nano.a(libc_a-impure.o)
                0x000000002000000c                _impure_data
 .data._impure_ptr
                0x0000000020000058        0x4 O:/programs/STMicroelectronics/STM32CubeIDE_1.13.1/STM32CubeIDE/plugins/com.st.stm32cube.ide.mcu.externaltools.gnu-tools-for-stm32.11.3.rel1.win32_1.1.0.202305231506/tools/bin/../lib/gcc/arm-none-eabi/11.3.1/../../../../arm-none-eabi/lib/thumb/v7e-m+fp/hard\libc_nano.a(libc_a-impure.o)
                0x0000000020000058                _impure_ptr
 *(.RamFunc)
 *(.RamFunc*)
                0x000000002000005c                . = ALIGN (0x4)
                0x000000002000005c                _edata = .

.igot.plt       0x000000002000005c        0x0 load address 0x0000000008002d24
 .igot.plt      0x000000002000005c        0x0 O:/programs/STMicroelectronics/STM32CubeIDE_1.13.1/STM32CubeIDE/plugins/com.st.stm32cube.ide.mcu.externaltools.gnu-tools-for-stm32.11.3.rel1.win32_1.1.0.202305231506/tools/bin/../lib/gcc/arm-none-eabi/11.3.1/thumb/v7e-m+fp/hard/crtbegin.o
                0x000000002000005c                . = ALIGN (0x4)

.bss            0x000000002000005c      0x1b8 load address 0x0000000008002d24
                0x000000002000005c                _sbss = .
                0x000000002000005c                __bss_start__ = _sbss
 *(.bss)
 .bss           0x000000002000005c       0x1c O:/programs/STMicroelectronics/STM32CubeIDE_1.13.1/STM32CubeIDE/plugins/com.st.stm32cube.ide.mcu.externaltools.gnu-tools-for-stm32.11.3.rel1.win32_1.1.0.202305231506/tools/bin/../lib/gcc/arm-none-eabi/11.3.1/thumb/v7e-m+fp/hard/crtbegin.o
 *(.bss*)
 .bss.htim11    0x0000000020000078       0x48 ./Core/Src/stm32f4xx_hal_timebase_tim.o
                0x0000000020000078                htim11
 .bss.__sbrk_heap_end
                0x00000000200000c0        0x4 ./Core/Src/sysmem.o
 .bss.uwTick    0x00000000200000c4        0x4 ./Drivers/STM32F4xx_HAL_Driver/Src/stm32f4xx_hal.o
                0x00000000200000c4                uwTick
 .bss._ZN12_GLOBAL__N_113__new_handlerE
                0x00000000200000c8        0x4 O:/programs/STMicroelectronics/STM32CubeIDE_1.13.1/STM32CubeIDE/plugins/com.st.stm32cube.ide.mcu.externaltools.gnu-tools-for-stm32.11.3.rel1.win32_1.1.0.202305231506/tools/bin/../lib/gcc/arm-none-eabi/11.3.1/../../../../arm-none-eabi/lib/thumb/v7e-m+fp/hard\libstdc++_nano.a(new_handler.o)
 .bss.__malloc_free_list
                0x00000000200000cc        0x4 O:/programs/STMicroelectronics/STM32CubeIDE_1.13.1/STM32CubeIDE/plugins/com.st.stm32cube.ide.mcu.externaltools.gnu-tools-for-stm32.11.3.rel1.win32_1.1.0.202305231506/tools/bin/../lib/gcc/arm-none-eabi/11.3.1/../../../../arm-none-eabi/lib/thumb/v7e-m+fp/hard\libc_nano.a(libc_a-mallocr.o)
                0x00000000200000cc                __malloc_free_list
 .bss.__malloc_sbrk_start
                0x00000000200000d0        0x4 O:/programs/STMicroelectronics/STM32CubeIDE_1.13.1/STM32CubeIDE/plugins/com.st.stm32cube.ide.mcu.externaltools.gnu-tools-for-stm32.11.3.rel1.win32_1.1.0.202305231506/tools/bin/../lib/gcc/arm-none-eabi/11.3.1/../../../../arm-none-eabi/lib/thumb/v7e-m+fp/hard\libc_nano.a(libc_a-mallocr.o)
                0x00000000200000d0                __malloc_sbrk_start
 .bss.__sf      0x00000000200000d4      0x138 O:/programs/STMicroelectronics/STM32CubeIDE_1.13.1/STM32CubeIDE/plugins/com.st.stm32cube.ide.mcu.externaltools.gnu-tools-for-stm32.11.3.rel1.win32_1.1.0.202305231506/tools/bin/../lib/gcc/arm-none-eabi/11.3.1/../../../../arm-none-eabi/lib/thumb/v7e-m+fp/hard\libc_nano.a(libc_a-findfp.o)
                0x00000000200000d4                __sf
 .bss.errno     0x000000002000020c        0x4 O:/programs/STMicroelectronics/STM32CubeIDE_1.13.1/STM32CubeIDE/plugins/com.st.stm32cube.ide.mcu.externaltools.gnu-tools-for-stm32.11.3.rel1.win32_1.1.0.202305231506/tools/bin/../lib/gcc/arm-none-eabi/11.3.1/../../../../arm-none-eabi/lib/thumb/v7e-m+fp/hard\libc_nano.a(libc_a-reent.o)
                0x000000002000020c                errno
 .bss.__lock___malloc_recursive_mutex
                0x0000000020000210        0x1 O:/programs/STMicroelectronics/STM32CubeIDE_1.13.1/STM32CubeIDE/plugins/com.st.stm32cube.ide.mcu.externaltools.gnu-tools-for-stm32.11.3.rel1.win32_1.1.0.202305231506/tools/bin/../lib/gcc/arm-none-eabi/11.3.1/../../../../arm-none-eabi/lib/thumb/v7e-m+fp/hard\libc_nano.a(libc_a-lock.o)
                0x0000000020000210                __lock___malloc_recursive_mutex
 *(COMMON)
                0x0000000020000214                . = ALIGN (0x4)
 *fill*         0x0000000020000211        0x3 
                0x0000000020000214                _ebss = .
                0x0000000020000214                __bss_end__ = _ebss

._user_heap_stack
                0x0000000020000214      0x604 load address 0x0000000008002d24
                0x0000000020000218                . = ALIGN (0x8)
 *fill*         0x0000000020000214        0x4 
                [!provide]                        PROVIDE (end = .)
                0x0000000020000218                PROVIDE (_end = .)
                0x0000000020000418                . = (. + _Min_Heap_Size)
 *fill*         0x0000000020000218      0x200 
                0x0000000020000818                . = (. + _Min_Stack_Size)
 *fill*         0x0000000020000418      0x400 
                0x0000000020000818                . = ALIGN (0x8)

/DISCARD/
 libc.a(*)
 libm.a(*)
 libgcc.a(*)

.ARM.attributes
                0x0000000000000000       0x30
 *(.ARM.attributes)
 .ARM.attributes
                0x0000000000000000       0x1e O:/programs/STMicroelectronics/STM32CubeIDE_1.13.1/STM32CubeIDE/plugins/com.st.stm32cube.ide.mcu.externaltools.gnu-tools-for-stm32.11.3.rel1.win32_1.1.0.202305231506/tools/bin/../lib/gcc/arm-none-eabi/11.3.1/thumb/v7e-m+fp/hard/crti.o
 .ARM.attributes
                0x000000000000001e       0x34 O:/programs/STMicroelectronics/STM32CubeIDE_1.13.1/STM32CubeIDE/plugins/com.st.stm32cube.ide.mcu.externaltools.gnu-tools-for-stm32.11.3.rel1.win32_1.1.0.202305231506/tools/bin/../lib/gcc/arm-none-eabi/11.3.1/thumb/v7e-m+fp/hard/crtbegin.o
 .ARM.attributes
                0x0000000000000052       0x34 ./Core/Src/gpio.o
 .ARM.attributes
                0x0000000000000086       0x34 ./Core/Src/main.o
 .ARM.attributes
                0x00000000000000ba       0x34 ./Core/Src/mainCpp.o
 .ARM.attributes
                0x00000000000000ee       0x34 ./Core/Src/stm32f4xx_hal_msp.o
 .ARM.attributes
                0x0000000000000122       0x34 ./Core/Src/stm32f4xx_hal_timebase_tim.o
 .ARM.attributes
                0x0000000000000156       0x34 ./Core/Src/stm32f4xx_it.o
 .ARM.attributes
                0x000000000000018a       0x34 ./Core/Src/syscalls.o
 .ARM.attributes
                0x00000000000001be       0x34 ./Core/Src/sysmem.o
 .ARM.attributes
                0x00000000000001f2       0x34 ./Core/Src/system_stm32f4xx.o
 .ARM.attributes
                0x0000000000000226       0x21 ./Core/Startup/startup_stm32f411ceux.o
 .ARM.attributes
                0x0000000000000247       0x34 ./Drivers/STM32F4xx_HAL_Driver/Src/stm32f4xx_hal.o
 .ARM.attributes
                0x000000000000027b       0x34 ./Drivers/STM32F4xx_HAL_Driver/Src/stm32f4xx_hal_cortex.o
 .ARM.attributes
                0x00000000000002af       0x34 ./Drivers/STM32F4xx_HAL_Driver/Src/stm32f4xx_hal_rcc.o
 .ARM.attributes
                0x00000000000002e3       0x34 ./Drivers/STM32F4xx_HAL_Driver/Src/stm32f4xx_hal_tim.o
 .ARM.attributes
                0x0000000000000317       0x34 ./Drivers/STM32F4xx_HAL_Driver/Src/stm32f4xx_hal_tim_ex.o
 .ARM.attributes
                0x000000000000034b       0x34 O:/programs/STMicroelectronics/STM32CubeIDE_1.13.1/STM32CubeIDE/plugins/com.st.stm32cube.ide.mcu.externaltools.gnu-tools-for-stm32.11.3.rel1.win32_1.1.0.202305231506/tools/bin/../lib/gcc/arm-none-eabi/11.3.1/../../../../arm-none-eabi/lib/thumb/v7e-m+fp/hard\libstdc++_nano.a(del_ops.o)
 .ARM.attributes
                0x000000000000037f       0x34 O:/programs/STMicroelectronics/STM32CubeIDE_1.13.1/STM32CubeIDE/plugins/com.st.stm32cube.ide.mcu.externaltools.gnu-tools-for-stm32.11.3.rel1.win32_1.1.0.202305231506/tools/bin/../lib/gcc/arm-none-eabi/11.3.1/../../../../arm-none-eabi/lib/thumb/v7e-m+fp/hard\libstdc++_nano.a(new_op.o)
 .ARM.attributes
                0x00000000000003b3       0x34 O:/programs/STMicroelectronics/STM32CubeIDE_1.13.1/STM32CubeIDE/plugins/com.st.stm32cube.ide.mcu.externaltools.gnu-tools-for-stm32.11.3.rel1.win32_1.1.0.202305231506/tools/bin/../lib/gcc/arm-none-eabi/11.3.1/../../../../arm-none-eabi/lib/thumb/v7e-m+fp/hard\libstdc++_nano.a(functexcept.o)
 .ARM.attributes
                0x00000000000003e7       0x34 O:/programs/STMicroelectronics/STM32CubeIDE_1.13.1/STM32CubeIDE/plugins/com.st.stm32cube.ide.mcu.externaltools.gnu-tools-for-stm32.11.3.rel1.win32_1.1.0.202305231506/tools/bin/../lib/gcc/arm-none-eabi/11.3.1/../../../../arm-none-eabi/lib/thumb/v7e-m+fp/hard\libstdc++_nano.a(del_op.o)
 .ARM.attributes
                0x000000000000041b       0x34 O:/programs/STMicroelectronics/STM32CubeIDE_1.13.1/STM32CubeIDE/plugins/com.st.stm32cube.ide.mcu.externaltools.gnu-tools-for-stm32.11.3.rel1.win32_1.1.0.202305231506/tools/bin/../lib/gcc/arm-none-eabi/11.3.1/../../../../arm-none-eabi/lib/thumb/v7e-m+fp/hard\libstdc++_nano.a(new_handler.o)
 .ARM.attributes
                0x000000000000044f       0x34 O:/programs/STMicroelectronics/STM32CubeIDE_1.13.1/STM32CubeIDE/plugins/com.st.stm32cube.ide.mcu.externaltools.gnu-tools-for-stm32.11.3.rel1.win32_1.1.0.202305231506/tools/bin/../lib/gcc/arm-none-eabi/11.3.1/../../../../arm-none-eabi/lib/thumb/v7e-m+fp/hard\libc_nano.a(libc_a-abort.o)
 .ARM.attributes
                0x0000000000000483       0x34 O:/programs/STMicroelectronics/STM32CubeIDE_1.13.1/STM32CubeIDE/plugins/com.st.stm32cube.ide.mcu.externaltools.gnu-tools-for-stm32.11.3.rel1.win32_1.1.0.202305231506/tools/bin/../lib/gcc/arm-none-eabi/11.3.1/../../../../arm-none-eabi/lib/thumb/v7e-m+fp/hard\libc_nano.a(libc_a-malloc.o)
 .ARM.attributes
                0x00000000000004b7       0x34 O:/programs/STMicroelectronics/STM32CubeIDE_1.13.1/STM32CubeIDE/plugins/com.st.stm32cube.ide.mcu.externaltools.gnu-tools-for-stm32.11.3.rel1.win32_1.1.0.202305231506/tools/bin/../lib/gcc/arm-none-eabi/11.3.1/../../../../arm-none-eabi/lib/thumb/v7e-m+fp/hard\libc_nano.a(libc_a-mallocr.o)
 .ARM.attributes
                0x00000000000004eb       0x34 O:/programs/STMicroelectronics/STM32CubeIDE_1.13.1/STM32CubeIDE/plugins/com.st.stm32cube.ide.mcu.externaltools.gnu-tools-for-stm32.11.3.rel1.win32_1.1.0.202305231506/tools/bin/../lib/gcc/arm-none-eabi/11.3.1/../../../../arm-none-eabi/lib/thumb/v7e-m+fp/hard\libc_nano.a(libc_a-mlock.o)
 .ARM.attributes
                0x000000000000051f       0x34 O:/programs/STMicroelectronics/STM32CubeIDE_1.13.1/STM32CubeIDE/plugins/com.st.stm32cube.ide.mcu.externaltools.gnu-tools-for-stm32.11.3.rel1.win32_1.1.0.202305231506/tools/bin/../lib/gcc/arm-none-eabi/11.3.1/../../../../arm-none-eabi/lib/thumb/v7e-m+fp/hard\libc_nano.a(libc_a-findfp.o)
 .ARM.attributes
                0x0000000000000553       0x34 O:/programs/STMicroelectronics/STM32CubeIDE_1.13.1/STM32CubeIDE/plugins/com.st.stm32cube.ide.mcu.externaltools.gnu-tools-for-stm32.11.3.rel1.win32_1.1.0.202305231506/tools/bin/../lib/gcc/arm-none-eabi/11.3.1/../../../../arm-none-eabi/lib/thumb/v7e-m+fp/hard\libc_nano.a(libc_a-memmove.o)
 .ARM.attributes
                0x0000000000000587       0x34 O:/programs/STMicroelectronics/STM32CubeIDE_1.13.1/STM32CubeIDE/plugins/com.st.stm32cube.ide.mcu.externaltools.gnu-tools-for-stm32.11.3.rel1.win32_1.1.0.202305231506/tools/bin/../lib/gcc/arm-none-eabi/11.3.1/../../../../arm-none-eabi/lib/thumb/v7e-m+fp/hard\libc_nano.a(libc_a-memset.o)
 .ARM.attributes
                0x00000000000005bb       0x34 O:/programs/STMicroelectronics/STM32CubeIDE_1.13.1/STM32CubeIDE/plugins/com.st.stm32cube.ide.mcu.externaltools.gnu-tools-for-stm32.11.3.rel1.win32_1.1.0.202305231506/tools/bin/../lib/gcc/arm-none-eabi/11.3.1/../../../../arm-none-eabi/lib/thumb/v7e-m+fp/hard\libc_nano.a(libc_a-signal.o)
 .ARM.attributes
                0x00000000000005ef       0x34 O:/programs/STMicroelectronics/STM32CubeIDE_1.13.1/STM32CubeIDE/plugins/com.st.stm32cube.ide.mcu.externaltools.gnu-tools-for-stm32.11.3.rel1.win32_1.1.0.202305231506/tools/bin/../lib/gcc/arm-none-eabi/11.3.1/../../../../arm-none-eabi/lib/thumb/v7e-m+fp/hard\libc_nano.a(libc_a-reent.o)
 .ARM.attributes
                0x0000000000000623       0x34 O:/programs/STMicroelectronics/STM32CubeIDE_1.13.1/STM32CubeIDE/plugins/com.st.stm32cube.ide.mcu.externaltools.gnu-tools-for-stm32.11.3.rel1.win32_1.1.0.202305231506/tools/bin/../lib/gcc/arm-none-eabi/11.3.1/../../../../arm-none-eabi/lib/thumb/v7e-m+fp/hard\libc_nano.a(libc_a-impure.o)
 .ARM.attributes
                0x0000000000000657       0x34 O:/programs/STMicroelectronics/STM32CubeIDE_1.13.1/STM32CubeIDE/plugins/com.st.stm32cube.ide.mcu.externaltools.gnu-tools-for-stm32.11.3.rel1.win32_1.1.0.202305231506/tools/bin/../lib/gcc/arm-none-eabi/11.3.1/../../../../arm-none-eabi/lib/thumb/v7e-m+fp/hard\libc_nano.a(libc_a-signalr.o)
 .ARM.attributes
                0x000000000000068b       0x34 O:/programs/STMicroelectronics/STM32CubeIDE_1.13.1/STM32CubeIDE/plugins/com.st.stm32cube.ide.mcu.externaltools.gnu-tools-for-stm32.11.3.rel1.win32_1.1.0.202305231506/tools/bin/../lib/gcc/arm-none-eabi/11.3.1/../../../../arm-none-eabi/lib/thumb/v7e-m+fp/hard\libc_nano.a(libc_a-sbrkr.o)
 .ARM.attributes
                0x00000000000006bf       0x34 O:/programs/STMicroelectronics/STM32CubeIDE_1.13.1/STM32CubeIDE/plugins/com.st.stm32cube.ide.mcu.externaltools.gnu-tools-for-stm32.11.3.rel1.win32_1.1.0.202305231506/tools/bin/../lib/gcc/arm-none-eabi/11.3.1/../../../../arm-none-eabi/lib/thumb/v7e-m+fp/hard\libc_nano.a(libc_a-errno.o)
 .ARM.attributes
                0x00000000000006f3       0x34 O:/programs/STMicroelectronics/STM32CubeIDE_1.13.1/STM32CubeIDE/plugins/com.st.stm32cube.ide.mcu.externaltools.gnu-tools-for-stm32.11.3.rel1.win32_1.1.0.202305231506/tools/bin/../lib/gcc/arm-none-eabi/11.3.1/../../../../arm-none-eabi/lib/thumb/v7e-m+fp/hard\libc_nano.a(libc_a-init.o)
 .ARM.attributes
                0x0000000000000727       0x34 O:/programs/STMicroelectronics/STM32CubeIDE_1.13.1/STM32CubeIDE/plugins/com.st.stm32cube.ide.mcu.externaltools.gnu-tools-for-stm32.11.3.rel1.win32_1.1.0.202305231506/tools/bin/../lib/gcc/arm-none-eabi/11.3.1/../../../../arm-none-eabi/lib/thumb/v7e-m+fp/hard\libc_nano.a(libc_a-lock.o)
 .ARM.attributes
                0x000000000000075b       0x34 O:/programs/STMicroelectronics/STM32CubeIDE_1.13.1/STM32CubeIDE/plugins/com.st.stm32cube.ide.mcu.externaltools.gnu-tools-for-stm32.11.3.rel1.win32_1.1.0.202305231506/tools/bin/../lib/gcc/arm-none-eabi/11.3.1/../../../../arm-none-eabi/lib/thumb/v7e-m+fp/hard\libc_nano.a(libc_a-freer.o)
 .ARM.attributes
                0x000000000000078f       0x1e O:/programs/STMicroelectronics/STM32CubeIDE_1.13.1/STM32CubeIDE/plugins/com.st.stm32cube.ide.mcu.externaltools.gnu-tools-for-stm32.11.3.rel1.win32_1.1.0.202305231506/tools/bin/../lib/gcc/arm-none-eabi/11.3.1/thumb/v7e-m+fp/hard\libgcc.a(_aeabi_uldivmod.o)
 .ARM.attributes
                0x00000000000007ad       0x34 O:/programs/STMicroelectronics/STM32CubeIDE_1.13.1/STM32CubeIDE/plugins/com.st.stm32cube.ide.mcu.externaltools.gnu-tools-for-stm32.11.3.rel1.win32_1.1.0.202305231506/tools/bin/../lib/gcc/arm-none-eabi/11.3.1/thumb/v7e-m+fp/hard\libgcc.a(_udivmoddi4.o)
 .ARM.attributes
                0x00000000000007e1       0x1e O:/programs/STMicroelectronics/STM32CubeIDE_1.13.1/STM32CubeIDE/plugins/com.st.stm32cube.ide.mcu.externaltools.gnu-tools-for-stm32.11.3.rel1.win32_1.1.0.202305231506/tools/bin/../lib/gcc/arm-none-eabi/11.3.1/thumb/v7e-m+fp/hard\libgcc.a(_dvmd_tls.o)
 .ARM.attributes
                0x00000000000007ff       0x1e O:/programs/STMicroelectronics/STM32CubeIDE_1.13.1/STM32CubeIDE/plugins/com.st.stm32cube.ide.mcu.externaltools.gnu-tools-for-stm32.11.3.rel1.win32_1.1.0.202305231506/tools/bin/../lib/gcc/arm-none-eabi/11.3.1/thumb/v7e-m+fp/hard/crtn.o
OUTPUT(GamingConsole.elf elf32-littlearm)
LOAD linker stubs
LOAD O:/programs/STMicroelectronics/STM32CubeIDE_1.13.1/STM32CubeIDE/plugins/com.st.stm32cube.ide.mcu.externaltools.gnu-tools-for-stm32.11.3.rel1.win32_1.1.0.202305231506/tools/bin/../lib/gcc/arm-none-eabi/11.3.1/../../../../arm-none-eabi/lib/thumb/v7e-m+fp/hard\libc.a
LOAD O:/programs/STMicroelectronics/STM32CubeIDE_1.13.1/STM32CubeIDE/plugins/com.st.stm32cube.ide.mcu.externaltools.gnu-tools-for-stm32.11.3.rel1.win32_1.1.0.202305231506/tools/bin/../lib/gcc/arm-none-eabi/11.3.1/../../../../arm-none-eabi/lib/thumb/v7e-m+fp/hard\libm.a
LOAD O:/programs/STMicroelectronics/STM32CubeIDE_1.13.1/STM32CubeIDE/plugins/com.st.stm32cube.ide.mcu.externaltools.gnu-tools-for-stm32.11.3.rel1.win32_1.1.0.202305231506/tools/bin/../lib/gcc/arm-none-eabi/11.3.1/thumb/v7e-m+fp/hard\libgcc.a

.comment        0x0000000000000000       0x43
 .comment       0x0000000000000000       0x43 O:/programs/STMicroelectronics/STM32CubeIDE_1.13.1/STM32CubeIDE/plugins/com.st.stm32cube.ide.mcu.externaltools.gnu-tools-for-stm32.11.3.rel1.win32_1.1.0.202305231506/tools/bin/../lib/gcc/arm-none-eabi/11.3.1/thumb/v7e-m+fp/hard/crtbegin.o
                                         0x44 (size before relaxing)
 .comment       0x0000000000000043       0x44 ./Core/Src/gpio.o
 .comment       0x0000000000000043       0x44 ./Core/Src/main.o
 .comment       0x0000000000000043       0x44 ./Core/Src/mainCpp.o
 .comment       0x0000000000000043       0x44 ./Core/Src/stm32f4xx_hal_msp.o
 .comment       0x0000000000000043       0x44 ./Core/Src/stm32f4xx_hal_timebase_tim.o
 .comment       0x0000000000000043       0x44 ./Core/Src/stm32f4xx_it.o
 .comment       0x0000000000000043       0x44 ./Core/Src/syscalls.o
 .comment       0x0000000000000043       0x44 ./Core/Src/sysmem.o
 .comment       0x0000000000000043       0x44 ./Core/Src/system_stm32f4xx.o
 .comment       0x0000000000000043       0x44 ./Drivers/STM32F4xx_HAL_Driver/Src/stm32f4xx_hal.o
 .comment       0x0000000000000043       0x44 ./Drivers/STM32F4xx_HAL_Driver/Src/stm32f4xx_hal_cortex.o
 .comment       0x0000000000000043       0x44 ./Drivers/STM32F4xx_HAL_Driver/Src/stm32f4xx_hal_rcc.o
 .comment       0x0000000000000043       0x44 ./Drivers/STM32F4xx_HAL_Driver/Src/stm32f4xx_hal_tim.o
 .comment       0x0000000000000043       0x44 ./Drivers/STM32F4xx_HAL_Driver/Src/stm32f4xx_hal_tim_ex.o

.debug_info     0x0000000000000000     0xdfdf
 .debug_info    0x0000000000000000      0x278 ./Core/Src/gpio.o
 .debug_info    0x0000000000000278      0xb13 ./Core/Src/main.o
 .debug_info    0x0000000000000d8b     0x525c ./Core/Src/mainCpp.o
 .debug_info    0x0000000000005fe7      0x291 ./Core/Src/stm32f4xx_hal_msp.o
 .debug_info    0x0000000000006278      0xb75 ./Core/Src/stm32f4xx_hal_timebase_tim.o
 .debug_info    0x0000000000006ded      0x6d4 ./Core/Src/stm32f4xx_it.o
 .debug_info    0x00000000000074c1      0x6a3 ./Core/Src/syscalls.o
 .debug_info    0x0000000000007b64      0x168 ./Core/Src/sysmem.o
 .debug_info    0x0000000000007ccc      0x53e ./Core/Src/system_stm32f4xx.o
 .debug_info    0x000000000000820a       0x23 ./Core/Startup/startup_stm32f411ceux.o
 .debug_info    0x000000000000822d      0x8fe ./Drivers/STM32F4xx_HAL_Driver/Src/stm32f4xx_hal.o
 .debug_info    0x0000000000008b2b      0xceb ./Drivers/STM32F4xx_HAL_Driver/Src/stm32f4xx_hal_cortex.o
 .debug_info    0x0000000000009816      0x90f ./Drivers/STM32F4xx_HAL_Driver/Src/stm32f4xx_hal_rcc.o
 .debug_info    0x000000000000a125     0x29b3 ./Drivers/STM32F4xx_HAL_Driver/Src/stm32f4xx_hal_tim.o
 .debug_info    0x000000000000cad8     0x1507 ./Drivers/STM32F4xx_HAL_Driver/Src/stm32f4xx_hal_tim_ex.o

.debug_abbrev   0x0000000000000000     0x20fc
 .debug_abbrev  0x0000000000000000       0xcb ./Core/Src/gpio.o
 .debug_abbrev  0x00000000000000cb      0x23b ./Core/Src/main.o
 .debug_abbrev  0x0000000000000306      0x87e ./Core/Src/mainCpp.o
 .debug_abbrev  0x0000000000000b84       0xd8 ./Core/Src/stm32f4xx_hal_msp.o
 .debug_abbrev  0x0000000000000c5c      0x207 ./Core/Src/stm32f4xx_hal_timebase_tim.o
 .debug_abbrev  0x0000000000000e63      0x190 ./Core/Src/stm32f4xx_it.o
 .debug_abbrev  0x0000000000000ff3      0x1b6 ./Core/Src/syscalls.o
 .debug_abbrev  0x00000000000011a9       0xbc ./Core/Src/sysmem.o
 .debug_abbrev  0x0000000000001265      0x11a ./Core/Src/system_stm32f4xx.o
 .debug_abbrev  0x000000000000137f       0x12 ./Core/Startup/startup_stm32f411ceux.o
 .debug_abbrev  0x0000000000001391      0x252 ./Drivers/STM32F4xx_HAL_Driver/Src/stm32f4xx_hal.o
 .debug_abbrev  0x00000000000015e3      0x343 ./Drivers/STM32F4xx_HAL_Driver/Src/stm32f4xx_hal_cortex.o
 .debug_abbrev  0x0000000000001926      0x2ca ./Drivers/STM32F4xx_HAL_Driver/Src/stm32f4xx_hal_rcc.o
 .debug_abbrev  0x0000000000001bf0      0x281 ./Drivers/STM32F4xx_HAL_Driver/Src/stm32f4xx_hal_tim.o
 .debug_abbrev  0x0000000000001e71      0x28b ./Drivers/STM32F4xx_HAL_Driver/Src/stm32f4xx_hal_tim_ex.o

.debug_aranges  0x0000000000000000      0xc20
 .debug_aranges
                0x0000000000000000       0x20 ./Core/Src/gpio.o
 .debug_aranges
                0x0000000000000020       0x40 ./Core/Src/main.o
 .debug_aranges
                0x0000000000000060      0x228 ./Core/Src/mainCpp.o
 .debug_aranges
                0x0000000000000288       0x20 ./Core/Src/stm32f4xx_hal_msp.o
 .debug_aranges
                0x00000000000002a8       0x30 ./Core/Src/stm32f4xx_hal_timebase_tim.o
 .debug_aranges
                0x00000000000002d8       0x68 ./Core/Src/stm32f4xx_it.o
 .debug_aranges
                0x0000000000000340       0xa8 ./Core/Src/syscalls.o
 .debug_aranges
                0x00000000000003e8       0x20 ./Core/Src/sysmem.o
 .debug_aranges
                0x0000000000000408       0x28 ./Core/Src/system_stm32f4xx.o
 .debug_aranges
                0x0000000000000430       0x28 ./Core/Startup/startup_stm32f411ceux.o
 .debug_aranges
                0x0000000000000458       0xf0 ./Drivers/STM32F4xx_HAL_Driver/Src/stm32f4xx_hal.o
 .debug_aranges
                0x0000000000000548      0x118 ./Drivers/STM32F4xx_HAL_Driver/Src/stm32f4xx_hal_cortex.o
 .debug_aranges
                0x0000000000000660       0x88 ./Drivers/STM32F4xx_HAL_Driver/Src/stm32f4xx_hal_rcc.o
 .debug_aranges
                0x00000000000006e8      0x3d0 ./Drivers/STM32F4xx_HAL_Driver/Src/stm32f4xx_hal_tim.o
 .debug_aranges
                0x0000000000000ab8      0x168 ./Drivers/STM32F4xx_HAL_Driver/Src/stm32f4xx_hal_tim_ex.o

.debug_rnglists
                0x0000000000000000      0x941
 .debug_rnglists
                0x0000000000000000       0x13 ./Core/Src/gpio.o
 .debug_rnglists
                0x0000000000000013       0x2c ./Core/Src/main.o
 .debug_rnglists
                0x000000000000003f      0x19b ./Core/Src/mainCpp.o
 .debug_rnglists
                0x00000000000001da       0x13 ./Core/Src/stm32f4xx_hal_msp.o
 .debug_rnglists
                0x00000000000001ed       0x20 ./Core/Src/stm32f4xx_hal_timebase_tim.o
 .debug_rnglists
                0x000000000000020d       0x49 ./Core/Src/stm32f4xx_it.o
 .debug_rnglists
                0x0000000000000256       0x79 ./Core/Src/syscalls.o
 .debug_rnglists
                0x00000000000002cf       0x13 ./Core/Src/sysmem.o
 .debug_rnglists
                0x00000000000002e2       0x1a ./Core/Src/system_stm32f4xx.o
 .debug_rnglists
                0x00000000000002fc       0x19 ./Core/Startup/startup_stm32f411ceux.o
 .debug_rnglists
                0x0000000000000315       0xaf ./Drivers/STM32F4xx_HAL_Driver/Src/stm32f4xx_hal.o
 .debug_rnglists
                0x00000000000003c4       0xce ./Drivers/STM32F4xx_HAL_Driver/Src/stm32f4xx_hal_cortex.o
 .debug_rnglists
                0x0000000000000492       0x66 ./Drivers/STM32F4xx_HAL_Driver/Src/stm32f4xx_hal_rcc.o
 .debug_rnglists
                0x00000000000004f8      0x321 ./Drivers/STM32F4xx_HAL_Driver/Src/stm32f4xx_hal_tim.o
 .debug_rnglists
                0x0000000000000819      0x128 ./Drivers/STM32F4xx_HAL_Driver/Src/stm32f4xx_hal_tim_ex.o

.debug_macro    0x0000000000000000    0x1a461
 .debug_macro   0x0000000000000000      0x1d8 ./Core/Src/gpio.o
 .debug_macro   0x00000000000001d8      0xaa8 ./Core/Src/gpio.o
 .debug_macro   0x0000000000000c80      0x29c ./Core/Src/gpio.o
 .debug_macro   0x0000000000000f1c       0x2e ./Core/Src/gpio.o
 .debug_macro   0x0000000000000f4a       0x28 ./Core/Src/gpio.o
 .debug_macro   0x0000000000000f72       0x22 ./Core/Src/gpio.o
 .debug_macro   0x0000000000000f94       0x8e ./Core/Src/gpio.o
 .debug_macro   0x0000000000001022       0x51 ./Core/Src/gpio.o
 .debug_macro   0x0000000000001073      0x103 ./Core/Src/gpio.o
 .debug_macro   0x0000000000001176       0x6a ./Core/Src/gpio.o
 .debug_macro   0x00000000000011e0      0x1df ./Core/Src/gpio.o
 .debug_macro   0x00000000000013bf       0x1c ./Core/Src/gpio.o
 .debug_macro   0x00000000000013db       0x22 ./Core/Src/gpio.o
 .debug_macro   0x00000000000013fd       0xd9 ./Core/Src/gpio.o
 .debug_macro   0x00000000000014d6     0x102d ./Core/Src/gpio.o
 .debug_macro   0x0000000000002503      0x11f ./Core/Src/gpio.o
 .debug_macro   0x0000000000002622     0xb953 ./Core/Src/gpio.o
 .debug_macro   0x000000000000df75       0x6d ./Core/Src/gpio.o
 .debug_macro   0x000000000000dfe2     0x367e ./Core/Src/gpio.o
 .debug_macro   0x0000000000011660      0x174 ./Core/Src/gpio.o
 .debug_macro   0x00000000000117d4       0x5c ./Core/Src/gpio.o
 .debug_macro   0x0000000000011830      0x447 ./Core/Src/gpio.o
 .debug_macro   0x0000000000011c77      0x9fe ./Core/Src/gpio.o
 .debug_macro   0x0000000000012675      0x115 ./Core/Src/gpio.o
 .debug_macro   0x000000000001278a      0x11b ./Core/Src/gpio.o
 .debug_macro   0x00000000000128a5       0xa5 ./Core/Src/gpio.o
 .debug_macro   0x000000000001294a      0x15f ./Core/Src/gpio.o
 .debug_macro   0x0000000000012aa9      0x287 ./Core/Src/gpio.o
 .debug_macro   0x0000000000012d30       0x5f ./Core/Src/gpio.o
 .debug_macro   0x0000000000012d8f      0x236 ./Core/Src/gpio.o
 .debug_macro   0x0000000000012fc5      0x132 ./Core/Src/gpio.o
 .debug_macro   0x00000000000130f7      0x264 ./Core/Src/gpio.o
 .debug_macro   0x000000000001335b       0x2e ./Core/Src/gpio.o
 .debug_macro   0x0000000000013389      0x11a ./Core/Src/gpio.o
 .debug_macro   0x00000000000134a3       0x85 ./Core/Src/gpio.o
 .debug_macro   0x0000000000013528       0x89 ./Core/Src/gpio.o
 .debug_macro   0x00000000000135b1      0x8e6 ./Core/Src/gpio.o
 .debug_macro   0x0000000000013e97       0x47 ./Core/Src/gpio.o
 .debug_macro   0x0000000000013ede      0x126 ./Core/Src/gpio.o
 .debug_macro   0x0000000000014004      0x2be ./Core/Src/main.o
 .debug_macro   0x00000000000142c2       0x61 ./Core/Src/main.o
 .debug_macro   0x0000000000014323       0x2a ./Core/Src/main.o
 .debug_macro   0x000000000001434d       0x43 ./Core/Src/main.o
 .debug_macro   0x0000000000014390       0x34 ./Core/Src/main.o
 .debug_macro   0x00000000000143c4       0x16 ./Core/Src/main.o
 .debug_macro   0x00000000000143da       0x35 ./Core/Src/main.o
 .debug_macro   0x000000000001440f      0x369 ./Core/Src/main.o
 .debug_macro   0x0000000000014778       0x10 ./Core/Src/main.o
 .debug_macro   0x0000000000014788       0x16 ./Core/Src/main.o
 .debug_macro   0x000000000001479e       0x43 ./Core/Src/main.o
 .debug_macro   0x00000000000147e1       0x34 ./Core/Src/main.o
 .debug_macro   0x0000000000014815       0x10 ./Core/Src/main.o
 .debug_macro   0x0000000000014825       0x58 ./Core/Src/main.o
 .debug_macro   0x000000000001487d       0x8e ./Core/Src/main.o
 .debug_macro   0x000000000001490b       0x1c ./Core/Src/main.o
 .debug_macro   0x0000000000014927      0x177 ./Core/Src/main.o
 .debug_macro   0x0000000000014a9e       0x16 ./Core/Src/main.o
 .debug_macro   0x0000000000014ab4       0x16 ./Core/Src/main.o
 .debug_macro   0x0000000000014aca      0x147 ./Core/Src/main.o
 .debug_macro   0x0000000000014c11      0x6ad ./Core/Src/mainCpp.o
 .debug_macro   0x00000000000152be      0xb80 ./Core/Src/mainCpp.o
 .debug_macro   0x0000000000015e3e       0x5b ./Core/Src/mainCpp.o
 .debug_macro   0x0000000000015e99       0x94 ./Core/Src/mainCpp.o
 .debug_macro   0x0000000000015f2d       0x34 ./Core/Src/mainCpp.o
 .debug_macro   0x0000000000015f61       0x57 ./Core/Src/mainCpp.o
 .debug_macro   0x0000000000015fb8       0x97 ./Core/Src/mainCpp.o
 .debug_macro   0x000000000001604f      0x38c ./Core/Src/mainCpp.o
 .debug_macro   0x00000000000163db      0x104 ./Core/Src/mainCpp.o
 .debug_macro   0x00000000000164df       0x43 ./Core/Src/mainCpp.o
 .debug_macro   0x0000000000016522       0x16 ./Core/Src/mainCpp.o
 .debug_macro   0x0000000000016538      0x139 ./Core/Src/mainCpp.o
 .debug_macro   0x0000000000016671       0x1c ./Core/Src/mainCpp.o
 .debug_macro   0x000000000001668d     0x102d ./Core/Src/mainCpp.o
 .debug_macro   0x00000000000176ba       0x56 ./Core/Src/mainCpp.o
 .debug_macro   0x0000000000017710      0x1b2 ./Core/Src/mainCpp.o
 .debug_macro   0x00000000000178c2       0x10 ./Core/Src/mainCpp.o
 .debug_macro   0x00000000000178d2      0x3ed ./Core/Src/mainCpp.o
 .debug_macro   0x0000000000017cbf       0x1c ./Core/Src/mainCpp.o
 .debug_macro   0x0000000000017cdb       0x18 ./Core/Src/mainCpp.o
 .debug_macro   0x0000000000017cf3       0x4f ./Core/Src/mainCpp.o
 .debug_macro   0x0000000000017d42       0x41 ./Core/Src/mainCpp.o
 .debug_macro   0x0000000000017d83       0x19 ./Core/Src/mainCpp.o
 .debug_macro   0x0000000000017d9c       0x28 ./Core/Src/mainCpp.o
 .debug_macro   0x0000000000017dc4       0x2e ./Core/Src/mainCpp.o
 .debug_macro   0x0000000000017df2       0x19 ./Core/Src/mainCpp.o
 .debug_macro   0x0000000000017e0b       0x88 ./Core/Src/mainCpp.o
 .debug_macro   0x0000000000017e93       0x19 ./Core/Src/mainCpp.o
 .debug_macro   0x0000000000017eac       0x22 ./Core/Src/mainCpp.o
 .debug_macro   0x0000000000017ece       0x3c ./Core/Src/mainCpp.o
 .debug_macro   0x0000000000017f0a       0x26 ./Core/Src/mainCpp.o
 .debug_macro   0x0000000000017f30      0x173 ./Core/Src/mainCpp.o
 .debug_macro   0x00000000000180a3       0x11 ./Core/Src/mainCpp.o
 .debug_macro   0x00000000000180b4       0x10 ./Core/Src/mainCpp.o
 .debug_macro   0x00000000000180c4       0x35 ./Core/Src/mainCpp.o
 .debug_macro   0x00000000000180f9       0x5e ./Core/Src/mainCpp.o
 .debug_macro   0x0000000000018157       0x16 ./Core/Src/mainCpp.o
 .debug_macro   0x000000000001816d       0x52 ./Core/Src/mainCpp.o
 .debug_macro   0x00000000000181bf       0x5e ./Core/Src/mainCpp.o
 .debug_macro   0x000000000001821d       0x11 ./Core/Src/mainCpp.o
 .debug_macro   0x000000000001822e       0x11 ./Core/Src/mainCpp.o
 .debug_macro   0x000000000001823f       0x2f ./Core/Src/mainCpp.o
 .debug_macro   0x000000000001826e       0x16 ./Core/Src/mainCpp.o
 .debug_macro   0x0000000000018284       0x10 ./Core/Src/mainCpp.o
 .debug_macro   0x0000000000018294       0x16 ./Core/Src/mainCpp.o
 .debug_macro   0x00000000000182aa       0x16 ./Core/Src/mainCpp.o
 .debug_macro   0x00000000000182c0       0x29 ./Core/Src/mainCpp.o
 .debug_macro   0x00000000000182e9       0x1c ./Core/Src/mainCpp.o
 .debug_macro   0x0000000000018305       0xde ./Core/Src/mainCpp.o
 .debug_macro   0x00000000000183e3      0x11d ./Core/Src/mainCpp.o
 .debug_macro   0x0000000000018500       0x10 ./Core/Src/mainCpp.o
 .debug_macro   0x0000000000018510      0x242 ./Core/Src/mainCpp.o
 .debug_macro   0x0000000000018752       0x11 ./Core/Src/mainCpp.o
 .debug_macro   0x0000000000018763       0x2d ./Core/Src/mainCpp.o
 .debug_macro   0x0000000000018790       0x26 ./Core/Src/mainCpp.o
 .debug_macro   0x00000000000187b6       0x20 ./Core/Src/mainCpp.o
 .debug_macro   0x00000000000187d6      0x1ce ./Core/Src/stm32f4xx_hal_msp.o
 .debug_macro   0x00000000000189a4      0x1c4 ./Core/Src/stm32f4xx_hal_timebase_tim.o
 .debug_macro   0x0000000000018b68      0x1d8 ./Core/Src/stm32f4xx_it.o
 .debug_macro   0x0000000000018d40      0x274 ./Core/Src/syscalls.o
 .debug_macro   0x0000000000018fb4       0x10 ./Core/Src/syscalls.o
 .debug_macro   0x0000000000018fc4       0x10 ./Core/Src/syscalls.o
 .debug_macro   0x0000000000018fd4       0x10 ./Core/Src/syscalls.o
 .debug_macro   0x0000000000018fe4       0x10 ./Core/Src/syscalls.o
 .debug_macro   0x0000000000018ff4       0x1c ./Core/Src/syscalls.o
 .debug_macro   0x0000000000019010       0x52 ./Core/Src/syscalls.o
 .debug_macro   0x0000000000019062       0x22 ./Core/Src/syscalls.o
 .debug_macro   0x0000000000019084       0x10 ./Core/Src/syscalls.o
 .debug_macro   0x0000000000019094       0x52 ./Core/Src/syscalls.o
 .debug_macro   0x00000000000190e6       0xcf ./Core/Src/syscalls.o
 .debug_macro   0x00000000000191b5       0x1c ./Core/Src/syscalls.o
 .debug_macro   0x00000000000191d1       0x3d ./Core/Src/syscalls.o
 .debug_macro   0x000000000001920e       0x35 ./Core/Src/syscalls.o
 .debug_macro   0x0000000000019243      0x12c ./Core/Src/syscalls.o
 .debug_macro   0x000000000001936f       0x1c ./Core/Src/syscalls.o
 .debug_macro   0x000000000001938b       0x10 ./Core/Src/syscalls.o
 .debug_macro   0x000000000001939b      0x18a ./Core/Src/syscalls.o
 .debug_macro   0x0000000000019525       0x16 ./Core/Src/syscalls.o
 .debug_macro   0x000000000001953b       0xce ./Core/Src/syscalls.o
 .debug_macro   0x0000000000019609       0xff ./Core/Src/sysmem.o
 .debug_macro   0x0000000000019708      0x23c ./Core/Src/sysmem.o
 .debug_macro   0x0000000000019944      0x1c4 ./Core/Src/system_stm32f4xx.o
 .debug_macro   0x0000000000019b08      0x224 ./Drivers/STM32F4xx_HAL_Driver/Src/stm32f4xx_hal.o
 .debug_macro   0x0000000000019d2c      0x1c4 ./Drivers/STM32F4xx_HAL_Driver/Src/stm32f4xx_hal_cortex.o
 .debug_macro   0x0000000000019ef0      0x1e8 ./Drivers/STM32F4xx_HAL_Driver/Src/stm32f4xx_hal_rcc.o
 .debug_macro   0x000000000001a0d8      0x1c5 ./Drivers/STM32F4xx_HAL_Driver/Src/stm32f4xx_hal_tim.o
 .debug_macro   0x000000000001a29d      0x1c4 ./Drivers/STM32F4xx_HAL_Driver/Src/stm32f4xx_hal_tim_ex.o

.debug_line     0x0000000000000000     0xeecc
 .debug_line    0x0000000000000000      0x6fe ./Core/Src/gpio.o
 .debug_line    0x00000000000006fe      0x928 ./Core/Src/main.o
 .debug_line    0x0000000000001026     0x1b28 ./Core/Src/mainCpp.o
 .debug_line    0x0000000000002b4e      0x703 ./Core/Src/stm32f4xx_hal_msp.o
 .debug_line    0x0000000000003251      0x770 ./Core/Src/stm32f4xx_hal_timebase_tim.o
 .debug_line    0x00000000000039c1      0x7d8 ./Core/Src/stm32f4xx_it.o
 .debug_line    0x0000000000004199      0x895 ./Core/Src/syscalls.o
 .debug_line    0x0000000000004a2e      0x566 ./Core/Src/sysmem.o
 .debug_line    0x0000000000004f94      0x784 ./Core/Src/system_stm32f4xx.o
 .debug_line    0x0000000000005718       0x7a ./Core/Startup/startup_stm32f411ceux.o
 .debug_line    0x0000000000005792      0x9fe ./Drivers/STM32F4xx_HAL_Driver/Src/stm32f4xx_hal.o
 .debug_line    0x0000000000006190      0xe5e ./Drivers/STM32F4xx_HAL_Driver/Src/stm32f4xx_hal_cortex.o
 .debug_line    0x0000000000006fee      0xf1b ./Drivers/STM32F4xx_HAL_Driver/Src/stm32f4xx_hal_rcc.o
 .debug_line    0x0000000000007f09     0x51fa ./Drivers/STM32F4xx_HAL_Driver/Src/stm32f4xx_hal_tim.o
 .debug_line    0x000000000000d103     0x1dc9 ./Drivers/STM32F4xx_HAL_Driver/Src/stm32f4xx_hal_tim_ex.o

.debug_str      0x0000000000000000    0x947df
 .debug_str     0x0000000000000000    0x84ab9 ./Core/Src/gpio.o
                                      0x84d2f (size before relaxing)
 .debug_str     0x0000000000084ab9     0x3db0 ./Core/Src/main.o
                                      0x88baf (size before relaxing)
 .debug_str     0x0000000000088869     0x7dd8 ./Core/Src/mainCpp.o
                                      0x90234 (size before relaxing)
 .debug_str     0x0000000000090641       0x2c ./Core/Src/stm32f4xx_hal_msp.o
                                      0x84d2f (size before relaxing)
 .debug_str     0x000000000009066d      0x4bd ./Core/Src/stm32f4xx_hal_timebase_tim.o
                                      0x8576f (size before relaxing)
 .debug_str     0x0000000000090b2a       0xee ./Core/Src/stm32f4xx_it.o
                                      0x85204 (size before relaxing)
 .debug_str     0x0000000000090c18     0x1b74 ./Core/Src/syscalls.o
                                       0x98ab (size before relaxing)
 .debug_str     0x000000000009278c       0x6b ./Core/Src/sysmem.o
                                       0x6062 (size before relaxing)
 .debug_str     0x00000000000927f7       0xdb ./Core/Src/system_stm32f4xx.o
                                      0x84ddf (size before relaxing)
 .debug_str     0x00000000000928d2       0x34 ./Core/Startup/startup_stm32f411ceux.o
                                         0x74 (size before relaxing)
 .debug_str     0x0000000000092906      0x5ce ./Drivers/STM32F4xx_HAL_Driver/Src/stm32f4xx_hal.o
                                      0x8582b (size before relaxing)
 .debug_str     0x0000000000092ed4      0x337 ./Drivers/STM32F4xx_HAL_Driver/Src/stm32f4xx_hal_cortex.o
                                      0x8554e (size before relaxing)
 .debug_str     0x000000000009320b      0x268 ./Drivers/STM32F4xx_HAL_Driver/Src/stm32f4xx_hal_rcc.o
                                      0x85221 (size before relaxing)
 .debug_str     0x0000000000093473      0xe69 ./Drivers/STM32F4xx_HAL_Driver/Src/stm32f4xx_hal_tim.o
                                      0x86167 (size before relaxing)
 .debug_str     0x00000000000942dc      0x503 ./Drivers/STM32F4xx_HAL_Driver/Src/stm32f4xx_hal_tim_ex.o
                                      0x85983 (size before relaxing)

.debug_frame    0x0000000000000000     0x3928
 .debug_frame   0x0000000000000000       0x38 ./Core/Src/gpio.o
 .debug_frame   0x0000000000000038       0xb4 ./Core/Src/main.o
 .debug_frame   0x00000000000000ec      0x9c8 ./Core/Src/mainCpp.o